******************************************************************************
             TMS320C2000 Linker PC v22.6.2                     
******************************************************************************
>> Linked Wed Dec 17 13:39:04 2025

OUTPUT FILE NAME:   <gpio_ex2_toggle.out>
ENTRY POINT SYMBOL: "code_start"  address: 00080000


MEMORY CONFIGURATION

         name            origin    length      used     unused   attr    fill
----------------------  --------  ---------  --------  --------  ----  --------
  RAMM0                 00000128   000002d8  00000000  000002d8  RWIX
  RAMM1                 00000400   000003f8  00000200  000001f8  RWIX
  CLATOCPU_MSGRAM       00001480   00000080  00000000  00000080  RWIX
  CPUTOCLA_MSGRAM       00001500   00000080  00000000  00000080  RWIX
  CLATODMA_MSGRAM       00001680   00000080  00000000  00000080  RWIX
  DMATOCLA_MSGRAM       00001700   00000080  00000000  00000080  RWIX
  RAMLS0                00008000   00000800  00000000  00000800  RWIX
  RAMLS1                00008800   00000800  00000000  00000800  RWIX
  RAMLS2                00009000   00000800  00000000  00000800  RWIX
  RAMLS3                00009800   00000800  00000000  00000800  RWIX
  RAMLS4                0000a000   00000800  00000000  00000800  RWIX
  RAMLS5                0000a800   00000800  0000003a  000007c6  RWIX
  RAMLS6                0000b000   00000800  00000000  00000800  RWIX
  RAMLS7                0000b800   00000800  00000000  00000800  RWIX
  RAMGS0                0000c000   00001000  00000000  00001000  RWIX
  RAMGS1                0000d000   00001000  00000000  00001000  RWIX
  RAMGS2                0000e000   00001000  00000000  00001000  RWIX
  RAMGS3                0000f000   00000ff8  00000000  00000ff8  RWIX
  FLASH_BANK0_SEC0      00080000   00001000  00000002  00000ffe  RWIX
  FLASH_BANK0_SEC1      00081000   00001000  0000014c  00000eb4  RWIX
  FLASH_BANK0_SEC2      00082000   00001000  00001000  00000000  RWIX
  FLASH_BANK0_SEC3      00083000   00001000  00001000  00000000  RWIX
  FLASH_BANK0_SEC4      00084000   00001000  00000ff5  0000000b  RWIX
  FLASH_BANK0_SEC5      00085000   00001000  00000000  00001000  RWIX
  FLASH_BANK0_SEC6      00086000   00001000  00000000  00001000  RWIX
  FLASH_BANK0_SEC7      00087000   00001000  00000000  00001000  RWIX
  FLASH_BANK0_SEC8      00088000   00001000  00000000  00001000  RWIX
  FLASH_BANK0_SEC9      00089000   00001000  00000000  00001000  RWIX
  FLASH_BANK0_SEC10     0008a000   00001000  00000000  00001000  RWIX
  FLASH_BANK0_SEC11     0008b000   00001000  00000000  00001000  RWIX
  FLASH_BANK0_SEC12     0008c000   00001000  00000000  00001000  RWIX
  FLASH_BANK0_SEC13     0008d000   00001000  00000000  00001000  RWIX
  FLASH_BANK0_SEC14     0008e000   00001000  00000000  00001000  RWIX
  FLASH_BANK0_SEC15     0008f000   00001000  00000000  00001000  RWIX
  FLASH_BANK1_SEC0      00090000   00001000  00000000  00001000  RWIX
  FLASH_BANK1_SEC1      00091000   00001000  00000000  00001000  RWIX
  FLASH_BANK1_SEC2      00092000   00001000  00000000  00001000  RWIX
  FLASH_BANK1_SEC3      00093000   00001000  00000000  00001000  RWIX
  FLASH_BANK1_SEC4      00094000   00001000  00000000  00001000  RWIX
  FLASH_BANK1_SEC5      00095000   00001000  00000000  00001000  RWIX
  FLASH_BANK1_SEC6      00096000   00001000  00000000  00001000  RWIX
  FLASH_BANK1_SEC7      00097000   00001000  00000000  00001000  RWIX
  FLASH_BANK1_SEC8      00098000   00001000  00000000  00001000  RWIX
  FLASH_BANK1_SEC9      00099000   00001000  00000000  00001000  RWIX
  FLASH_BANK1_SEC10     0009a000   00001000  00000000  00001000  RWIX
  FLASH_BANK1_SEC11     0009b000   00001000  00000000  00001000  RWIX
  FLASH_BANK1_SEC12     0009c000   00001000  00000000  00001000  RWIX
  FLASH_BANK1_SEC13     0009d000   00001000  00000000  00001000  RWIX
  FLASH_BANK1_SEC14     0009e000   00001000  00000000  00001000  RWIX
  FLASH_BANK1_SEC15     0009f000   00001000  00000000  00001000  RWIX
  FLASH_BANK2_SEC0      000a0000   00001000  00000000  00001000  RWIX
  FLASH_BANK2_SEC1      000a1000   00001000  00000000  00001000  RWIX
  FLASH_BANK2_SEC2      000a2000   00001000  00000000  00001000  RWIX
  FLASH_BANK2_SEC3      000a3000   00001000  00000000  00001000  RWIX
  FLASH_BANK2_SEC4      000a4000   00001000  00000000  00001000  RWIX
  FLASH_BANK2_SEC5      000a5000   00001000  00000000  00001000  RWIX
  FLASH_BANK2_SEC6      000a6000   00001000  00000000  00001000  RWIX
  FLASH_BANK2_SEC7      000a7000   00001000  00000000  00001000  RWIX
  FLASH_BANK2_SEC8      000a8000   00001000  00000000  00001000  RWIX
  FLASH_BANK2_SEC9      000a9000   00001000  00000000  00001000  RWIX
  FLASH_BANK2_SEC10     000aa000   00001000  00000000  00001000  RWIX
  FLASH_BANK2_SEC11     000ab000   00001000  00000000  00001000  RWIX
  FLASH_BANK2_SEC12     000ac000   00001000  00000000  00001000  RWIX
  FLASH_BANK2_SEC13     000ad000   00001000  00000000  00001000  RWIX
  FLASH_BANK2_SEC14     000ae000   00001000  00000000  00001000  RWIX
  FLASH_BANK2_SEC15     000af000   00000ff0  00000000  00000ff0  RWIX
  RESET                 003fffc0   00000002  00000000  00000002  RWIX


SECTION ALLOCATION MAP

 output                                  attributes/
section   page    origin      length       input sections
--------  ----  ----------  ----------   ----------------
.reset     0    003fffc0    00000000     DSECT

.stack     0    00000400    00000200     UNINITIALIZED
                  00000400    00000200     --HOLE--

codestart 
*          0    00080000    00000002     
                  00080000    00000002     f28003x_codestartbranch.obj (codestart)

.TI.ramfunc 
*          0    00081000    0000012e     
                  00081000    00000049     driverlib.lib : flash.obj (.TI.ramfunc:Flash_initModule)
                  00081049    0000002c                   : flash.obj (.TI.ramfunc:Flash_setBankPowerMode)
                  00081075    00000024                   : flash.obj (.TI.ramfunc:Flash_setWaitstates)
                  00081099    0000001d                   : flash.obj (.TI.ramfunc:Flash_setPumpPowerMode)
                  000810b6    00000018                   : flash.obj (.TI.ramfunc:Flash_disableCache)
                  000810ce    00000018                   : flash.obj (.TI.ramfunc:Flash_disablePrefetch)
                  000810e6    00000017                   : flash.obj (.TI.ramfunc:Flash_enableCache)
                  000810fd    00000017                   : flash.obj (.TI.ramfunc:Flash_enablePrefetch)
                  00081114    00000016                   : flash.obj (.TI.ramfunc:Flash_enableECC)
                  0008112a    00000004                   : sysctl.obj (.TI.ramfunc)

.data      0    0000a800    00000022     UNINITIALIZED
                  0000a800    00000018     final_including101protocal.obj (.data)
                  0000a818    00000006     rts2800_fpu32_eabi.lib : exit.c.obj (.data)
                  0000a81e    00000002                            : _lock.c.obj (.data:_lock)
                  0000a820    00000002                            : _lock.c.obj (.data:_unlock)

.cinit     0    00081130    0000001e     
                  00081130    0000000b     (.cinit..data.load) [load image, compression = lzss]
                  0008113b    00000001     --HOLE-- [fill = 0]
                  0008113c    00000006     (__TI_handler_table)
                  00081142    00000004     (.cinit..bss.load) [load image, compression = zero_init]
                  00081146    00000008     (__TI_cinit_table)

.init_array 
*          0    00081000    00000000     UNINITIALIZED

.bss       0    0000a822    00000018     UNINITIALIZED
                  0000a822    00000008     final_including101protocal.obj (.bss:rxMsg700)
                  0000a82a    00000008     final_including101protocal.obj (.bss:rxMsg710)
                  0000a832    00000008     final_including101protocal.obj (.bss:txMsgBuf)

.const     0    00084000    00000983     
                  00084000    00000229     board.obj (.const:.string)
                  00084229    00000001     --HOLE-- [fill = 0]
                  0008422a    0000019c     final_including101protocal.obj (.const:.string)
                  000843c6    0000009b     driverlib.lib : flash.obj (.const:.string)
                  00084461    00000001     --HOLE-- [fill = 0]
                  00084462    0000009a     device.obj (.const:.string)
                  000844fc    0000009a     driverlib.lib : sysctl.obj (.const:.string)
                  00084596    00000098                   : epwm.obj (.const:.string)
                  0008462e    00000098                   : gpio.obj (.const:.string)
                  000846c6    00000097                   : can.obj (.const:.string)
                  0008475d    00000001     --HOLE-- [fill = 0]
                  0008475e    00000097                   : sci.obj (.const:.string)
                  000847f5    00000054     final_including101protocal.obj (.const:melody)
                  00084849    00000001     --HOLE-- [fill = 0]
                  0008484a    00000051     driverlib.lib : interrupt.obj (.const:.string)
                  0008489b    00000001     --HOLE-- [fill = 0]
                  0008489c    00000050                   : cputimer.obj (.const:.string)
                  000848ec    0000004c                   : ecap.obj (.const:.string)
                  00084938    0000004b                   : adc.obj (.const:.string)

.text.1    0    00082000    00001000     
                  00082000    0000042e     board.obj (.text:SYSCTL_init)
                  0008242e    000001b9     final_including101protocal.obj (.text:main)
                  000825e7    00000123     driverlib.lib : sysctl.obj (.text:SysCtl_setClock)
                  0008270a    000000fe                   : sysctl.obj (.text:SysCtl_isPLLValid)
                  00082808    000000db                   : can.obj (.text:CAN_setupMessageObject)
                  000828e3    000000d5     board.obj (.text:EPWM_init)
                  000829b8    0000008b     board.obj (.text:myCAN0_init)
                  00082a43    00000088     rts2800_fpu32_eabi.lib : fs_div28.asm.obj (.text)
                  00082acb    00000080     board.obj (.text:PinMux_init)
                  00082b4b    0000007f     driverlib.lib : interrupt.obj (.text:Interrupt_clearIFR)
                  00082bca    0000007f     board.obj (.text:myECAP0_init)
                  00082c49    00000073     driverlib.lib : sysctl.obj (.text:DCC_setCounterSeeds)
                  00082cbc    00000072                   : can.obj (.text:CAN_sendMessage)
                  00082d2e    0000006e     final_including101protocal.obj (.text:INT_myCAN0_0_ISR)
                  00082d9c    0000006a     driverlib.lib : gpio.obj (.text:GPIO_setAnalogMode)
                  00082e06    00000066                   : can.obj (.text:CAN_readMessage)
                  00082e6c    00000065                   : sysctl.obj (.text:SysCtl_getClock)
                  00082ed1    00000064                   : can.obj (.text:CAN_setBitTiming)
                  00082f35    00000060     final_including101protocal.obj (.text:INT_myECAP0_ISR)
                  00082f95    0000005d     board.obj (.text:myADC0_init)
                  00082ff2    0000000d     driverlib.lib : interrupt.obj (.text:Interrupt_disableGlobal)
                  00082fff    00000001     device_cmd.obj (.text:generic_flash_lnk_init)

.text.2    0    00083000    00001000     
                  00083000    00000052     driverlib.lib : gpio.obj (.text:GPIO_setPadConfig)
                  00083052    00000052     final_including101protocal.obj (.text:INT_myCPUTIMER1_ISR)
                  000830a4    00000050     device.obj (.text:Device_init)
                  000830f4    0000004e     driverlib.lib : interrupt.obj (.text:Interrupt_disable)
                  00083142    0000004d                   : sysctl.obj (.text:SysCtl_selectOscSource)
                  0008318f    0000004c     final_including101protocal.obj (.text:INT_myADC0_1_ISR)
                  000831db    00000046     board.obj (.text:ADC_setupSOC)
                  00083221    00000046     driverlib.lib : can.obj (.text:CAN_clearInterruptStatus)
                  00083267    00000046                   : sysctl.obj (.text:SysCtl_selectXTAL)
                  000832ad    00000045                   : sci.obj (.text:SCI_clearInterruptStatus)
                  000832f2    00000045                   : sysctl.obj (.text:SysCtl_pollX1Counter)
                  00083337    00000040     board.obj (.text:EPWM_setActionQualifierAction)
                  00083377    0000003e     board.obj (.text:EPWM_setCounterCompareShadowLoadMode)
                  000833b5    0000003e     driverlib.lib : sci.obj (.text:SCI_setConfig)
                  000833f3    0000003d     board.obj (.text:INTERRUPT_init)
                  00083430    0000003d     driverlib.lib : interrupt.obj (.text:Interrupt_initModule)
                  0008346d    0000003b     final_including101protocal.obj (.text:EPWM_setNoteFrequency)
                  000834a8    0000003a     board.obj (.text:EPWM_setActionQualifierShadowLoadMode)
                  000834e2    00000037     driverlib.lib : gpio.obj (.text:GPIO_setControllerCore)
                  00083519    00000037                   : gpio.obj (.text:GPIO_setPinConfig)
                  00083550    00000037                   : gpio.obj (.text:GPIO_setQualificationMode)
                  00083587    00000037                   : interrupt.obj (.text:Interrupt_enable)
                  000835be    00000031                   : gpio.obj (.text:GPIO_setDirectionMode)
                  000835ef    00000030     final_including101protocal.obj (.text:ECAP_getEventTimeStamp)
                  0008361f    0000002f     board.obj (.text:ADC_setInterruptSource)
                  0008364e    0000002f     final_including101protocal.obj (.text:INT_myCAN0_1_ISR)
                  0008367d    0000002f     board.obj (.text:mySCI0_init)
                  000836ac    0000002e     board.obj (.text:ADC_setInterruptSOCTrigger)
                  000836da    0000002e     rts2800_fpu32_eabi.lib : copy_decompress_lzss.c.obj (.text:decompress:lzss)
                  00083708    0000002b     board.obj (.text:ECAP_setCaptureMode)
                  00083733    0000002b     board.obj (.text:EPWM_isBaseValid)
                  0008375e    0000002b     driverlib.lib : epwm.obj (.text:EPWM_isBaseValid)
                  00083789    0000002b     final_including101protocal.obj (.text:EPWM_isBaseValid)
                  000837b4    0000002b     rts2800_fpu32_eabi.lib : autoinit.c.obj (.text:__TI_auto_init_nobinit_nopinit)
                  000837df    00000029                            : exit.c.obj (.text)
                  00083808    00000028     driverlib.lib : adc.obj (.text:ADC_setOffsetTrimAll)
                  00083830    00000028     board.obj (.text:ECAP_setEventPrescaler)
                  00083858    00000027     driverlib.lib : adc.obj (.text:ADC_setVREF)
                  0008387f    00000027     device.obj (.text:CAN_selectClockSource)
                  000838a6    00000027     final_including101protocal.obj (.text:GPIO_writePin)
                  000838cd    00000025     board.obj (.text:ECAP_setEventPolarity)
                  000838f2    00000025     driverlib.lib : sysctl.obj (.text:SysCtl_configureType)
                  00083917    00000025                   : sysctl.obj (.text:SysCtl_selectXTALSingleEnded)
                  0008393c    00000025     board.obj (.text:myCPUTIMER0_init)
                  00083961    00000025     board.obj (.text:myCPUTIMER1_init)
                  00083986    00000024     driverlib.lib : sysctl.obj (.text:DCC_enableSingleShotMode)
                  000839aa    00000024     board.obj (.text:EPWM_disableCounterCompareShadowLoadMode)
                  000839ce    00000022     board.obj (.text:CAN_enableInterrupt)
                  000839f0    00000022     driverlib.lib : can.obj (.text:CAN_writeDataReg)
                  00083a12    00000022     board.obj (.text:EPWM_setCounterCompareValue)
                  00083a34    00000022     final_including101protocal.obj (.text:EPWM_setCounterCompareValue)
                  00083a56    00000021     board.obj (.text:ADC_disableContinuousMode)
                  00083a77    00000020     board.obj (.text:ADC_enableInterrupt)
                  00083a97    00000020     board.obj (.text:ECAP_disableInterrupt)
                  00083ab7    0000001f     final_including101protocal.obj (.text:CPUTimer_getTimerOverflowStatus)
                  00083ad6    0000001f     board.obj (.text:ECAP_enableInterrupt)
                  00083af5    0000001f     board.obj (.text:EPWM_setFallingEdgeDelayCountShadowLoadMode)
                  00083b14    0000001f     board.obj (.text:EPWM_setRisingEdgeDelayCountShadowLoadMode)
                  00083b33    0000001f     final_including101protocal.obj (.text:GPIO_togglePin)
                  00083b52    0000001e     driverlib.lib : sysctl.obj (.text:DCC_setCounter0ClkSource)
                  00083b70    0000001e                   : sysctl.obj (.text:DCC_setCounter1ClkSource)
                  00083b8e    0000001e                   : ecap.obj (.text:ECAP_setEmulationMode)
                  00083bac    0000001e     board.obj (.text:ECAP_setSyncInPulseSource)
                  00083bca    0000001e     board.obj (.text:EPWM_setPhaseShift)
                  00083be8    0000001e     driverlib.lib : interrupt.obj (.text:Interrupt_initVectorTable)
                  00083c06    0000001d     final_including101protocal.obj (.text:CAN_clearGlobalInterruptStatus)
                  00083c23    0000001d     board.obj (.text:CAN_enableGlobalInterrupt)
                  00083c40    0000001d     board.obj (.text:ECAP_clearInterrupt)
                  00083c5d    0000001d     final_including101protocal.obj (.text:ECAP_clearInterrupt)
                  00083c7a    0000001d     rts2800_fpu32_eabi.lib : memcpy.c.obj (.text)
                  00083c97    0000001c     board.obj (.text:ADC_setSOCPriority)
                  00083cb3    0000001c     driverlib.lib : can.obj (.text:CAN_initModule)
                  00083ccf    0000001c     board.obj (.text:ECAP_disableCounterResetOnEvent)
                  00083ceb    0000001c     board.obj (.text:ECAP_selectECAPInput)
                  00083d07    0000001c     board.obj (.text:ECAP_setSyncOutMode)
                  00083d23    0000001c     board.obj (.text:EPWM_setClockPrescaler)
                  00083d3f    0000001b     board.obj (.text:Board_init)
                  00083d5a    0000001b     driverlib.lib : can.obj (.text:CAN_readDataReg)
                  00083d75    0000001b     board.obj (.text:ECAP_enableCounterResetOnEvent)
                  00083d90    0000001b     board.obj (.text:SysCtl_setStandbyQualificationPeriod)
                  00083dab    0000001a     final_including101protocal.obj (.text:ADC_readResult)
                  00083dc5    0000001a     driverlib.lib : can.obj (.text:CAN_initRAM)
                  00083ddf    0000001a     board.obj (.text:CPUTimer_startTimer)
                  00083df9    0000001a     final_including101protocal.obj (.text:CPUTimer_startTimer)
                  00083e13    0000001a     board.obj (.text:EPWM_disableActionQualifierShadowLoadMode)
                  00083e2d    0000001a     driverlib.lib : sysctl.obj (.text:SysCtl_getLowSpeedClock)
                  00083e47    00000019                   : sysctl.obj (.text:SysCtl_setPLLSysClk)
                  00083e60    00000019     final_including101protocal.obj (.text:triggerUltrasonic)
                  00083e79    00000018     board.obj (.text:EPWM_disableFallingEdgeDelayCountShadowLoadMode)
                  00083e91    00000018     board.obj (.text:EPWM_disableRisingEdgeDelayCountShadowLoadMode)
                  00083ea9    00000018     board.obj (.text:EPWM_setPeriodLoadMode)
                  00083ec1    00000018     driverlib.lib : sci.obj (.text:SCI_disableModule)
                  00083ed9    00000018     board.obj (.text:SCI_performSoftwareReset)
                  00083ef1    00000018     driverlib.lib : sci.obj (.text:SCI_performSoftwareReset)
                  00083f09    00000018     board.obj (.text:SCI_resetChannels)
                  00083f21    00000017     final_including101protocal.obj (.text:ADC_forceSOC)
                  00083f38    00000017     board.obj (.text:ADC_isBaseValid)
                  00083f4f    00000017     driverlib.lib : adc.obj (.text:ADC_isBaseValid)
                  00083f66    00000017     final_including101protocal.obj (.text:ADC_isBaseValid)
                  00083f7d    00000017     board.obj (.text:ASysCtl_setAnalogReferenceExternal)
                  00083f94    00000017     board.obj (.text:CPUTimer_isBaseValid)
                  00083fab    00000017     driverlib.lib : cputimer.obj (.text:CPUTimer_isBaseValid)
                  00083fc2    00000017     final_including101protocal.obj (.text:CPUTimer_isBaseValid)
                  00083fd9    00000017     board.obj (.text:CPUTimer_setPreScaler)
                  00083ff0    00000010     board.obj (.text:CAN_isBaseValid)

.text.3    0    00084988    00000672     
                  00084988    00000017     board.obj (.text:ECAP_isBaseValid)
                  0008499f    00000017     driverlib.lib : ecap.obj (.text:ECAP_isBaseValid)
                  000849b6    00000017     final_including101protocal.obj (.text:ECAP_isBaseValid)
                  000849cd    00000017     board.obj (.text:SysCtl_enablePeripheral)
                  000849e4    00000017     driverlib.lib : sysctl.obj (.text:SysCtl_enablePeripheral)
                  000849fb    00000017     rts2800_fpu32_eabi.lib : boot28.asm.obj (.text)
                  00084a12    00000016     board.obj (.text:ADC_setInterruptCycleOffset)
                  00084a28    00000016     board.obj (.text:ADC_setInterruptPulseMode)
                  00084a3e    00000016     board.obj (.text:ADC_setPrescaler)
                  00084a54    00000016     driverlib.lib : sysctl.obj (.text:DCC_disableDoneSignal)
                  00084a6a    00000016                   : epwm.obj (.text:EPWM_setEmulationMode)
                  00084a80    00000016     board.obj (.text:EPWM_setSyncInPulseSource)
                  00084a96    00000016     driverlib.lib : interrupt.obj (.text:Interrupt_defaultHandler)
                  00084aac    00000015     board.obj (.text:ADC_disableBurstMode)
                  00084ac1    00000015     board.obj (.text:CPUTimer_enableInterrupt)
                  00084ad6    00000015     driverlib.lib : sysctl.obj (.text:DCC_clearDoneFlag)
                  00084aeb    00000015                   : sysctl.obj (.text:DCC_clearErrorFlag)
                  00084b00    00000015                   : sysctl.obj (.text:DCC_disableErrorSignal)
                  00084b15    00000015                   : sysctl.obj (.text:DCC_isBaseValid)
                  00084b2a    00000015     board.obj (.text:ECAP_disableTimeStampCapture)
                  00084b3f    00000015     board.obj (.text:ECAP_enableCaptureMode)
                  00084b54    00000015     board.obj (.text:ECAP_enableLoadCounter)
                  00084b69    00000015     board.obj (.text:ECAP_enableTimeStampCapture)
                  00084b7e    00000015     board.obj (.text:ECAP_reArm)
                  00084b93    00000015     board.obj (.text:ECAP_startCounter)
                  00084ba8    00000015     board.obj (.text:ECAP_stopCounter)
                  00084bbd    00000014     final_including101protocal.obj (.text:ADC_clearInterruptOverflowStatus)
                  00084bd1    00000014     board.obj (.text:ADC_clearInterruptStatus)
                  00084be5    00000014     final_including101protocal.obj (.text:ADC_clearInterruptStatus)
                  00084bf9    00000014     board.obj (.text:CPUTimer_reloadTimerCounter)
                  00084c0d    00000014     board.obj (.text:CPUTimer_stopTimer)
                  00084c21    00000014     driverlib.lib : sysctl.obj (.text:DCC_disableModule)
                  00084c35    00000014                   : sysctl.obj (.text:DCC_enableModule)
                  00084c49    00000014     board.obj (.text:EPWM_setTimeBaseCounterMode)
                  00084c5d    00000014     board.obj (.text:EPWM_setTimeBasePeriod)
                  00084c71    00000014     final_including101protocal.obj (.text:EPWM_setTimeBasePeriod)
                  00084c85    00000014     driverlib.lib : gpio.obj (.text:GPIO_isPinValid)
                  00084c99    00000014     final_including101protocal.obj (.text:GPIO_isPinValid)
                  00084cad    00000014     board.obj (.text:SysCtl_selectErrPinPolarity)
                  00084cc1    00000014     board.obj (.text:SysCtl_setPeripheralAccessControl)
                  00084cd5    00000014     board.obj (.text:myGPIO_echo_init)
                  00084ce9    00000014     board.obj (.text:myGPIO_trig_init)
                  00084cfd    00000014     board.obj (.text:myLED04_init)
                  00084d11    00000014     board.obj (.text:myLED05_init)
                  00084d25    00000013     board.obj (.text:ADC_enableConverter)
                  00084d38    00000013     board.obj (.text:CAN_setInterruptMux)
                  00084d4b    00000013     driverlib.lib : cputimer.obj (.text:CPUTimer_setEmulationMode)
                  00084d5e    00000013     final_including101protocal.obj (.text:ECAP_clearGlobalInterrupt)
                  00084d71    00000013     board.obj (.text:SCI_clearOverflowStatus)
                  00084d84    00000013     board.obj (.text:SCI_disableFIFO)
                  00084d97    00000013     board.obj (.text:SCI_enableModule)
                  00084daa    00000013     driverlib.lib : sci.obj (.text:SCI_enableModule)
                  00084dbd    00000013     board.obj (.text:SCI_isBaseValid)
                  00084dd0    00000013     driverlib.lib : sci.obj (.text:SCI_isBaseValid)
                  00084de3    00000012     final_including101protocal.obj (.text:CAN_getInterruptCause)
                  00084df5    00000012     final_including101protocal.obj (.text:CPUTimer_clearOverflowFlag)
                  00084e07    00000012     board.obj (.text:CPUTimer_disableInterrupt)
                  00084e19    00000012     board.obj (.text:EPWM_setTimeBaseCounter)
                  00084e2b    00000012     device.obj (.text:SysCtl_setMCANClk)
                  00084e3d    00000012     board.obj (.text:SysCtl_setSyncOutputConfig)
                  00084e4f    00000011     board.obj (.text:CAN_startModule)
                  00084e60    00000011     board.obj (.text:CPUTimer_setPeriod)
                  00084e71    00000011     board.obj (.text:ECAP_setPhaseShiftCount)
                  00084e82    00000011     board.obj (.text:EPWM_disablePhaseShiftLoad)
                  00084e93    00000011     board.obj (.text:SCI_disableLoopback)
                  00084ea4    00000010     device.obj (.text:CAN_isBaseValid)
                  00084eb4    00000010     driverlib.lib : can.obj (.text:CAN_isBaseValid)
                  00084ec4    00000010     final_including101protocal.obj (.text:CAN_isBaseValid)
                  00084ed4    00000010     driverlib.lib : flash.obj (.text:Flash_isCtrlBaseValid)
                  00084ee4    00000010                   : flash.obj (.text:Flash_isECCBaseValid)
                  00084ef4    0000000f     board.obj (.text:Interrupt_register)
                  00084f03    0000000f     final_including101protocal.obj (.text:Interrupt_register)
                  00084f12    0000000d     driverlib.lib : interrupt.obj (.text:Interrupt_enableGlobal)
                  00084f1f    0000000d     final_including101protocal.obj (.text:Interrupt_enableGlobal)
                  00084f2c    0000000d     device.obj (.text:SysCtl_setLowSpeedClock)
                  00084f39    0000000d     rts2800_fpu32_eabi.lib : copy_zero_init.c.obj (.text:decompress:ZI:__TI_zero_init_nomemset)
                  00084f46    0000000c     board.obj (.text:SysCtl_enableExtADCSOCSource)
                  00084f52    0000000c     rts2800_fpu32_eabi.lib : args_main.c.obj (.text)
                  00084f5e    0000000b     device.obj (.text:SysCtl_disableWatchdog)
                  00084f69    0000000b     driverlib.lib : sysctl.obj (.text:SysCtl_isMCDClockFailureDetected)
                  00084f74    0000000a                   : interrupt.obj (.text:Interrupt_illegalOperationHandler)
                  00084f7e    0000000a                   : interrupt.obj (.text:Interrupt_nmiHandler)
                  00084f88    0000000a     board.obj (.text:SYNC_init)
                  00084f92    00000009     board.obj (.text:GPIO_init)
                  00084f9b    00000009     rts2800_fpu32_eabi.lib : _lock.c.obj (.text)
                  00084fa4    00000008                            : copy_decompress_none.c.obj (.text:decompress:none)
                  00084fac    00000008     f28003x_codestartbranch.obj (.text)
                  00084fb4    00000007     board.obj (.text:ASysCtl_disableTemperatureSensor)
                  00084fbb    00000007     device.obj (.text:ASysCtl_lockVREG)
                  00084fc2    00000007     board.obj (.text:SysCtl_disableMCD)
                  00084fc9    00000007     driverlib.lib : sysctl.obj (.text:SysCtl_resetMCD)
                  00084fd0    00000007     device.obj (.text:__error__)
                  00084fd7    00000006     board.obj (.text:ASYSCTL_init)
                  00084fdd    00000006     final_including101protocal.obj (.text:Interrupt_clearACKGroup)
                  00084fe3    00000005     board.obj (.text:CPUTIMER_init)
                  00084fe8    00000003     board.obj (.text:ADC_init)
                  00084feb    00000003     board.obj (.text:CAN_init)
                  00084fee    00000003     device_cmd.obj (.text:CMD_init)
                  00084ff1    00000003     board.obj (.text:ECAP_init)
                  00084ff4    00000003     board.obj (.text:SCI_init)
                  00084ff7    00000002     rts2800_fpu32_eabi.lib : pre_init.c.obj (.text)
                  00084ff9    00000001                            : startup.c.obj (.text)

MODULE SUMMARY

       Module                           code    ro data   rw data
       ------                           ----    -------   -------
    .\
       final_including101protocal.obj   1549    496       48     
       f28003x_codestartbranch.obj      10      0         0      
    +--+--------------------------------+-------+---------+---------+
       Total:                           1559    496       48     
                                                                 
    .\syscfg\
       board.obj                        4254    553       0      
       device.obj                       191     154       0      
       device_cmd.obj                   4       0         0      
    +--+--------------------------------+-------+---------+---------+
       Total:                           4449    707       0      
                                                                 
    C:/ti/c2000/C2000Ware_5_05_00_00/driverlib/f28003x/driverlib/ccs/Debug/driverlib.lib
       sysctl.obj                       1389    154       0      
       can.obj                          736     151       0      
       gpio.obj                         422     152       0      
       interrupt.obj                    419     81        0      
       flash.obj                        330     155       0      
       sci.obj                          217     151       0      
       epwm.obj                         65      152       0      
       adc.obj                          102     75        0      
       ecap.obj                         53      76        0      
       cputimer.obj                     42      80        0      
    +--+--------------------------------+-------+---------+---------+
       Total:                           3775    1227      0      
                                                                 
    C:\ti\ccs1281\ccs\tools\compiler\ti-cgt-c2000_22.6.2.LTS\lib\rts2800_fpu32_eabi.lib
       fs_div28.asm.obj                 136     0         0      
       exit.c.obj                       41      0         6      
       copy_decompress_lzss.c.obj       46      0         0      
       autoinit.c.obj                   43      0         0      
       memcpy.c.obj                     29      0         0      
       boot28.asm.obj                   23      0         0      
       _lock.c.obj                      9       0         4      
       copy_zero_init.c.obj             13      0         0      
       args_main.c.obj                  12      0         0      
       copy_decompress_none.c.obj       8       0         0      
       pre_init.c.obj                   2       0         0      
       startup.c.obj                    1       0         0      
    +--+--------------------------------+-------+---------+---------+
       Total:                           363     0         10     
                                                                 
       Stack:                           0       0         512    
       Linker Generated:                0       29        0      
    +--+--------------------------------+-------+---------+---------+
       Grand Total:                     10146   2459      570    


LINKER GENERATED COPY TABLES

__TI_cinit_table @ 00081146 records: 2, size/record: 4, table size: 8
	.data: load addr=00081130, load size=0000000b bytes, run addr=0000a800, run size=00000022 bytes, compression=lzss
	.bss: load addr=00081142, load size=00000004 bytes, run addr=0000a822, run size=00000018 bytes, compression=zero_init


LINKER GENERATED HANDLER TABLE

__TI_handler_table @ 0008113c records: 3, size/record: 2, table size: 6
	index: 0, handler: __TI_zero_init
	index: 1, handler: __TI_decompress_lzss
	index: 2, handler: __TI_decompress_none


GLOBAL DATA SYMBOLS: SORTED BY DATA PAGE

address     data page           name
--------    ----------------    ----
00000400      10 (00000400)     __stack

0000a800     2a0 (0000a800)     g_distance_mm
0000a801     2a0 (0000a800)     g_measureDone
0000a802     2a0 (0000a800)     g_mainLoopTick
0000a803     2a0 (0000a800)     g_noteIndex
0000a804     2a0 (0000a800)     system_loop_cnt
0000a805     2a0 (0000a800)     adc_ch1_raw
0000a806     2a0 (0000a800)     adc_ch2_raw
0000a808     2a0 (0000a800)     count
0000a80a     2a0 (0000a800)     count2
0000a80c     2a0 (0000a800)     count3
0000a80e     2a0 (0000a800)     count4
0000a810     2a0 (0000a800)     g_echoRise
0000a812     2a0 (0000a800)     g_echoFall
0000a814     2a0 (0000a800)     g_echoDelta
0000a816     2a0 (0000a800)     g_noteRemain
0000a818     2a0 (0000a800)     __TI_enable_exit_profile_output
0000a81a     2a0 (0000a800)     __TI_cleanup_ptr
0000a81c     2a0 (0000a800)     __TI_dtors_ptr
0000a81e     2a0 (0000a800)     _lock
0000a820     2a0 (0000a800)     _unlock
0000a822     2a0 (0000a800)     rxMsg700
0000a82a     2a0 (0000a800)     rxMsg710
0000a832     2a0 (0000a800)     txMsgBuf

000847f5    211f (000847c0)     melody


GLOBAL SYMBOLS: SORTED ALPHABETICALLY BY Name 

page  address   name                             
----  -------   ----                             
0     00084fe8  ADC_init                         
0     00083808  ADC_setOffsetTrimAll             
0     00083858  ADC_setVREF                      
0     00084fd7  ASYSCTL_init                     
0     00083d3f  Board_init                       
0     000837df  C$$EXIT                          
0     00083221  CAN_clearInterruptStatus         
0     00084feb  CAN_init                         
0     00083cb3  CAN_initModule                   
0     00082e06  CAN_readMessage                  
0     00082cbc  CAN_sendMessage                  
0     00082ed1  CAN_setBitTiming                 
0     00082808  CAN_setupMessageObject           
0     00084fee  CMD_init                         
0     00084fe3  CPUTIMER_init                    
0     00084d4b  CPUTimer_setEmulationMode        
0     000830a4  Device_init                      
0     00084ff1  ECAP_init                        
0     00083b8e  ECAP_setEmulationMode            
0     000828e3  EPWM_init                        
0     00084a6a  EPWM_setEmulationMode            
0     0008346d  EPWM_setNoteFrequency            
0     00081000  Flash_initModule                 
0     00084f92  GPIO_init                        
0     00082d9c  GPIO_setAnalogMode               
0     000834e2  GPIO_setControllerCore           
0     000835be  GPIO_setDirectionMode            
0     00083000  GPIO_setPadConfig                
0     00083519  GPIO_setPinConfig                
0     00083550  GPIO_setQualificationMode        
0     000833f3  INTERRUPT_init                   
0     0008318f  INT_myADC0_1_ISR                 
0     00082d2e  INT_myCAN0_0_ISR                 
0     0008364e  INT_myCAN0_1_ISR                 
0     00083052  INT_myCPUTIMER1_ISR              
0     00082f35  INT_myECAP0_ISR                  
0     00084a96  Interrupt_defaultHandler         
0     000830f4  Interrupt_disable                
0     00083587  Interrupt_enable                 
0     00084f74  Interrupt_illegalOperationHandler
0     00083430  Interrupt_initModule             
0     00083be8  Interrupt_initVectorTable        
0     00084f7e  Interrupt_nmiHandler             
0     00082acb  PinMux_init                      
0     000832ad  SCI_clearInterruptStatus         
0     00084ff4  SCI_init                         
0     000833b5  SCI_setConfig                    
0     00084f88  SYNC_init                        
0     00082000  SYSCTL_init                      
0     000838f2  SysCtl_configureType             
0     0008112a  SysCtl_delay                     
0     00082e6c  SysCtl_getClock                  
0     00083e2d  SysCtl_getLowSpeedClock          
0     0008270a  SysCtl_isPLLValid                
0     00083142  SysCtl_selectOscSource           
0     00083267  SysCtl_selectXTAL                
0     00083917  SysCtl_selectXTALSingleEnded     
0     000825e7  SysCtl_setClock                  
0     00081146  __TI_CINIT_Base                  
0     0008114e  __TI_CINIT_Limit                 
0     0008114e  __TI_CINIT_Warm                  
0     0008113c  __TI_Handler_Table_Base          
0     00081142  __TI_Handler_Table_Limit         
0     00000600  __TI_STACK_END                   
abs   00000200  __TI_STACK_SIZE                  
0     000837b4  __TI_auto_init_nobinit_nopinit   
0     0000a81a  __TI_cleanup_ptr                 
0     000836da  __TI_decompress_lzss             
0     00084fa4  __TI_decompress_none             
0     0000a81c  __TI_dtors_ptr                   
0     0000a818  __TI_enable_exit_profile_output  
abs   ffffffff  __TI_pprof_out_hndl              
abs   ffffffff  __TI_prof_data_size              
abs   ffffffff  __TI_prof_data_start             
0     00084f39  __TI_zero_init_nomemset          
0     00082a43  __c28xabi_divf                   
n/a   UNDEFED   __c_args__                       
0     00084fd0  __error__                        
0     00000400  __stack                          
0     00084f52  _args_main                       
0     000849fb  _c_int00                         
0     0000a81e  _lock                            
0     00084fa3  _nop                             
0     00084f9f  _register_lock                   
0     00084f9b  _register_unlock                 
0     00084ff9  _system_post_cinit               
0     00084ff7  _system_pre_init                 
0     0000a820  _unlock                          
0     000837df  abort                            
0     0000a805  adc_ch1_raw                      
0     0000a806  adc_ch2_raw                      
0     00080000  code_start                       
0     0000a808  count                            
0     0000a80a  count2                           
0     0000a80c  count3                           
0     0000a80e  count4                           
0     000837e1  exit                             
0     0000a800  g_distance_mm                    
0     0000a814  g_echoDelta                      
0     0000a812  g_echoFall                       
0     0000a810  g_echoRise                       
0     0000a802  g_mainLoopTick                   
0     0000a801  g_measureDone                    
0     0000a803  g_noteIndex                      
0     0000a816  g_noteRemain                     
0     00082fff  generic_flash_lnk_init           
0     0008242e  main                             
0     000847f5  melody                           
0     00083c7a  memcpy                           
0     00082f95  myADC0_init                      
0     000829b8  myCAN0_init                      
0     0008393c  myCPUTIMER0_init                 
0     00083961  myCPUTIMER1_init                 
0     00082bca  myECAP0_init                     
0     00084cd5  myGPIO_echo_init                 
0     00084ce9  myGPIO_trig_init                 
0     00084cfd  myLED04_init                     
0     00084d11  myLED05_init                     
0     0008367d  mySCI0_init                      
0     0000a822  rxMsg700                         
0     0000a82a  rxMsg710                         
0     0000a804  system_loop_cnt                  
0     00083e60  triggerUltrasonic                
0     0000a832  txMsgBuf                         


GLOBAL SYMBOLS: SORTED BY Symbol Address 

page  address   name                             
----  -------   ----                             
0     00000400  __stack                          
0     00000600  __TI_STACK_END                   
0     0000a800  g_distance_mm                    
0     0000a801  g_measureDone                    
0     0000a802  g_mainLoopTick                   
0     0000a803  g_noteIndex                      
0     0000a804  system_loop_cnt                  
0     0000a805  adc_ch1_raw                      
0     0000a806  adc_ch2_raw                      
0     0000a808  count                            
0     0000a80a  count2                           
0     0000a80c  count3                           
0     0000a80e  count4                           
0     0000a810  g_echoRise                       
0     0000a812  g_echoFall                       
0     0000a814  g_echoDelta                      
0     0000a816  g_noteRemain                     
0     0000a818  __TI_enable_exit_profile_output  
0     0000a81a  __TI_cleanup_ptr                 
0     0000a81c  __TI_dtors_ptr                   
0     0000a81e  _lock                            
0     0000a820  _unlock                          
0     0000a822  rxMsg700                         
0     0000a82a  rxMsg710                         
0     0000a832  txMsgBuf                         
0     00080000  code_start                       
0     00081000  Flash_initModule                 
0     0008112a  SysCtl_delay                     
0     0008113c  __TI_Handler_Table_Base          
0     00081142  __TI_Handler_Table_Limit         
0     00081146  __TI_CINIT_Base                  
0     0008114e  __TI_CINIT_Limit                 
0     0008114e  __TI_CINIT_Warm                  
0     00082000  SYSCTL_init                      
0     0008242e  main                             
0     000825e7  SysCtl_setClock                  
0     0008270a  SysCtl_isPLLValid                
0     00082808  CAN_setupMessageObject           
0     000828e3  EPWM_init                        
0     000829b8  myCAN0_init                      
0     00082a43  __c28xabi_divf                   
0     00082acb  PinMux_init                      
0     00082bca  myECAP0_init                     
0     00082cbc  CAN_sendMessage                  
0     00082d2e  INT_myCAN0_0_ISR                 
0     00082d9c  GPIO_setAnalogMode               
0     00082e06  CAN_readMessage                  
0     00082e6c  SysCtl_getClock                  
0     00082ed1  CAN_setBitTiming                 
0     00082f35  INT_myECAP0_ISR                  
0     00082f95  myADC0_init                      
0     00082fff  generic_flash_lnk_init           
0     00083000  GPIO_setPadConfig                
0     00083052  INT_myCPUTIMER1_ISR              
0     000830a4  Device_init                      
0     000830f4  Interrupt_disable                
0     00083142  SysCtl_selectOscSource           
0     0008318f  INT_myADC0_1_ISR                 
0     00083221  CAN_clearInterruptStatus         
0     00083267  SysCtl_selectXTAL                
0     000832ad  SCI_clearInterruptStatus         
0     000833b5  SCI_setConfig                    
0     000833f3  INTERRUPT_init                   
0     00083430  Interrupt_initModule             
0     0008346d  EPWM_setNoteFrequency            
0     000834e2  GPIO_setControllerCore           
0     00083519  GPIO_setPinConfig                
0     00083550  GPIO_setQualificationMode        
0     00083587  Interrupt_enable                 
0     000835be  GPIO_setDirectionMode            
0     0008364e  INT_myCAN0_1_ISR                 
0     0008367d  mySCI0_init                      
0     000836da  __TI_decompress_lzss             
0     000837b4  __TI_auto_init_nobinit_nopinit   
0     000837df  C$$EXIT                          
0     000837df  abort                            
0     000837e1  exit                             
0     00083808  ADC_setOffsetTrimAll             
0     00083858  ADC_setVREF                      
0     000838f2  SysCtl_configureType             
0     00083917  SysCtl_selectXTALSingleEnded     
0     0008393c  myCPUTIMER0_init                 
0     00083961  myCPUTIMER1_init                 
0     00083b8e  ECAP_setEmulationMode            
0     00083be8  Interrupt_initVectorTable        
0     00083c7a  memcpy                           
0     00083cb3  CAN_initModule                   
0     00083d3f  Board_init                       
0     00083e2d  SysCtl_getLowSpeedClock          
0     00083e60  triggerUltrasonic                
0     000847f5  melody                           
0     000849fb  _c_int00                         
0     00084a6a  EPWM_setEmulationMode            
0     00084a96  Interrupt_defaultHandler         
0     00084cd5  myGPIO_echo_init                 
0     00084ce9  myGPIO_trig_init                 
0     00084cfd  myLED04_init                     
0     00084d11  myLED05_init                     
0     00084d4b  CPUTimer_setEmulationMode        
0     00084f39  __TI_zero_init_nomemset          
0     00084f52  _args_main                       
0     00084f74  Interrupt_illegalOperationHandler
0     00084f7e  Interrupt_nmiHandler             
0     00084f88  SYNC_init                        
0     00084f92  GPIO_init                        
0     00084f9b  _register_unlock                 
0     00084f9f  _register_lock                   
0     00084fa3  _nop                             
0     00084fa4  __TI_decompress_none             
0     00084fd0  __error__                        
0     00084fd7  ASYSCTL_init                     
0     00084fe3  CPUTIMER_init                    
0     00084fe8  ADC_init                         
0     00084feb  CAN_init                         
0     00084fee  CMD_init                         
0     00084ff1  ECAP_init                        
0     00084ff4  SCI_init                         
0     00084ff7  _system_pre_init                 
0     00084ff9  _system_post_cinit               
abs   00000200  __TI_STACK_SIZE                  
abs   ffffffff  __TI_pprof_out_hndl              
abs   ffffffff  __TI_prof_data_size              
abs   ffffffff  __TI_prof_data_start             
n/a   UNDEFED   __c_args__                       

[124 symbols]
