<?xml version="1.0" encoding="ISO-8859-1" ?>
<link_info>
   <banner>TMS320C2000 Linker PC v22.6.2.LTS</banner>
   <copyright>Copyright (c) 1996-2018 Texas Instruments Incorporated</copyright>
   <link_time>0x694233e8</link_time>
   <link_errors>0x0</link_errors>
   <output_file>gpio_ex2_toggle.out</output_file>
   <entry_point>
      <name>code_start</name>
      <address>0x80000</address>
   </entry_point>
   <input_file_list>
      <input_file id="fl-2">
         <path>.\</path>
         <kind>object</kind>
         <file>final_including101protocal.obj</file>
         <name>final_including101protocal.obj</name>
      </input_file>
      <input_file id="fl-3">
         <path>.\syscfg\</path>
         <kind>object</kind>
         <file>board.obj</file>
         <name>board.obj</name>
      </input_file>
      <input_file id="fl-4">
         <path>.\syscfg\</path>
         <kind>object</kind>
         <file>device.obj</file>
         <name>device.obj</name>
      </input_file>
      <input_file id="fl-5">
         <path>.\syscfg\</path>
         <kind>object</kind>
         <file>device_cmd.obj</file>
         <name>device_cmd.obj</name>
      </input_file>
      <input_file id="fl-6">
         <path>.\syscfg\</path>
         <kind>object</kind>
         <file>c2000ware_libraries.obj</file>
         <name>c2000ware_libraries.obj</name>
      </input_file>
      <input_file id="fl-7">
         <path>.\</path>
         <kind>object</kind>
         <file>f28003x_codestartbranch.obj</file>
         <name>f28003x_codestartbranch.obj</name>
      </input_file>
      <input_file id="fl-f">
         <kind>object</kind>
         <file>&lt;internal&gt;</file>
         <name>&lt;internal&gt;</name>
      </input_file>
      <input_file id="fl-10">
         <path>C:\ti\c2000\C2000Ware_5_05_00_00\driverlib\f28003x\driverlib\ccs\Debug\</path>
         <kind>archive</kind>
         <file>driverlib.lib</file>
         <name>adc.obj</name>
      </input_file>
      <input_file id="fl-11">
         <path>C:\ti\c2000\C2000Ware_5_05_00_00\driverlib\f28003x\driverlib\ccs\Debug\</path>
         <kind>archive</kind>
         <file>driverlib.lib</file>
         <name>can.obj</name>
      </input_file>
      <input_file id="fl-12">
         <path>C:\ti\c2000\C2000Ware_5_05_00_00\driverlib\f28003x\driverlib\ccs\Debug\</path>
         <kind>archive</kind>
         <file>driverlib.lib</file>
         <name>cputimer.obj</name>
      </input_file>
      <input_file id="fl-13">
         <path>C:\ti\c2000\C2000Ware_5_05_00_00\driverlib\f28003x\driverlib\ccs\Debug\</path>
         <kind>archive</kind>
         <file>driverlib.lib</file>
         <name>dcc.obj</name>
      </input_file>
      <input_file id="fl-14">
         <path>C:\ti\c2000\C2000Ware_5_05_00_00\driverlib\f28003x\driverlib\ccs\Debug\</path>
         <kind>archive</kind>
         <file>driverlib.lib</file>
         <name>ecap.obj</name>
      </input_file>
      <input_file id="fl-15">
         <path>C:\ti\c2000\C2000Ware_5_05_00_00\driverlib\f28003x\driverlib\ccs\Debug\</path>
         <kind>archive</kind>
         <file>driverlib.lib</file>
         <name>epwm.obj</name>
      </input_file>
      <input_file id="fl-16">
         <path>C:\ti\c2000\C2000Ware_5_05_00_00\driverlib\f28003x\driverlib\ccs\Debug\</path>
         <kind>archive</kind>
         <file>driverlib.lib</file>
         <name>flash.obj</name>
      </input_file>
      <input_file id="fl-17">
         <path>C:\ti\c2000\C2000Ware_5_05_00_00\driverlib\f28003x\driverlib\ccs\Debug\</path>
         <kind>archive</kind>
         <file>driverlib.lib</file>
         <name>gpio.obj</name>
      </input_file>
      <input_file id="fl-18">
         <path>C:\ti\c2000\C2000Ware_5_05_00_00\driverlib\f28003x\driverlib\ccs\Debug\</path>
         <kind>archive</kind>
         <file>driverlib.lib</file>
         <name>interrupt.obj</name>
      </input_file>
      <input_file id="fl-19">
         <path>C:\ti\c2000\C2000Ware_5_05_00_00\driverlib\f28003x\driverlib\ccs\Debug\</path>
         <kind>archive</kind>
         <file>driverlib.lib</file>
         <name>sci.obj</name>
      </input_file>
      <input_file id="fl-1a">
         <path>C:\ti\c2000\C2000Ware_5_05_00_00\driverlib\f28003x\driverlib\ccs\Debug\</path>
         <kind>archive</kind>
         <file>driverlib.lib</file>
         <name>sysctl.obj</name>
      </input_file>
      <input_file id="fl-26">
         <path>C:\ti\ccs1281\ccs\tools\compiler\ti-cgt-c2000_22.6.2.LTS\lib\</path>
         <kind>archive</kind>
         <file>rts2800_fpu32_eabi.lib</file>
         <name>boot28.asm.obj</name>
      </input_file>
      <input_file id="fl-27">
         <path>C:\ti\ccs1281\ccs\tools\compiler\ti-cgt-c2000_22.6.2.LTS\lib\</path>
         <kind>archive</kind>
         <file>rts2800_fpu32_eabi.lib</file>
         <name>fs_div28.asm.obj</name>
      </input_file>
      <input_file id="fl-28">
         <path>C:\ti\ccs1281\ccs\tools\compiler\ti-cgt-c2000_22.6.2.LTS\lib\</path>
         <kind>archive</kind>
         <file>rts2800_fpu32_eabi.lib</file>
         <name>pre_init.c.obj</name>
      </input_file>
      <input_file id="fl-29">
         <path>C:\ti\ccs1281\ccs\tools\compiler\ti-cgt-c2000_22.6.2.LTS\lib\</path>
         <kind>archive</kind>
         <file>rts2800_fpu32_eabi.lib</file>
         <name>autoinit.c.obj</name>
      </input_file>
      <input_file id="fl-2a">
         <path>C:\ti\ccs1281\ccs\tools\compiler\ti-cgt-c2000_22.6.2.LTS\lib\</path>
         <kind>archive</kind>
         <file>rts2800_fpu32_eabi.lib</file>
         <name>copy_zero_init.c.obj</name>
      </input_file>
      <input_file id="fl-2b">
         <path>C:\ti\ccs1281\ccs\tools\compiler\ti-cgt-c2000_22.6.2.LTS\lib\</path>
         <kind>archive</kind>
         <file>rts2800_fpu32_eabi.lib</file>
         <name>copy_decompress_none.c.obj</name>
      </input_file>
      <input_file id="fl-2c">
         <path>C:\ti\ccs1281\ccs\tools\compiler\ti-cgt-c2000_22.6.2.LTS\lib\</path>
         <kind>archive</kind>
         <file>rts2800_fpu32_eabi.lib</file>
         <name>copy_decompress_lzss.c.obj</name>
      </input_file>
      <input_file id="fl-2d">
         <path>C:\ti\ccs1281\ccs\tools\compiler\ti-cgt-c2000_22.6.2.LTS\lib\</path>
         <kind>archive</kind>
         <file>rts2800_fpu32_eabi.lib</file>
         <name>exit.c.obj</name>
      </input_file>
      <input_file id="fl-2e">
         <path>C:\ti\ccs1281\ccs\tools\compiler\ti-cgt-c2000_22.6.2.LTS\lib\</path>
         <kind>archive</kind>
         <file>rts2800_fpu32_eabi.lib</file>
         <name>_lock.c.obj</name>
      </input_file>
      <input_file id="fl-2f">
         <path>C:\ti\ccs1281\ccs\tools\compiler\ti-cgt-c2000_22.6.2.LTS\lib\</path>
         <kind>archive</kind>
         <file>rts2800_fpu32_eabi.lib</file>
         <name>args_main.c.obj</name>
      </input_file>
      <input_file id="fl-30">
         <path>C:\ti\ccs1281\ccs\tools\compiler\ti-cgt-c2000_22.6.2.LTS\lib\</path>
         <kind>archive</kind>
         <file>rts2800_fpu32_eabi.lib</file>
         <name>memset.c.obj</name>
      </input_file>
      <input_file id="fl-31">
         <path>C:\ti\ccs1281\ccs\tools\compiler\ti-cgt-c2000_22.6.2.LTS\lib\</path>
         <kind>archive</kind>
         <file>rts2800_fpu32_eabi.lib</file>
         <name>cpy_tbl.c.obj</name>
      </input_file>
      <input_file id="fl-32">
         <path>C:\ti\ccs1281\ccs\tools\compiler\ti-cgt-c2000_22.6.2.LTS\lib\</path>
         <kind>archive</kind>
         <file>rts2800_fpu32_eabi.lib</file>
         <name>memcpy.c.obj</name>
      </input_file>
      <input_file id="fl-33">
         <path>C:\ti\ccs1281\ccs\tools\compiler\ti-cgt-c2000_22.6.2.LTS\lib\</path>
         <kind>archive</kind>
         <file>rts2800_fpu32_eabi.lib</file>
         <name>startup.c.obj</name>
      </input_file>
   </input_file_list>
   <object_component_list>
      <object_component id="oc-1e">
         <name>codestart</name>
         <load_address>0x80000</load_address>
         <run_address>0x80000</run_address>
         <size>0x2</size>
         <input_file_ref idref="fl-7"/>
      </object_component>
      <object_component id="oc-1d8">
         <name>.text:SYSCTL_init</name>
         <load_address>0x82000</load_address>
         <run_address>0x82000</run_address>
         <size>0x42e</size>
         <input_file_ref idref="fl-3"/>
      </object_component>
      <object_component id="oc-29">
         <name>.text:main</name>
         <load_address>0x8242e</load_address>
         <run_address>0x8242e</run_address>
         <size>0x1b9</size>
         <input_file_ref idref="fl-2"/>
      </object_component>
      <object_component id="oc-198">
         <name>.text:SysCtl_setClock</name>
         <load_address>0x825e7</load_address>
         <run_address>0x825e7</run_address>
         <size>0x123</size>
         <input_file_ref idref="fl-1a"/>
      </object_component>
      <object_component id="oc-2f2">
         <name>.text:SysCtl_isPLLValid</name>
         <load_address>0x8270a</load_address>
         <run_address>0x8270a</run_address>
         <size>0xfe</size>
         <input_file_ref idref="fl-1a"/>
      </object_component>
      <object_component id="oc-546">
         <name>.text:CAN_setupMessageObject</name>
         <load_address>0x82808</load_address>
         <run_address>0x82808</run_address>
         <size>0xdb</size>
         <input_file_ref idref="fl-11"/>
      </object_component>
      <object_component id="oc-202">
         <name>.text:EPWM_init</name>
         <load_address>0x828e3</load_address>
         <run_address>0x828e3</run_address>
         <size>0xd5</size>
         <input_file_ref idref="fl-3"/>
      </object_component>
      <object_component id="oc-366">
         <name>.text:myCAN0_init</name>
         <load_address>0x829b8</load_address>
         <run_address>0x829b8</run_address>
         <size>0x8b</size>
         <input_file_ref idref="fl-3"/>
      </object_component>
      <object_component id="oc-de">
         <name>.text</name>
         <load_address>0x82a43</load_address>
         <run_address>0x82a43</run_address>
         <size>0x88</size>
         <input_file_ref idref="fl-27"/>
      </object_component>
      <object_component id="oc-1d2">
         <name>.text:PinMux_init</name>
         <load_address>0x82acb</load_address>
         <run_address>0x82acb</run_address>
         <size>0x80</size>
         <input_file_ref idref="fl-3"/>
      </object_component>
      <object_component id="oc-248">
         <name>.text:Interrupt_clearIFR</name>
         <load_address>0x82b4b</load_address>
         <run_address>0x82b4b</run_address>
         <size>0x7f</size>
         <input_file_ref idref="fl-18"/>
      </object_component>
      <object_component id="oc-37a">
         <name>.text:myECAP0_init</name>
         <load_address>0x82bca</load_address>
         <run_address>0x82bca</run_address>
         <size>0x7f</size>
         <input_file_ref idref="fl-3"/>
      </object_component>
      <object_component id="oc-4b1">
         <name>.text:DCC_setCounterSeeds</name>
         <load_address>0x82c49</load_address>
         <run_address>0x82c49</run_address>
         <size>0x73</size>
         <input_file_ref idref="fl-1a"/>
      </object_component>
      <object_component id="oc-e6">
         <name>.text:CAN_sendMessage</name>
         <load_address>0x82cbc</load_address>
         <run_address>0x82cbc</run_address>
         <size>0x72</size>
         <input_file_ref idref="fl-11"/>
      </object_component>
      <object_component id="oc-3b">
         <name>.text:INT_myCAN0_0_ISR</name>
         <load_address>0x82d2e</load_address>
         <run_address>0x82d2e</run_address>
         <size>0x6e</size>
         <input_file_ref idref="fl-2"/>
      </object_component>
      <object_component id="oc-1c3">
         <name>.text:GPIO_setAnalogMode</name>
         <load_address>0x82d9c</load_address>
         <run_address>0x82d9c</run_address>
         <size>0x6a</size>
         <input_file_ref idref="fl-17"/>
      </object_component>
      <object_component id="oc-120">
         <name>.text:CAN_readMessage</name>
         <load_address>0x82e06</load_address>
         <run_address>0x82e06</run_address>
         <size>0x66</size>
         <input_file_ref idref="fl-11"/>
      </object_component>
      <object_component id="oc-1b0">
         <name>.text:SysCtl_getClock</name>
         <load_address>0x82e6c</load_address>
         <run_address>0x82e6c</run_address>
         <size>0x65</size>
         <input_file_ref idref="fl-1a"/>
      </object_component>
      <object_component id="oc-534">
         <name>.text:CAN_setBitTiming</name>
         <load_address>0x82ed1</load_address>
         <run_address>0x82ed1</run_address>
         <size>0x64</size>
         <input_file_ref idref="fl-11"/>
      </object_component>
      <object_component id="oc-41">
         <name>.text:INT_myECAP0_ISR</name>
         <load_address>0x82f35</load_address>
         <run_address>0x82f35</run_address>
         <size>0x60</size>
         <input_file_ref idref="fl-2"/>
      </object_component>
      <object_component id="oc-35f">
         <name>.text:myADC0_init</name>
         <load_address>0x82f95</load_address>
         <run_address>0x82f95</run_address>
         <size>0x5d</size>
         <input_file_ref idref="fl-3"/>
      </object_component>
      <object_component id="oc-1cb">
         <name>.text:Interrupt_disableGlobal</name>
         <load_address>0x82ff2</load_address>
         <run_address>0x82ff2</run_address>
         <size>0xd</size>
         <input_file_ref idref="fl-18"/>
      </object_component>
      <object_component id="oc-298">
         <name>.text:generic_flash_lnk_init</name>
         <load_address>0x82fff</load_address>
         <run_address>0x82fff</run_address>
         <size>0x1</size>
         <input_file_ref idref="fl-5"/>
      </object_component>
      <object_component id="oc-313">
         <name>.text:GPIO_setPadConfig</name>
         <load_address>0x83000</load_address>
         <run_address>0x83000</run_address>
         <size>0x52</size>
         <input_file_ref idref="fl-17"/>
      </object_component>
      <object_component id="oc-23">
         <name>.text:INT_myCPUTIMER1_ISR</name>
         <load_address>0x83052</load_address>
         <run_address>0x83052</run_address>
         <size>0x52</size>
         <input_file_ref idref="fl-2"/>
      </object_component>
      <object_component id="oc-9c">
         <name>.text:Device_init</name>
         <load_address>0x830a4</load_address>
         <run_address>0x830a4</run_address>
         <size>0x50</size>
         <input_file_ref idref="fl-4"/>
      </object_component>
      <object_component id="oc-ff">
         <name>.text:Interrupt_disable</name>
         <load_address>0x830f4</load_address>
         <run_address>0x830f4</run_address>
         <size>0x4e</size>
         <input_file_ref idref="fl-18"/>
      </object_component>
      <object_component id="oc-2e6">
         <name>.text:SysCtl_selectOscSource</name>
         <load_address>0x83142</load_address>
         <run_address>0x83142</run_address>
         <size>0x4d</size>
         <input_file_ref idref="fl-1a"/>
      </object_component>
      <object_component id="oc-35">
         <name>.text:INT_myADC0_1_ISR</name>
         <load_address>0x8318f</load_address>
         <run_address>0x8318f</run_address>
         <size>0x4c</size>
         <input_file_ref idref="fl-2"/>
      </object_component>
      <object_component id="oc-509">
         <name>.text:ADC_setupSOC</name>
         <load_address>0x831db</load_address>
         <run_address>0x831db</run_address>
         <size>0x46</size>
         <input_file_ref idref="fl-3"/>
      </object_component>
      <object_component id="oc-126">
         <name>.text:CAN_clearInterruptStatus</name>
         <load_address>0x83221</load_address>
         <run_address>0x83221</run_address>
         <size>0x46</size>
         <input_file_ref idref="fl-11"/>
      </object_component>
      <object_component id="oc-473">
         <name>.text:SysCtl_selectXTAL</name>
         <load_address>0x83267</load_address>
         <run_address>0x83267</run_address>
         <size>0x46</size>
         <input_file_ref idref="fl-1a"/>
      </object_component>
      <object_component id="oc-635">
         <name>.text:SCI_clearInterruptStatus</name>
         <load_address>0x832ad</load_address>
         <run_address>0x832ad</run_address>
         <size>0x45</size>
         <input_file_ref idref="fl-19"/>
      </object_component>
      <object_component id="oc-68f">
         <name>.text:SysCtl_pollX1Counter</name>
         <load_address>0x832f2</load_address>
         <run_address>0x832f2</run_address>
         <size>0x45</size>
         <input_file_ref idref="fl-1a"/>
      </object_component>
      <object_component id="oc-3d5">
         <name>.text:EPWM_setActionQualifierAction</name>
         <load_address>0x83337</load_address>
         <run_address>0x83337</run_address>
         <size>0x40</size>
         <input_file_ref idref="fl-3"/>
      </object_component>
      <object_component id="oc-3c3">
         <name>.text:EPWM_setCounterCompareShadowLoadMode</name>
         <load_address>0x83377</load_address>
         <run_address>0x83377</run_address>
         <size>0x3e</size>
         <input_file_ref idref="fl-3"/>
      </object_component>
      <object_component id="oc-64d">
         <name>.text:SCI_setConfig</name>
         <load_address>0x833b5</load_address>
         <run_address>0x833b5</run_address>
         <size>0x3e</size>
         <input_file_ref idref="fl-19"/>
      </object_component>
      <object_component id="oc-2f">
         <name>.text:INTERRUPT_init</name>
         <load_address>0x833f3</load_address>
         <run_address>0x833f3</run_address>
         <size>0x3d</size>
         <input_file_ref idref="fl-3"/>
      </object_component>
      <object_component id="oc-a2">
         <name>.text:Interrupt_initModule</name>
         <load_address>0x83430</load_address>
         <run_address>0x83430</run_address>
         <size>0x3d</size>
         <input_file_ref idref="fl-18"/>
      </object_component>
      <object_component id="oc-88">
         <name>.text:EPWM_setNoteFrequency</name>
         <load_address>0x8346d</load_address>
         <run_address>0x8346d</run_address>
         <size>0x3b</size>
         <input_file_ref idref="fl-2"/>
      </object_component>
      <object_component id="oc-3cf">
         <name>.text:EPWM_setActionQualifierShadowLoadMode</name>
         <load_address>0x834a8</load_address>
         <run_address>0x834a8</run_address>
         <size>0x3a</size>
         <input_file_ref idref="fl-3"/>
      </object_component>
      <object_component id="oc-62b">
         <name>.text:GPIO_setControllerCore</name>
         <load_address>0x834e2</load_address>
         <run_address>0x834e2</run_address>
         <size>0x37</size>
         <input_file_ref idref="fl-17"/>
      </object_component>
      <object_component id="oc-30d">
         <name>.text:GPIO_setPinConfig</name>
         <load_address>0x83519</load_address>
         <run_address>0x83519</run_address>
         <size>0x37</size>
         <input_file_ref idref="fl-17"/>
      </object_component>
      <object_component id="oc-319">
         <name>.text:GPIO_setQualificationMode</name>
         <load_address>0x83550</load_address>
         <run_address>0x83550</run_address>
         <size>0x37</size>
         <input_file_ref idref="fl-17"/>
      </object_component>
      <object_component id="oc-b4">
         <name>.text:Interrupt_enable</name>
         <load_address>0x83587</load_address>
         <run_address>0x83587</run_address>
         <size>0x37</size>
         <input_file_ref idref="fl-18"/>
      </object_component>
      <object_component id="oc-625">
         <name>.text:GPIO_setDirectionMode</name>
         <load_address>0x835be</load_address>
         <run_address>0x835be</run_address>
         <size>0x31</size>
         <input_file_ref idref="fl-17"/>
      </object_component>
      <object_component id="oc-133">
         <name>.text:ECAP_getEventTimeStamp</name>
         <load_address>0x835ef</load_address>
         <run_address>0x835ef</run_address>
         <size>0x30</size>
         <input_file_ref idref="fl-2"/>
      </object_component>
      <object_component id="oc-515">
         <name>.text:ADC_setInterruptSource</name>
         <load_address>0x8361f</load_address>
         <run_address>0x8361f</run_address>
         <size>0x2f</size>
         <input_file_ref idref="fl-3"/>
      </object_component>
      <object_component id="oc-47">
         <name>.text:INT_myCAN0_1_ISR</name>
         <load_address>0x8364e</load_address>
         <run_address>0x8364e</run_address>
         <size>0x2f</size>
         <input_file_ref idref="fl-2"/>
      </object_component>
      <object_component id="oc-40d">
         <name>.text:mySCI0_init</name>
         <load_address>0x8367d</load_address>
         <run_address>0x8367d</run_address>
         <size>0x2f</size>
         <input_file_ref idref="fl-3"/>
      </object_component>
      <object_component id="oc-50f">
         <name>.text:ADC_setInterruptSOCTrigger</name>
         <load_address>0x836ac</load_address>
         <run_address>0x836ac</run_address>
         <size>0x2e</size>
         <input_file_ref idref="fl-3"/>
      </object_component>
      <object_component id="oc-11">
         <name>.text:decompress:lzss</name>
         <load_address>0x836da</load_address>
         <run_address>0x836da</run_address>
         <size>0x2e</size>
         <input_file_ref idref="fl-2c"/>
      </object_component>
      <object_component id="oc-5a9">
         <name>.text:ECAP_setCaptureMode</name>
         <load_address>0x83708</load_address>
         <run_address>0x83708</run_address>
         <size>0x2b</size>
         <input_file_ref idref="fl-3"/>
      </object_component>
      <object_component id="oc-60d">
         <name>.text:EPWM_isBaseValid</name>
         <load_address>0x83733</load_address>
         <run_address>0x83733</run_address>
         <size>0x2b</size>
         <input_file_ref idref="fl-3"/>
      </object_component>
      <object_component id="oc-604">
         <name>.text:EPWM_isBaseValid</name>
         <load_address>0x8375e</load_address>
         <run_address>0x8375e</run_address>
         <size>0x2b</size>
         <input_file_ref idref="fl-15"/>
      </object_component>
      <object_component id="oc-28d">
         <name>.text:EPWM_isBaseValid</name>
         <load_address>0x83789</load_address>
         <run_address>0x83789</run_address>
         <size>0x2b</size>
         <input_file_ref idref="fl-2"/>
      </object_component>
      <object_component id="oc-426">
         <name>.text:__TI_auto_init_nobinit_nopinit</name>
         <load_address>0x837b4</load_address>
         <run_address>0x837b4</run_address>
         <size>0x2b</size>
         <input_file_ref idref="fl-29"/>
      </object_component>
      <object_component id="oc-286">
         <name>.text</name>
         <load_address>0x837df</load_address>
         <run_address>0x837df</run_address>
         <size>0x29</size>
         <input_file_ref idref="fl-2d"/>
      </object_component>
      <object_component id="oc-6b6">
         <name>.text:ADC_setOffsetTrimAll</name>
         <load_address>0x83808</load_address>
         <run_address>0x83808</run_address>
         <size>0x28</size>
         <input_file_ref idref="fl-10"/>
      </object_component>
      <object_component id="oc-5af">
         <name>.text:ECAP_setEventPrescaler</name>
         <load_address>0x83830</load_address>
         <run_address>0x83830</run_address>
         <size>0x28</size>
         <input_file_ref idref="fl-3"/>
      </object_component>
      <object_component id="oc-4df">
         <name>.text:ADC_setVREF</name>
         <load_address>0x83858</load_address>
         <run_address>0x83858</run_address>
         <size>0x27</size>
         <input_file_ref idref="fl-10"/>
      </object_component>
      <object_component id="oc-1a4">
         <name>.text:CAN_selectClockSource</name>
         <load_address>0x8387f</load_address>
         <run_address>0x8387f</run_address>
         <size>0x27</size>
         <input_file_ref idref="fl-4"/>
      </object_component>
      <object_component id="oc-c6">
         <name>.text:GPIO_writePin</name>
         <load_address>0x838a6</load_address>
         <run_address>0x838a6</run_address>
         <size>0x27</size>
         <input_file_ref idref="fl-2"/>
      </object_component>
      <object_component id="oc-5b5">
         <name>.text:ECAP_setEventPolarity</name>
         <load_address>0x838cd</load_address>
         <run_address>0x838cd</run_address>
         <size>0x25</size>
         <input_file_ref idref="fl-3"/>
      </object_component>
      <object_component id="oc-326">
         <name>.text:SysCtl_configureType</name>
         <load_address>0x838f2</load_address>
         <run_address>0x838f2</run_address>
         <size>0x25</size>
         <input_file_ref idref="fl-1a"/>
      </object_component>
      <object_component id="oc-479">
         <name>.text:SysCtl_selectXTALSingleEnded</name>
         <load_address>0x83917</load_address>
         <run_address>0x83917</run_address>
         <size>0x25</size>
         <input_file_ref idref="fl-1a"/>
      </object_component>
      <object_component id="oc-36d">
         <name>.text:myCPUTIMER0_init</name>
         <load_address>0x8393c</load_address>
         <run_address>0x8393c</run_address>
         <size>0x25</size>
         <input_file_ref idref="fl-3"/>
      </object_component>
      <object_component id="oc-373">
         <name>.text:myCPUTIMER1_init</name>
         <load_address>0x83961</load_address>
         <run_address>0x83961</run_address>
         <size>0x25</size>
         <input_file_ref idref="fl-3"/>
      </object_component>
      <object_component id="oc-4b7">
         <name>.text:DCC_enableSingleShotMode</name>
         <load_address>0x83986</load_address>
         <run_address>0x83986</run_address>
         <size>0x24</size>
         <input_file_ref idref="fl-1a"/>
      </object_component>
      <object_component id="oc-3bd">
         <name>.text:EPWM_disableCounterCompareShadowLoadMode</name>
         <load_address>0x839aa</load_address>
         <run_address>0x839aa</run_address>
         <size>0x24</size>
         <input_file_ref idref="fl-3"/>
      </object_component>
      <object_component id="oc-53a">
         <name>.text:CAN_enableInterrupt</name>
         <load_address>0x839ce</load_address>
         <run_address>0x839ce</run_address>
         <size>0x22</size>
         <input_file_ref idref="fl-3"/>
      </object_component>
      <object_component id="oc-23a">
         <name>.text:CAN_writeDataReg</name>
         <load_address>0x839f0</load_address>
         <run_address>0x839f0</run_address>
         <size>0x22</size>
         <input_file_ref idref="fl-11"/>
      </object_component>
      <object_component id="oc-3b7">
         <name>.text:EPWM_setCounterCompareValue</name>
         <load_address>0x83a12</load_address>
         <run_address>0x83a12</run_address>
         <size>0x22</size>
         <input_file_ref idref="fl-3"/>
      </object_component>
      <object_component id="oc-16d">
         <name>.text:EPWM_setCounterCompareValue</name>
         <load_address>0x83a34</load_address>
         <run_address>0x83a34</run_address>
         <size>0x22</size>
         <input_file_ref idref="fl-2"/>
      </object_component>
      <object_component id="oc-521">
         <name>.text:ADC_disableContinuousMode</name>
         <load_address>0x83a56</load_address>
         <run_address>0x83a56</run_address>
         <size>0x21</size>
         <input_file_ref idref="fl-3"/>
      </object_component>
      <object_component id="oc-527">
         <name>.text:ADC_enableInterrupt</name>
         <load_address>0x83a77</load_address>
         <run_address>0x83a77</run_address>
         <size>0x20</size>
         <input_file_ref idref="fl-3"/>
      </object_component>
      <object_component id="oc-58b">
         <name>.text:ECAP_disableInterrupt</name>
         <load_address>0x83a97</load_address>
         <run_address>0x83a97</run_address>
         <size>0x20</size>
         <input_file_ref idref="fl-3"/>
      </object_component>
      <object_component id="oc-ec">
         <name>.text:CPUTimer_getTimerOverflowStatus</name>
         <load_address>0x83ab7</load_address>
         <run_address>0x83ab7</run_address>
         <size>0x1f</size>
         <input_file_ref idref="fl-2"/>
      </object_component>
      <object_component id="oc-5fd">
         <name>.text:ECAP_enableInterrupt</name>
         <load_address>0x83ad6</load_address>
         <run_address>0x83ad6</run_address>
         <size>0x1f</size>
         <input_file_ref idref="fl-3"/>
      </object_component>
      <object_component id="oc-3e7">
         <name>.text:EPWM_setFallingEdgeDelayCountShadowLoadMode</name>
         <load_address>0x83af5</load_address>
         <run_address>0x83af5</run_address>
         <size>0x1f</size>
         <input_file_ref idref="fl-3"/>
      </object_component>
      <object_component id="oc-3db">
         <name>.text:EPWM_setRisingEdgeDelayCountShadowLoadMode</name>
         <load_address>0x83b14</load_address>
         <run_address>0x83b14</run_address>
         <size>0x1f</size>
         <input_file_ref idref="fl-3"/>
      </object_component>
      <object_component id="oc-cc">
         <name>.text:GPIO_togglePin</name>
         <load_address>0x83b33</load_address>
         <run_address>0x83b33</run_address>
         <size>0x1f</size>
         <input_file_ref idref="fl-2"/>
      </object_component>
      <object_component id="oc-4a5">
         <name>.text:DCC_setCounter0ClkSource</name>
         <load_address>0x83b52</load_address>
         <run_address>0x83b52</run_address>
         <size>0x1e</size>
         <input_file_ref idref="fl-1a"/>
      </object_component>
      <object_component id="oc-4ab">
         <name>.text:DCC_setCounter1ClkSource</name>
         <load_address>0x83b70</load_address>
         <run_address>0x83b70</run_address>
         <size>0x1e</size>
         <input_file_ref idref="fl-1a"/>
      </object_component>
      <object_component id="oc-5df">
         <name>.text:ECAP_setEmulationMode</name>
         <load_address>0x83b8e</load_address>
         <run_address>0x83b8e</run_address>
         <size>0x1e</size>
         <input_file_ref idref="fl-14"/>
      </object_component>
      <object_component id="oc-5e5">
         <name>.text:ECAP_setSyncInPulseSource</name>
         <load_address>0x83bac</load_address>
         <run_address>0x83bac</run_address>
         <size>0x1e</size>
         <input_file_ref idref="fl-3"/>
      </object_component>
      <object_component id="oc-3ab">
         <name>.text:EPWM_setPhaseShift</name>
         <load_address>0x83bca</load_address>
         <run_address>0x83bca</run_address>
         <size>0x1e</size>
         <input_file_ref idref="fl-3"/>
      </object_component>
      <object_component id="oc-53">
         <name>.text:Interrupt_initVectorTable</name>
         <load_address>0x83be8</load_address>
         <run_address>0x83be8</run_address>
         <size>0x1e</size>
         <input_file_ref idref="fl-18"/>
      </object_component>
      <object_component id="oc-12c">
         <name>.text:CAN_clearGlobalInterruptStatus</name>
         <load_address>0x83c06</load_address>
         <run_address>0x83c06</run_address>
         <size>0x1d</size>
         <input_file_ref idref="fl-2"/>
      </object_component>
      <object_component id="oc-540">
         <name>.text:CAN_enableGlobalInterrupt</name>
         <load_address>0x83c23</load_address>
         <run_address>0x83c23</run_address>
         <size>0x1d</size>
         <input_file_ref idref="fl-3"/>
      </object_component>
      <object_component id="oc-591">
         <name>.text:ECAP_clearInterrupt</name>
         <load_address>0x83c40</load_address>
         <run_address>0x83c40</run_address>
         <size>0x1d</size>
         <input_file_ref idref="fl-3"/>
      </object_component>
      <object_component id="oc-139">
         <name>.text:ECAP_clearInterrupt</name>
         <load_address>0x83c5d</load_address>
         <run_address>0x83c5d</run_address>
         <size>0x1d</size>
         <input_file_ref idref="fl-2"/>
      </object_component>
      <object_component id="oc-68">
         <name>.text</name>
         <load_address>0x83c7a</load_address>
         <run_address>0x83c7a</run_address>
         <size>0x1d</size>
         <input_file_ref idref="fl-32"/>
      </object_component>
      <object_component id="oc-503">
         <name>.text:ADC_setSOCPriority</name>
         <load_address>0x83c97</load_address>
         <run_address>0x83c97</run_address>
         <size>0x1c</size>
         <input_file_ref idref="fl-3"/>
      </object_component>
      <object_component id="oc-52e">
         <name>.text:CAN_initModule</name>
         <load_address>0x83cb3</load_address>
         <run_address>0x83cb3</run_address>
         <size>0x1c</size>
         <input_file_ref idref="fl-11"/>
      </object_component>
      <object_component id="oc-5bb">
         <name>.text:ECAP_disableCounterResetOnEvent</name>
         <load_address>0x83ccf</load_address>
         <run_address>0x83ccf</run_address>
         <size>0x1c</size>
         <input_file_ref idref="fl-3"/>
      </object_component>
      <object_component id="oc-5c7">
         <name>.text:ECAP_selectECAPInput</name>
         <load_address>0x83ceb</load_address>
         <run_address>0x83ceb</run_address>
         <size>0x1c</size>
         <input_file_ref idref="fl-3"/>
      </object_component>
      <object_component id="oc-5d9">
         <name>.text:ECAP_setSyncOutMode</name>
         <load_address>0x83d07</load_address>
         <run_address>0x83d07</run_address>
         <size>0x1c</size>
         <input_file_ref idref="fl-3"/>
      </object_component>
      <object_component id="oc-387">
         <name>.text:EPWM_setClockPrescaler</name>
         <load_address>0x83d23</load_address>
         <run_address>0x83d23</run_address>
         <size>0x1c</size>
         <input_file_ref idref="fl-3"/>
      </object_component>
      <object_component id="oc-a8">
         <name>.text:Board_init</name>
         <load_address>0x83d3f</load_address>
         <run_address>0x83d3f</run_address>
         <size>0x1b</size>
         <input_file_ref idref="fl-3"/>
      </object_component>
      <object_component id="oc-25c">
         <name>.text:CAN_readDataReg</name>
         <load_address>0x83d5a</load_address>
         <run_address>0x83d5a</run_address>
         <size>0x1b</size>
         <input_file_ref idref="fl-11"/>
      </object_component>
      <object_component id="oc-5c1">
         <name>.text:ECAP_enableCounterResetOnEvent</name>
         <load_address>0x83d75</load_address>
         <run_address>0x83d75</run_address>
         <size>0x1b</size>
         <input_file_ref idref="fl-3"/>
      </object_component>
      <object_component id="oc-320">
         <name>.text:SysCtl_setStandbyQualificationPeriod</name>
         <load_address>0x83d90</load_address>
         <run_address>0x83d90</run_address>
         <size>0x1b</size>
         <input_file_ref idref="fl-3"/>
      </object_component>
      <object_component id="oc-107">
         <name>.text:ADC_readResult</name>
         <load_address>0x83dab</load_address>
         <run_address>0x83dab</run_address>
         <size>0x1a</size>
         <input_file_ref idref="fl-2"/>
      </object_component>
      <object_component id="oc-6d0">
         <name>.text:CAN_initRAM</name>
         <load_address>0x83dc5</load_address>
         <run_address>0x83dc5</run_address>
         <size>0x1a</size>
         <input_file_ref idref="fl-11"/>
      </object_component>
      <object_component id="oc-57d">
         <name>.text:CPUTimer_startTimer</name>
         <load_address>0x83ddf</load_address>
         <run_address>0x83ddf</run_address>
         <size>0x1a</size>
         <input_file_ref idref="fl-3"/>
      </object_component>
      <object_component id="oc-c0">
         <name>.text:CPUTimer_startTimer</name>
         <load_address>0x83df9</load_address>
         <run_address>0x83df9</run_address>
         <size>0x1a</size>
         <input_file_ref idref="fl-2"/>
      </object_component>
      <object_component id="oc-3c9">
         <name>.text:EPWM_disableActionQualifierShadowLoadMode</name>
         <load_address>0x83e13</load_address>
         <run_address>0x83e13</run_address>
         <size>0x1a</size>
         <input_file_ref idref="fl-3"/>
      </object_component>
      <object_component id="oc-1b7">
         <name>.text:SysCtl_getLowSpeedClock</name>
         <load_address>0x83e2d</load_address>
         <run_address>0x83e2d</run_address>
         <size>0x1a</size>
         <input_file_ref idref="fl-1a"/>
      </object_component>
      <object_component id="oc-2ec">
         <name>.text:SysCtl_setPLLSysClk</name>
         <load_address>0x83e47</load_address>
         <run_address>0x83e47</run_address>
         <size>0x19</size>
         <input_file_ref idref="fl-1a"/>
      </object_component>
      <object_component id="oc-d2">
         <name>.text:triggerUltrasonic</name>
         <load_address>0x83e60</load_address>
         <run_address>0x83e60</run_address>
         <size>0x19</size>
         <input_file_ref idref="fl-2"/>
      </object_component>
      <object_component id="oc-3ed">
         <name>.text:EPWM_disableFallingEdgeDelayCountShadowLoadMode</name>
         <load_address>0x83e79</load_address>
         <run_address>0x83e79</run_address>
         <size>0x18</size>
         <input_file_ref idref="fl-3"/>
      </object_component>
      <object_component id="oc-3e1">
         <name>.text:EPWM_disableRisingEdgeDelayCountShadowLoadMode</name>
         <load_address>0x83e91</load_address>
         <run_address>0x83e91</run_address>
         <size>0x18</size>
         <input_file_ref idref="fl-3"/>
      </object_component>
      <object_component id="oc-38d">
         <name>.text:EPWM_setPeriodLoadMode</name>
         <load_address>0x83ea9</load_address>
         <run_address>0x83ea9</run_address>
         <size>0x18</size>
         <input_file_ref idref="fl-3"/>
      </object_component>
      <object_component id="oc-73a">
         <name>.text:SCI_disableModule</name>
         <load_address>0x83ec1</load_address>
         <run_address>0x83ec1</run_address>
         <size>0x18</size>
         <input_file_ref idref="fl-19"/>
      </object_component>
      <object_component id="oc-659">
         <name>.text:SCI_performSoftwareReset</name>
         <load_address>0x83ed9</load_address>
         <run_address>0x83ed9</run_address>
         <size>0x18</size>
         <input_file_ref idref="fl-3"/>
      </object_component>
      <object_component id="oc-729">
         <name>.text:SCI_performSoftwareReset</name>
         <load_address>0x83ef1</load_address>
         <run_address>0x83ef1</run_address>
         <size>0x18</size>
         <input_file_ref idref="fl-19"/>
      </object_component>
      <object_component id="oc-647">
         <name>.text:SCI_resetChannels</name>
         <load_address>0x83f09</load_address>
         <run_address>0x83f09</run_address>
         <size>0x18</size>
         <input_file_ref idref="fl-3"/>
      </object_component>
      <object_component id="oc-d8">
         <name>.text:ADC_forceSOC</name>
         <load_address>0x83f21</load_address>
         <run_address>0x83f21</run_address>
         <size>0x17</size>
         <input_file_ref idref="fl-2"/>
      </object_component>
      <object_component id="oc-6be">
         <name>.text:ADC_isBaseValid</name>
         <load_address>0x83f38</load_address>
         <run_address>0x83f38</run_address>
         <size>0x17</size>
         <input_file_ref idref="fl-3"/>
      </object_component>
      <object_component id="oc-6af">
         <name>.text:ADC_isBaseValid</name>
         <load_address>0x83f4f</load_address>
         <run_address>0x83f4f</run_address>
         <size>0x17</size>
         <input_file_ref idref="fl-10"/>
      </object_component>
      <object_component id="oc-229">
         <name>.text:ADC_isBaseValid</name>
         <load_address>0x83f66</load_address>
         <run_address>0x83f66</run_address>
         <size>0x17</size>
         <input_file_ref idref="fl-2"/>
      </object_component>
      <object_component id="oc-358">
         <name>.text:ASysCtl_setAnalogReferenceExternal</name>
         <load_address>0x83f7d</load_address>
         <run_address>0x83f7d</run_address>
         <size>0x17</size>
         <input_file_ref idref="fl-3"/>
      </object_component>
      <object_component id="oc-6ec">
         <name>.text:CPUTimer_isBaseValid</name>
         <load_address>0x83f94</load_address>
         <run_address>0x83f94</run_address>
         <size>0x17</size>
         <input_file_ref idref="fl-3"/>
      </object_component>
      <object_component id="oc-6e3">
         <name>.text:CPUTimer_isBaseValid</name>
         <load_address>0x83fab</load_address>
         <run_address>0x83fab</run_address>
         <size>0x17</size>
         <input_file_ref idref="fl-12"/>
      </object_component>
      <object_component id="oc-174">
         <name>.text:CPUTimer_isBaseValid</name>
         <load_address>0x83fc2</load_address>
         <run_address>0x83fc2</run_address>
         <size>0x17</size>
         <input_file_ref idref="fl-2"/>
      </object_component>
      <object_component id="oc-55f">
         <name>.text:CPUTimer_setPreScaler</name>
         <load_address>0x83fd9</load_address>
         <run_address>0x83fd9</run_address>
         <size>0x17</size>
         <input_file_ref idref="fl-3"/>
      </object_component>
      <object_component id="oc-6d8">
         <name>.text:CAN_isBaseValid</name>
         <load_address>0x83ff0</load_address>
         <run_address>0x83ff0</run_address>
         <size>0x10</size>
         <input_file_ref idref="fl-3"/>
      </object_component>
      <object_component id="oc-6f9">
         <name>.text:ECAP_isBaseValid</name>
         <load_address>0x84988</load_address>
         <run_address>0x84988</run_address>
         <size>0x17</size>
         <input_file_ref idref="fl-3"/>
      </object_component>
      <object_component id="oc-70d">
         <name>.text:ECAP_isBaseValid</name>
         <load_address>0x8499f</load_address>
         <run_address>0x8499f</run_address>
         <size>0x17</size>
         <input_file_ref idref="fl-14"/>
      </object_component>
      <object_component id="oc-265">
         <name>.text:ECAP_isBaseValid</name>
         <load_address>0x849b6</load_address>
         <run_address>0x849b6</run_address>
         <size>0x17</size>
         <input_file_ref idref="fl-2"/>
      </object_component>
      <object_component id="oc-33e">
         <name>.text:SysCtl_enablePeripheral</name>
         <load_address>0x849cd</load_address>
         <run_address>0x849cd</run_address>
         <size>0x17</size>
         <input_file_ref idref="fl-3"/>
      </object_component>
      <object_component id="oc-481">
         <name>.text:SysCtl_enablePeripheral</name>
         <load_address>0x849e4</load_address>
         <run_address>0x849e4</run_address>
         <size>0x17</size>
         <input_file_ref idref="fl-1a"/>
      </object_component>
      <object_component id="oc-15d">
         <name>.text</name>
         <load_address>0x849fb</load_address>
         <run_address>0x849fb</run_address>
         <size>0x17</size>
         <input_file_ref idref="fl-26"/>
      </object_component>
      <object_component id="oc-4f1">
         <name>.text:ADC_setInterruptCycleOffset</name>
         <load_address>0x84a12</load_address>
         <run_address>0x84a12</run_address>
         <size>0x16</size>
         <input_file_ref idref="fl-3"/>
      </object_component>
      <object_component id="oc-4eb">
         <name>.text:ADC_setInterruptPulseMode</name>
         <load_address>0x84a28</load_address>
         <run_address>0x84a28</run_address>
         <size>0x16</size>
         <input_file_ref idref="fl-3"/>
      </object_component>
      <object_component id="oc-4e5">
         <name>.text:ADC_setPrescaler</name>
         <load_address>0x84a3e</load_address>
         <run_address>0x84a3e</run_address>
         <size>0x16</size>
         <input_file_ref idref="fl-3"/>
      </object_component>
      <object_component id="oc-49f">
         <name>.text:DCC_disableDoneSignal</name>
         <load_address>0x84a54</load_address>
         <run_address>0x84a54</run_address>
         <size>0x16</size>
         <input_file_ref idref="fl-1a"/>
      </object_component>
      <object_component id="oc-381">
         <name>.text:EPWM_setEmulationMode</name>
         <load_address>0x84a6a</load_address>
         <run_address>0x84a6a</run_address>
         <size>0x16</size>
         <input_file_ref idref="fl-15"/>
      </object_component>
      <object_component id="oc-3b1">
         <name>.text:EPWM_setSyncInPulseSource</name>
         <load_address>0x84a80</load_address>
         <run_address>0x84a80</run_address>
         <size>0x16</size>
         <input_file_ref idref="fl-3"/>
      </object_component>
      <object_component id="oc-4d">
         <name>.text:Interrupt_defaultHandler</name>
         <load_address>0x84a96</load_address>
         <run_address>0x84a96</run_address>
         <size>0x16</size>
         <input_file_ref idref="fl-18"/>
      </object_component>
      <object_component id="oc-4fd">
         <name>.text:ADC_disableBurstMode</name>
         <load_address>0x84aac</load_address>
         <run_address>0x84aac</run_address>
         <size>0x15</size>
         <input_file_ref idref="fl-3"/>
      </object_component>
      <object_component id="oc-584">
         <name>.text:CPUTimer_enableInterrupt</name>
         <load_address>0x84ac1</load_address>
         <run_address>0x84ac1</run_address>
         <size>0x15</size>
         <input_file_ref idref="fl-3"/>
      </object_component>
      <object_component id="oc-48d">
         <name>.text:DCC_clearDoneFlag</name>
         <load_address>0x84ad6</load_address>
         <run_address>0x84ad6</run_address>
         <size>0x15</size>
         <input_file_ref idref="fl-1a"/>
      </object_component>
      <object_component id="oc-487">
         <name>.text:DCC_clearErrorFlag</name>
         <load_address>0x84aeb</load_address>
         <run_address>0x84aeb</run_address>
         <size>0x15</size>
         <input_file_ref idref="fl-1a"/>
      </object_component>
      <object_component id="oc-499">
         <name>.text:DCC_disableErrorSignal</name>
         <load_address>0x84b00</load_address>
         <run_address>0x84b00</run_address>
         <size>0x15</size>
         <input_file_ref idref="fl-1a"/>
      </object_component>
      <object_component id="oc-69e">
         <name>.text:DCC_isBaseValid</name>
         <load_address>0x84b15</load_address>
         <run_address>0x84b15</run_address>
         <size>0x15</size>
         <input_file_ref idref="fl-1a"/>
      </object_component>
      <object_component id="oc-597">
         <name>.text:ECAP_disableTimeStampCapture</name>
         <load_address>0x84b2a</load_address>
         <run_address>0x84b2a</run_address>
         <size>0x15</size>
         <input_file_ref idref="fl-3"/>
      </object_component>
      <object_component id="oc-5a3">
         <name>.text:ECAP_enableCaptureMode</name>
         <load_address>0x84b3f</load_address>
         <run_address>0x84b3f</run_address>
         <size>0x15</size>
         <input_file_ref idref="fl-3"/>
      </object_component>
      <object_component id="oc-5d3">
         <name>.text:ECAP_enableLoadCounter</name>
         <load_address>0x84b54</load_address>
         <run_address>0x84b54</run_address>
         <size>0x15</size>
         <input_file_ref idref="fl-3"/>
      </object_component>
      <object_component id="oc-5f1">
         <name>.text:ECAP_enableTimeStampCapture</name>
         <load_address>0x84b69</load_address>
         <run_address>0x84b69</run_address>
         <size>0x15</size>
         <input_file_ref idref="fl-3"/>
      </object_component>
      <object_component id="oc-5f7">
         <name>.text:ECAP_reArm</name>
         <load_address>0x84b7e</load_address>
         <run_address>0x84b7e</run_address>
         <size>0x15</size>
         <input_file_ref idref="fl-3"/>
      </object_component>
      <object_component id="oc-5eb">
         <name>.text:ECAP_startCounter</name>
         <load_address>0x84b93</load_address>
         <run_address>0x84b93</run_address>
         <size>0x15</size>
         <input_file_ref idref="fl-3"/>
      </object_component>
      <object_component id="oc-59d">
         <name>.text:ECAP_stopCounter</name>
         <load_address>0x84ba8</load_address>
         <run_address>0x84ba8</run_address>
         <size>0x15</size>
         <input_file_ref idref="fl-3"/>
      </object_component>
      <object_component id="oc-113">
         <name>.text:ADC_clearInterruptOverflowStatus</name>
         <load_address>0x84bbd</load_address>
         <run_address>0x84bbd</run_address>
         <size>0x14</size>
         <input_file_ref idref="fl-2"/>
      </object_component>
      <object_component id="oc-51b">
         <name>.text:ADC_clearInterruptStatus</name>
         <load_address>0x84bd1</load_address>
         <run_address>0x84bd1</run_address>
         <size>0x14</size>
         <input_file_ref idref="fl-3"/>
      </object_component>
      <object_component id="oc-10d">
         <name>.text:ADC_clearInterruptStatus</name>
         <load_address>0x84be5</load_address>
         <run_address>0x84be5</run_address>
         <size>0x14</size>
         <input_file_ref idref="fl-2"/>
      </object_component>
      <object_component id="oc-577">
         <name>.text:CPUTimer_reloadTimerCounter</name>
         <load_address>0x84bf9</load_address>
         <run_address>0x84bf9</run_address>
         <size>0x14</size>
         <input_file_ref idref="fl-3"/>
      </object_component>
      <object_component id="oc-571">
         <name>.text:CPUTimer_stopTimer</name>
         <load_address>0x84c0d</load_address>
         <run_address>0x84c0d</run_address>
         <size>0x14</size>
         <input_file_ref idref="fl-3"/>
      </object_component>
      <object_component id="oc-493">
         <name>.text:DCC_disableModule</name>
         <load_address>0x84c21</load_address>
         <run_address>0x84c21</run_address>
         <size>0x14</size>
         <input_file_ref idref="fl-1a"/>
      </object_component>
      <object_component id="oc-4bd">
         <name>.text:DCC_enableModule</name>
         <load_address>0x84c35</load_address>
         <run_address>0x84c35</run_address>
         <size>0x14</size>
         <input_file_ref idref="fl-1a"/>
      </object_component>
      <object_component id="oc-39f">
         <name>.text:EPWM_setTimeBaseCounterMode</name>
         <load_address>0x84c49</load_address>
         <run_address>0x84c49</run_address>
         <size>0x14</size>
         <input_file_ref idref="fl-3"/>
      </object_component>
      <object_component id="oc-393">
         <name>.text:EPWM_setTimeBasePeriod</name>
         <load_address>0x84c5d</load_address>
         <run_address>0x84c5d</run_address>
         <size>0x14</size>
         <input_file_ref idref="fl-3"/>
      </object_component>
      <object_component id="oc-167">
         <name>.text:EPWM_setTimeBasePeriod</name>
         <load_address>0x84c71</load_address>
         <run_address>0x84c71</run_address>
         <size>0x14</size>
         <input_file_ref idref="fl-2"/>
      </object_component>
      <object_component id="oc-4cc">
         <name>.text:GPIO_isPinValid</name>
         <load_address>0x84c85</load_address>
         <run_address>0x84c85</run_address>
         <size>0x14</size>
         <input_file_ref idref="fl-17"/>
      </object_component>
      <object_component id="oc-21f">
         <name>.text:GPIO_isPinValid</name>
         <load_address>0x84c99</load_address>
         <run_address>0x84c99</run_address>
         <size>0x14</size>
         <input_file_ref idref="fl-2"/>
      </object_component>
      <object_component id="oc-32c">
         <name>.text:SysCtl_selectErrPinPolarity</name>
         <load_address>0x84cad</load_address>
         <run_address>0x84cad</run_address>
         <size>0x14</size>
         <input_file_ref idref="fl-3"/>
      </object_component>
      <object_component id="oc-338">
         <name>.text:SysCtl_setPeripheralAccessControl</name>
         <load_address>0x84cc1</load_address>
         <run_address>0x84cc1</run_address>
         <size>0x14</size>
         <input_file_ref idref="fl-3"/>
      </object_component>
      <object_component id="oc-406">
         <name>.text:myGPIO_echo_init</name>
         <load_address>0x84cd5</load_address>
         <run_address>0x84cd5</run_address>
         <size>0x14</size>
         <input_file_ref idref="fl-3"/>
      </object_component>
      <object_component id="oc-400">
         <name>.text:myGPIO_trig_init</name>
         <load_address>0x84ce9</load_address>
         <run_address>0x84ce9</run_address>
         <size>0x14</size>
         <input_file_ref idref="fl-3"/>
      </object_component>
      <object_component id="oc-3fa">
         <name>.text:myLED04_init</name>
         <load_address>0x84cfd</load_address>
         <run_address>0x84cfd</run_address>
         <size>0x14</size>
         <input_file_ref idref="fl-3"/>
      </object_component>
      <object_component id="oc-3f4">
         <name>.text:myLED05_init</name>
         <load_address>0x84d11</load_address>
         <run_address>0x84d11</run_address>
         <size>0x14</size>
         <input_file_ref idref="fl-3"/>
      </object_component>
      <object_component id="oc-4f7">
         <name>.text:ADC_enableConverter</name>
         <load_address>0x84d25</load_address>
         <run_address>0x84d25</run_address>
         <size>0x13</size>
         <input_file_ref idref="fl-3"/>
      </object_component>
      <object_component id="oc-54c">
         <name>.text:CAN_setInterruptMux</name>
         <load_address>0x84d38</load_address>
         <run_address>0x84d38</run_address>
         <size>0x13</size>
         <input_file_ref idref="fl-3"/>
      </object_component>
      <object_component id="oc-559">
         <name>.text:CPUTimer_setEmulationMode</name>
         <load_address>0x84d4b</load_address>
         <run_address>0x84d4b</run_address>
         <size>0x13</size>
         <input_file_ref idref="fl-12"/>
      </object_component>
      <object_component id="oc-13f">
         <name>.text:ECAP_clearGlobalInterrupt</name>
         <load_address>0x84d5e</load_address>
         <run_address>0x84d5e</run_address>
         <size>0x13</size>
         <input_file_ref idref="fl-2"/>
      </object_component>
      <object_component id="oc-63b">
         <name>.text:SCI_clearOverflowStatus</name>
         <load_address>0x84d71</load_address>
         <run_address>0x84d71</run_address>
         <size>0x13</size>
         <input_file_ref idref="fl-3"/>
      </object_component>
      <object_component id="oc-641">
         <name>.text:SCI_disableFIFO</name>
         <load_address>0x84d84</load_address>
         <run_address>0x84d84</run_address>
         <size>0x13</size>
         <input_file_ref idref="fl-3"/>
      </object_component>
      <object_component id="oc-65f">
         <name>.text:SCI_enableModule</name>
         <load_address>0x84d97</load_address>
         <run_address>0x84d97</run_address>
         <size>0x13</size>
         <input_file_ref idref="fl-3"/>
      </object_component>
      <object_component id="oc-740">
         <name>.text:SCI_enableModule</name>
         <load_address>0x84daa</load_address>
         <run_address>0x84daa</run_address>
         <size>0x13</size>
         <input_file_ref idref="fl-19"/>
      </object_component>
      <object_component id="oc-731">
         <name>.text:SCI_isBaseValid</name>
         <load_address>0x84dbd</load_address>
         <run_address>0x84dbd</run_address>
         <size>0x13</size>
         <input_file_ref idref="fl-3"/>
      </object_component>
      <object_component id="oc-722">
         <name>.text:SCI_isBaseValid</name>
         <load_address>0x84dd0</load_address>
         <run_address>0x84dd0</run_address>
         <size>0x13</size>
         <input_file_ref idref="fl-19"/>
      </object_component>
      <object_component id="oc-11a">
         <name>.text:CAN_getInterruptCause</name>
         <load_address>0x84de3</load_address>
         <run_address>0x84de3</run_address>
         <size>0x12</size>
         <input_file_ref idref="fl-2"/>
      </object_component>
      <object_component id="oc-8e">
         <name>.text:CPUTimer_clearOverflowFlag</name>
         <load_address>0x84df5</load_address>
         <run_address>0x84df5</run_address>
         <size>0x12</size>
         <input_file_ref idref="fl-2"/>
      </object_component>
      <object_component id="oc-56b">
         <name>.text:CPUTimer_disableInterrupt</name>
         <load_address>0x84e07</load_address>
         <run_address>0x84e07</run_address>
         <size>0x12</size>
         <input_file_ref idref="fl-3"/>
      </object_component>
      <object_component id="oc-399">
         <name>.text:EPWM_setTimeBaseCounter</name>
         <load_address>0x84e19</load_address>
         <run_address>0x84e19</run_address>
         <size>0x12</size>
         <input_file_ref idref="fl-3"/>
      </object_component>
      <object_component id="oc-1aa">
         <name>.text:SysCtl_setMCANClk</name>
         <load_address>0x84e2b</load_address>
         <run_address>0x84e2b</run_address>
         <size>0x12</size>
         <input_file_ref idref="fl-4"/>
      </object_component>
      <object_component id="oc-345">
         <name>.text:SysCtl_setSyncOutputConfig</name>
         <load_address>0x84e3d</load_address>
         <run_address>0x84e3d</run_address>
         <size>0x12</size>
         <input_file_ref idref="fl-3"/>
      </object_component>
      <object_component id="oc-552">
         <name>.text:CAN_startModule</name>
         <load_address>0x84e4f</load_address>
         <run_address>0x84e4f</run_address>
         <size>0x11</size>
         <input_file_ref idref="fl-3"/>
      </object_component>
      <object_component id="oc-565">
         <name>.text:CPUTimer_setPeriod</name>
         <load_address>0x84e60</load_address>
         <run_address>0x84e60</run_address>
         <size>0x11</size>
         <input_file_ref idref="fl-3"/>
      </object_component>
      <object_component id="oc-5cd">
         <name>.text:ECAP_setPhaseShiftCount</name>
         <load_address>0x84e71</load_address>
         <run_address>0x84e71</run_address>
         <size>0x11</size>
         <input_file_ref idref="fl-3"/>
      </object_component>
      <object_component id="oc-3a5">
         <name>.text:EPWM_disablePhaseShiftLoad</name>
         <load_address>0x84e82</load_address>
         <run_address>0x84e82</run_address>
         <size>0x11</size>
         <input_file_ref idref="fl-3"/>
      </object_component>
      <object_component id="oc-653">
         <name>.text:SCI_disableLoopback</name>
         <load_address>0x84e93</load_address>
         <run_address>0x84e93</run_address>
         <size>0x11</size>
         <input_file_ref idref="fl-3"/>
      </object_component>
      <object_component id="oc-2fb">
         <name>.text:CAN_isBaseValid</name>
         <load_address>0x84ea4</load_address>
         <run_address>0x84ea4</run_address>
         <size>0x10</size>
         <input_file_ref idref="fl-4"/>
      </object_component>
      <object_component id="oc-233">
         <name>.text:CAN_isBaseValid</name>
         <load_address>0x84eb4</load_address>
         <run_address>0x84eb4</run_address>
         <size>0x10</size>
         <input_file_ref idref="fl-11"/>
      </object_component>
      <object_component id="oc-255">
         <name>.text:CAN_isBaseValid</name>
         <load_address>0x84ec4</load_address>
         <run_address>0x84ec4</run_address>
         <size>0x10</size>
         <input_file_ref idref="fl-2"/>
      </object_component>
      <object_component id="oc-2a0">
         <name>.text:Flash_isCtrlBaseValid</name>
         <load_address>0x84ed4</load_address>
         <run_address>0x84ed4</run_address>
         <size>0x10</size>
         <input_file_ref idref="fl-16"/>
      </object_component>
      <object_component id="oc-2a7">
         <name>.text:Flash_isECCBaseValid</name>
         <load_address>0x84ee4</load_address>
         <run_address>0x84ee4</run_address>
         <size>0x10</size>
         <input_file_ref idref="fl-16"/>
      </object_component>
      <object_component id="oc-f9">
         <name>.text:Interrupt_register</name>
         <load_address>0x84ef4</load_address>
         <run_address>0x84ef4</run_address>
         <size>0xf</size>
         <input_file_ref idref="fl-3"/>
      </object_component>
      <object_component id="oc-ae">
         <name>.text:Interrupt_register</name>
         <load_address>0x84f03</load_address>
         <run_address>0x84f03</run_address>
         <size>0xf</size>
         <input_file_ref idref="fl-2"/>
      </object_component>
      <object_component id="oc-216">
         <name>.text:Interrupt_enableGlobal</name>
         <load_address>0x84f12</load_address>
         <run_address>0x84f12</run_address>
         <size>0xd</size>
         <input_file_ref idref="fl-18"/>
      </object_component>
      <object_component id="oc-ba">
         <name>.text:Interrupt_enableGlobal</name>
         <load_address>0x84f1f</load_address>
         <run_address>0x84f1f</run_address>
         <size>0xd</size>
         <input_file_ref idref="fl-2"/>
      </object_component>
      <object_component id="oc-19e">
         <name>.text:SysCtl_setLowSpeedClock</name>
         <load_address>0x84f2c</load_address>
         <run_address>0x84f2c</run_address>
         <size>0xd</size>
         <input_file_ref idref="fl-4"/>
      </object_component>
      <object_component id="oc-70">
         <name>.text:decompress:ZI:__TI_zero_init_nomemset</name>
         <load_address>0x84f39</load_address>
         <run_address>0x84f39</run_address>
         <size>0xd</size>
         <input_file_ref idref="fl-2a"/>
      </object_component>
      <object_component id="oc-34b">
         <name>.text:SysCtl_enableExtADCSOCSource</name>
         <load_address>0x84f46</load_address>
         <run_address>0x84f46</run_address>
         <size>0xc</size>
         <input_file_ref idref="fl-3"/>
      </object_component>
      <object_component id="oc-280">
         <name>.text</name>
         <load_address>0x84f52</load_address>
         <run_address>0x84f52</run_address>
         <size>0xc</size>
         <input_file_ref idref="fl-2f"/>
      </object_component>
      <object_component id="oc-186">
         <name>.text:SysCtl_disableWatchdog</name>
         <load_address>0x84f5e</load_address>
         <run_address>0x84f5e</run_address>
         <size>0xb</size>
         <input_file_ref idref="fl-4"/>
      </object_component>
      <object_component id="oc-2e0">
         <name>.text:SysCtl_isMCDClockFailureDetected</name>
         <load_address>0x84f69</load_address>
         <run_address>0x84f69</run_address>
         <size>0xb</size>
         <input_file_ref idref="fl-1a"/>
      </object_component>
      <object_component id="oc-59">
         <name>.text:Interrupt_illegalOperationHandler</name>
         <load_address>0x84f74</load_address>
         <run_address>0x84f74</run_address>
         <size>0xa</size>
         <input_file_ref idref="fl-18"/>
      </object_component>
      <object_component id="oc-5f">
         <name>.text:Interrupt_nmiHandler</name>
         <load_address>0x84f7e</load_address>
         <run_address>0x84f7e</run_address>
         <size>0xa</size>
         <input_file_ref idref="fl-18"/>
      </object_component>
      <object_component id="oc-1de">
         <name>.text:SYNC_init</name>
         <load_address>0x84f88</load_address>
         <run_address>0x84f88</run_address>
         <size>0xa</size>
         <input_file_ref idref="fl-3"/>
      </object_component>
      <object_component id="oc-208">
         <name>.text:GPIO_init</name>
         <load_address>0x84f92</load_address>
         <run_address>0x84f92</run_address>
         <size>0x9</size>
         <input_file_ref idref="fl-3"/>
      </object_component>
      <object_component id="oc-683">
         <name>.text</name>
         <load_address>0x84f9b</load_address>
         <run_address>0x84f9b</run_address>
         <size>0x9</size>
         <input_file_ref idref="fl-2e"/>
      </object_component>
      <object_component id="oc-17">
         <name>.text:decompress:none</name>
         <load_address>0x84fa4</load_address>
         <run_address>0x84fa4</run_address>
         <size>0x8</size>
         <input_file_ref idref="fl-2b"/>
      </object_component>
      <object_component id="oc-7c">
         <name>.text</name>
         <load_address>0x84fac</load_address>
         <run_address>0x84fac</run_address>
         <size>0x8</size>
         <input_file_ref idref="fl-7"/>
      </object_component>
      <object_component id="oc-352">
         <name>.text:ASysCtl_disableTemperatureSensor</name>
         <load_address>0x84fb4</load_address>
         <run_address>0x84fb4</run_address>
         <size>0x7</size>
         <input_file_ref idref="fl-3"/>
      </object_component>
      <object_component id="oc-1bd">
         <name>.text:ASysCtl_lockVREG</name>
         <load_address>0x84fbb</load_address>
         <run_address>0x84fbb</run_address>
         <size>0x7</size>
         <input_file_ref idref="fl-4"/>
      </object_component>
      <object_component id="oc-332">
         <name>.text:SysCtl_disableMCD</name>
         <load_address>0x84fc2</load_address>
         <run_address>0x84fc2</run_address>
         <size>0x7</size>
         <input_file_ref idref="fl-3"/>
      </object_component>
      <object_component id="oc-695">
         <name>.text:SysCtl_resetMCD</name>
         <load_address>0x84fc9</load_address>
         <run_address>0x84fc9</run_address>
         <size>0x7</size>
         <input_file_ref idref="fl-1a"/>
      </object_component>
      <object_component id="oc-17b">
         <name>.text:__error__</name>
         <load_address>0x84fd0</load_address>
         <run_address>0x84fd0</run_address>
         <size>0x7</size>
         <input_file_ref idref="fl-4"/>
      </object_component>
      <object_component id="oc-1e4">
         <name>.text:ASYSCTL_init</name>
         <load_address>0x84fd7</load_address>
         <run_address>0x84fd7</run_address>
         <size>0x6</size>
         <input_file_ref idref="fl-3"/>
      </object_component>
      <object_component id="oc-94">
         <name>.text:Interrupt_clearACKGroup</name>
         <load_address>0x84fdd</load_address>
         <run_address>0x84fdd</run_address>
         <size>0x6</size>
         <input_file_ref idref="fl-2"/>
      </object_component>
      <object_component id="oc-1f6">
         <name>.text:CPUTIMER_init</name>
         <load_address>0x84fe3</load_address>
         <run_address>0x84fe3</run_address>
         <size>0x5</size>
         <input_file_ref idref="fl-3"/>
      </object_component>
      <object_component id="oc-1ea">
         <name>.text:ADC_init</name>
         <load_address>0x84fe8</load_address>
         <run_address>0x84fe8</run_address>
         <size>0x3</size>
         <input_file_ref idref="fl-3"/>
      </object_component>
      <object_component id="oc-1f0">
         <name>.text:CAN_init</name>
         <load_address>0x84feb</load_address>
         <run_address>0x84feb</run_address>
         <size>0x3</size>
         <input_file_ref idref="fl-3"/>
      </object_component>
      <object_component id="oc-18c">
         <name>.text:CMD_init</name>
         <load_address>0x84fee</load_address>
         <run_address>0x84fee</run_address>
         <size>0x3</size>
         <input_file_ref idref="fl-5"/>
      </object_component>
      <object_component id="oc-1fc">
         <name>.text:ECAP_init</name>
         <load_address>0x84ff1</load_address>
         <run_address>0x84ff1</run_address>
         <size>0x3</size>
         <input_file_ref idref="fl-3"/>
      </object_component>
      <object_component id="oc-20e">
         <name>.text:SCI_init</name>
         <load_address>0x84ff4</load_address>
         <run_address>0x84ff4</run_address>
         <size>0x3</size>
         <input_file_ref idref="fl-3"/>
      </object_component>
      <object_component id="oc-279">
         <name>.text</name>
         <load_address>0x84ff7</load_address>
         <run_address>0x84ff7</run_address>
         <size>0x2</size>
         <input_file_ref idref="fl-28"/>
      </object_component>
      <object_component id="oc-669">
         <name>.text</name>
         <load_address>0x84ff9</load_address>
         <run_address>0x84ff9</run_address>
         <size>0x1</size>
         <input_file_ref idref="fl-33"/>
      </object_component>
      <object_component id="oc-192">
         <name>.TI.ramfunc:Flash_initModule</name>
         <load_address>0x81000</load_address>
         <run_address>0x81000</run_address>
         <size>0x49</size>
         <input_file_ref idref="fl-16"/>
      </object_component>
      <object_component id="oc-2ad">
         <name>.TI.ramfunc:Flash_setBankPowerMode</name>
         <load_address>0x81049</load_address>
         <run_address>0x81049</run_address>
         <size>0x2c</size>
         <input_file_ref idref="fl-16"/>
      </object_component>
      <object_component id="oc-2c5">
         <name>.TI.ramfunc:Flash_setWaitstates</name>
         <load_address>0x81075</load_address>
         <run_address>0x81075</run_address>
         <size>0x24</size>
         <input_file_ref idref="fl-16"/>
      </object_component>
      <object_component id="oc-2b3">
         <name>.TI.ramfunc:Flash_setPumpPowerMode</name>
         <load_address>0x81099</load_address>
         <run_address>0x81099</run_address>
         <size>0x1d</size>
         <input_file_ref idref="fl-16"/>
      </object_component>
      <object_component id="oc-2b9">
         <name>.TI.ramfunc:Flash_disableCache</name>
         <load_address>0x810b6</load_address>
         <run_address>0x810b6</run_address>
         <size>0x18</size>
         <input_file_ref idref="fl-16"/>
      </object_component>
      <object_component id="oc-2bf">
         <name>.TI.ramfunc:Flash_disablePrefetch</name>
         <load_address>0x810ce</load_address>
         <run_address>0x810ce</run_address>
         <size>0x18</size>
         <input_file_ref idref="fl-16"/>
      </object_component>
      <object_component id="oc-2cb">
         <name>.TI.ramfunc:Flash_enableCache</name>
         <load_address>0x810e6</load_address>
         <run_address>0x810e6</run_address>
         <size>0x17</size>
         <input_file_ref idref="fl-16"/>
      </object_component>
      <object_component id="oc-2d1">
         <name>.TI.ramfunc:Flash_enablePrefetch</name>
         <load_address>0x810fd</load_address>
         <run_address>0x810fd</run_address>
         <size>0x17</size>
         <input_file_ref idref="fl-16"/>
      </object_component>
      <object_component id="oc-2d7">
         <name>.TI.ramfunc:Flash_enableECC</name>
         <load_address>0x81114</load_address>
         <run_address>0x81114</run_address>
         <size>0x16</size>
         <input_file_ref idref="fl-16"/>
      </object_component>
      <object_component id="oc-227">
         <name>.TI.ramfunc</name>
         <load_address>0x8112a</load_address>
         <run_address>0x8112a</run_address>
         <size>0x4</size>
         <input_file_ref idref="fl-1a"/>
      </object_component>
      <object_component id="oc-7a4">
         <name>.cinit..data.load</name>
         <load_address>0x81130</load_address>
         <run_address>0x81130</run_address>
         <size>0xb</size>
      </object_component>
      <object_component id="oc-7a1">
         <name>__TI_handler_table</name>
         <load_address>0x8113c</load_address>
         <run_address>0x8113c</run_address>
         <size>0x6</size>
      </object_component>
      <object_component id="oc-7a3">
         <name>.cinit..bss.load</name>
         <load_address>0x81142</load_address>
         <run_address>0x81142</run_address>
         <size>0x4</size>
      </object_component>
      <object_component id="oc-7a2">
         <name>__TI_cinit_table</name>
         <load_address>0x81146</load_address>
         <run_address>0x81146</run_address>
         <size>0x8</size>
      </object_component>
      <object_component id="oc-65">
         <name>.stack</name>
         <uninitialized>true</uninitialized>
         <run_address>0x400</run_address>
         <size>0x0</size>
         <input_file_ref idref="fl-26"/>
      </object_component>
      <object_component id="oc-7a5">
         <name>.stack</name>
         <uninitialized>true</uninitialized>
         <run_address>0x400</run_address>
         <size>0x0</size>
      </object_component>
      <object_component id="oc-e3">
         <name>.bss:txMsgBuf</name>
         <uninitialized>true</uninitialized>
         <run_address>0xa832</run_address>
         <size>0x8</size>
         <input_file_ref idref="fl-2"/>
      </object_component>
      <object_component id="oc-f2">
         <name>.bss:rxMsg700</name>
         <uninitialized>true</uninitialized>
         <run_address>0xa822</run_address>
         <size>0x8</size>
         <input_file_ref idref="fl-2"/>
      </object_component>
      <object_component id="oc-f5">
         <name>.bss:rxMsg710</name>
         <uninitialized>true</uninitialized>
         <run_address>0xa82a</run_address>
         <size>0x8</size>
         <input_file_ref idref="fl-2"/>
      </object_component>
      <object_component id="oc-4d4">
         <name>.const:.string</name>
         <load_address>0x84000</load_address>
         <run_address>0x84000</run_address>
         <size>0x229</size>
         <input_file_ref idref="fl-3"/>
      </object_component>
      <object_component id="oc-17a">
         <name>.const:.string</name>
         <load_address>0x8422a</load_address>
         <run_address>0x8422a</run_address>
         <size>0x19c</size>
         <input_file_ref idref="fl-2"/>
      </object_component>
      <object_component id="oc-2a6">
         <name>.const:.string</name>
         <load_address>0x843c6</load_address>
         <run_address>0x843c6</run_address>
         <size>0x9b</size>
         <input_file_ref idref="fl-16"/>
      </object_component>
      <object_component id="oc-1b6">
         <name>.const:.string</name>
         <load_address>0x84462</load_address>
         <run_address>0x84462</run_address>
         <size>0x9a</size>
         <input_file_ref idref="fl-4"/>
      </object_component>
      <object_component id="oc-2df">
         <name>.const:.string</name>
         <load_address>0x844fc</load_address>
         <run_address>0x844fc</run_address>
         <size>0x9a</size>
         <input_file_ref idref="fl-1a"/>
      </object_component>
      <object_component id="oc-60a">
         <name>.const:.string</name>
         <load_address>0x84596</load_address>
         <run_address>0x84596</run_address>
         <size>0x98</size>
         <input_file_ref idref="fl-15"/>
      </object_component>
      <object_component id="oc-306">
         <name>.const:.string</name>
         <load_address>0x8462e</load_address>
         <run_address>0x8462e</run_address>
         <size>0x98</size>
         <input_file_ref idref="fl-17"/>
      </object_component>
      <object_component id="oc-239">
         <name>.const:.string</name>
         <load_address>0x846c6</load_address>
         <run_address>0x846c6</run_address>
         <size>0x97</size>
         <input_file_ref idref="fl-11"/>
      </object_component>
      <object_component id="oc-728">
         <name>.const:.string</name>
         <load_address>0x8475e</load_address>
         <run_address>0x8475e</run_address>
         <size>0x97</size>
         <input_file_ref idref="fl-19"/>
      </object_component>
      <object_component id="oc-85">
         <name>.const:melody</name>
         <load_address>0x847f5</load_address>
         <run_address>0x847f5</run_address>
         <size>0x54</size>
         <input_file_ref idref="fl-2"/>
      </object_component>
      <object_component id="oc-41c">
         <name>.const:.string</name>
         <load_address>0x8484a</load_address>
         <run_address>0x8484a</run_address>
         <size>0x51</size>
         <input_file_ref idref="fl-18"/>
      </object_component>
      <object_component id="oc-6e9">
         <name>.const:.string</name>
         <load_address>0x8489c</load_address>
         <run_address>0x8489c</run_address>
         <size>0x50</size>
         <input_file_ref idref="fl-12"/>
      </object_component>
      <object_component id="oc-713">
         <name>.const:.string</name>
         <load_address>0x848ec</load_address>
         <run_address>0x848ec</run_address>
         <size>0x4c</size>
         <input_file_ref idref="fl-14"/>
      </object_component>
      <object_component id="oc-6b5">
         <name>.const:.string</name>
         <load_address>0x84938</load_address>
         <run_address>0x84938</run_address>
         <size>0x4b</size>
         <input_file_ref idref="fl-10"/>
      </object_component>
      <object_component id="oc-82">
         <name>.data</name>
         <load_address>0xa800</load_address>
         <run_address>0xa800</run_address>
         <size>0x18</size>
         <input_file_ref idref="fl-2"/>
      </object_component>
      <object_component id="oc-458">
         <name>.data</name>
         <load_address>0xa818</load_address>
         <run_address>0xa818</run_address>
         <size>0x6</size>
         <input_file_ref idref="fl-2d"/>
      </object_component>
      <object_component id="oc-45b">
         <name>.data:_lock</name>
         <load_address>0xa81e</load_address>
         <run_address>0xa81e</run_address>
         <size>0x2</size>
         <input_file_ref idref="fl-2e"/>
      </object_component>
      <object_component id="oc-751">
         <name>.data:_unlock</name>
         <load_address>0xa820</load_address>
         <run_address>0xa820</run_address>
         <size>0x2</size>
         <input_file_ref idref="fl-2e"/>
      </object_component>
      <object_component id="oc-9b">
         <name>.debug_types</name>
         <load_address>0x0</load_address>
         <run_address>0x0</run_address>
         <size>0xbad</size>
         <input_file_ref idref="fl-2"/>
      </object_component>
      <object_component id="oc-106">
         <name>.debug_types</name>
         <load_address>0xbad</load_address>
         <run_address>0xbad</run_address>
         <size>0x4512</size>
         <input_file_ref idref="fl-3"/>
      </object_component>
      <object_component id="oc-1ca">
         <name>.debug_types</name>
         <load_address>0x50bf</load_address>
         <run_address>0x50bf</run_address>
         <size>0x80a</size>
         <input_file_ref idref="fl-4"/>
      </object_component>
      <object_component id="oc-29f">
         <name>.debug_types</name>
         <load_address>0x0</load_address>
         <run_address>0x0</run_address>
         <size>0x0</size>
         <input_file_ref idref="fl-5"/>
[...]
            <run_address>0xa822</run_address>
            <run_size>0x18</run_size>
            <compression>zero_init</compression>
         </cprec>
      </cptbl>
   </cptbl_list>
   <handler_table>
      <handler_table_name>__TI_handler_table</handler_table_name>
      <handler>
         <index>0x0</index>
         <name>__TI_zero_init</name>
      </handler>
      <handler>
         <index>0x1</index>
         <name>__TI_decompress_lzss</name>
      </handler>
      <handler>
         <index>0x2</index>
         <name>__TI_decompress_none</name>
      </handler>
   </handler_table>
   <symbol_table>
      <symbol id="sm-1">
         <name>__TI_CINIT_Base</name>
         <value>0x81146</value>
      </symbol>
      <symbol id="sm-2">
         <name>__TI_CINIT_Limit</name>
         <value>0x8114e</value>
      </symbol>
      <symbol id="sm-3">
         <name>__TI_CINIT_Warm</name>
         <value>0x8114e</value>
      </symbol>
      <symbol id="sm-4">
         <name>__TI_Handler_Table_Base</name>
         <value>0x8113c</value>
      </symbol>
      <symbol id="sm-5">
         <name>__TI_Handler_Table_Limit</name>
         <value>0x81142</value>
      </symbol>
      <symbol id="sm-6">
         <name>__TI_STACK_SIZE</name>
         <value>0x200</value>
      </symbol>
      <symbol id="sm-7">
         <name>__TI_STACK_END</name>
         <value>0x600</value>
      </symbol>
      <symbol id="sm-8">
         <name>__TI_pprof_out_hndl</name>
         <value>0xffffffff</value>
      </symbol>
      <symbol id="sm-9">
         <name>__TI_prof_data_start</name>
         <value>0xffffffff</value>
      </symbol>
      <symbol id="sm-a">
         <name>__TI_prof_data_size</name>
         <value>0xffffffff</value>
      </symbol>
      <symbol id="sm-18b">
         <name>INT_myCAN0_0_ISR</name>
         <value>0x82d2e</value>
         <object_component_ref idref="oc-3b"/>
      </symbol>
      <symbol id="sm-18c">
         <name>g_distance_mm</name>
         <value>0xa800</value>
         <object_component_ref idref="oc-82"/>
      </symbol>
      <symbol id="sm-18d">
         <name>g_measureDone</name>
         <value>0xa801</value>
         <object_component_ref idref="oc-82"/>
      </symbol>
      <symbol id="sm-18e">
         <name>INT_myCAN0_1_ISR</name>
         <value>0x8364e</value>
         <object_component_ref idref="oc-47"/>
      </symbol>
      <symbol id="sm-18f">
         <name>INT_myADC0_1_ISR</name>
         <value>0x8318f</value>
         <object_component_ref idref="oc-35"/>
      </symbol>
      <symbol id="sm-190">
         <name>INT_myCPUTIMER1_ISR</name>
         <value>0x83052</value>
         <object_component_ref idref="oc-23"/>
      </symbol>
      <symbol id="sm-191">
         <name>g_echoRise</name>
         <value>0xa810</value>
         <object_component_ref idref="oc-82"/>
      </symbol>
      <symbol id="sm-192">
         <name>g_noteRemain</name>
         <value>0xa816</value>
         <object_component_ref idref="oc-82"/>
      </symbol>
      <symbol id="sm-193">
         <name>txMsgBuf</name>
         <value>0xa832</value>
         <object_component_ref idref="oc-e3"/>
      </symbol>
      <symbol id="sm-194">
         <name>g_noteIndex</name>
         <value>0xa803</value>
         <object_component_ref idref="oc-82"/>
      </symbol>
      <symbol id="sm-195">
         <name>g_mainLoopTick</name>
         <value>0xa802</value>
         <object_component_ref idref="oc-82"/>
      </symbol>
      <symbol id="sm-196">
         <name>main</name>
         <value>0x8242e</value>
         <object_component_ref idref="oc-29"/>
      </symbol>
      <symbol id="sm-197">
         <name>melody</name>
         <value>0x847f5</value>
         <object_component_ref idref="oc-85"/>
      </symbol>
      <symbol id="sm-198">
         <name>g_echoDelta</name>
         <value>0xa814</value>
         <object_component_ref idref="oc-82"/>
      </symbol>
      <symbol id="sm-199">
         <name>adc_ch2_raw</name>
         <value>0xa806</value>
         <object_component_ref idref="oc-82"/>
      </symbol>
      <symbol id="sm-19a">
         <name>EPWM_setNoteFrequency</name>
         <value>0x8346d</value>
         <object_component_ref idref="oc-88"/>
      </symbol>
      <symbol id="sm-19b">
         <name>rxMsg710</name>
         <value>0xa82a</value>
         <object_component_ref idref="oc-f5"/>
      </symbol>
      <symbol id="sm-19c">
         <name>rxMsg700</name>
         <value>0xa822</value>
         <object_component_ref idref="oc-f2"/>
      </symbol>
      <symbol id="sm-19d">
         <name>triggerUltrasonic</name>
         <value>0x83e60</value>
         <object_component_ref idref="oc-d2"/>
      </symbol>
      <symbol id="sm-19e">
         <name>count3</name>
         <value>0xa80c</value>
         <object_component_ref idref="oc-82"/>
      </symbol>
      <symbol id="sm-19f">
         <name>count2</name>
         <value>0xa80a</value>
         <object_component_ref idref="oc-82"/>
      </symbol>
      <symbol id="sm-1a0">
         <name>count4</name>
         <value>0xa80e</value>
         <object_component_ref idref="oc-82"/>
      </symbol>
      <symbol id="sm-1a1">
         <name>count</name>
         <value>0xa808</value>
         <object_component_ref idref="oc-82"/>
      </symbol>
      <symbol id="sm-1a2">
         <name>g_echoFall</name>
         <value>0xa812</value>
         <object_component_ref idref="oc-82"/>
      </symbol>
      <symbol id="sm-1a3">
         <name>adc_ch1_raw</name>
         <value>0xa805</value>
         <object_component_ref idref="oc-82"/>
      </symbol>
      <symbol id="sm-1a4">
         <name>INT_myECAP0_ISR</name>
         <value>0x82f35</value>
         <object_component_ref idref="oc-41"/>
      </symbol>
      <symbol id="sm-1a5">
         <name>system_loop_cnt</name>
         <value>0xa804</value>
         <object_component_ref idref="oc-82"/>
      </symbol>
      <symbol id="sm-54e">
         <name>myGPIO_echo_init</name>
         <value>0x84cd5</value>
         <object_component_ref idref="oc-406"/>
      </symbol>
      <symbol id="sm-54f">
         <name>INTERRUPT_init</name>
         <value>0x833f3</value>
         <object_component_ref idref="oc-2f"/>
      </symbol>
      <symbol id="sm-550">
         <name>PinMux_init</name>
         <value>0x82acb</value>
         <object_component_ref idref="oc-1d2"/>
      </symbol>
      <symbol id="sm-551">
         <name>ECAP_init</name>
         <value>0x84ff1</value>
         <object_component_ref idref="oc-1fc"/>
      </symbol>
      <symbol id="sm-552">
         <name>SCI_init</name>
         <value>0x84ff4</value>
         <object_component_ref idref="oc-20e"/>
      </symbol>
      <symbol id="sm-553">
         <name>Board_init</name>
         <value>0x83d3f</value>
         <object_component_ref idref="oc-a8"/>
      </symbol>
      <symbol id="sm-554">
         <name>GPIO_init</name>
         <value>0x84f92</value>
         <object_component_ref idref="oc-208"/>
      </symbol>
      <symbol id="sm-555">
         <name>SYSCTL_init</name>
         <value>0x82000</value>
         <object_component_ref idref="oc-1d8"/>
      </symbol>
      <symbol id="sm-556">
         <name>ADC_init</name>
         <value>0x84fe8</value>
         <object_component_ref idref="oc-1ea"/>
      </symbol>
      <symbol id="sm-557">
         <name>CAN_init</name>
         <value>0x84feb</value>
         <object_component_ref idref="oc-1f0"/>
      </symbol>
      <symbol id="sm-558">
         <name>myADC0_init</name>
         <value>0x82f95</value>
         <object_component_ref idref="oc-35f"/>
      </symbol>
      <symbol id="sm-559">
         <name>SYNC_init</name>
         <value>0x84f88</value>
         <object_component_ref idref="oc-1de"/>
      </symbol>
      <symbol id="sm-55a">
         <name>myCAN0_init</name>
         <value>0x829b8</value>
         <object_component_ref idref="oc-366"/>
      </symbol>
      <symbol id="sm-55b">
         <name>myGPIO_trig_init</name>
         <value>0x84ce9</value>
         <object_component_ref idref="oc-400"/>
      </symbol>
      <symbol id="sm-55c">
         <name>EPWM_init</name>
         <value>0x828e3</value>
         <object_component_ref idref="oc-202"/>
      </symbol>
      <symbol id="sm-55d">
         <name>myLED05_init</name>
         <value>0x84d11</value>
         <object_component_ref idref="oc-3f4"/>
      </symbol>
      <symbol id="sm-55e">
         <name>myLED04_init</name>
         <value>0x84cfd</value>
         <object_component_ref idref="oc-3fa"/>
      </symbol>
      <symbol id="sm-55f">
         <name>mySCI0_init</name>
         <value>0x8367d</value>
         <object_component_ref idref="oc-40d"/>
      </symbol>
      <symbol id="sm-560">
         <name>myECAP0_init</name>
         <value>0x82bca</value>
         <object_component_ref idref="oc-37a"/>
      </symbol>
      <symbol id="sm-561">
         <name>CPUTIMER_init</name>
         <value>0x84fe3</value>
         <object_component_ref idref="oc-1f6"/>
      </symbol>
      <symbol id="sm-562">
         <name>ASYSCTL_init</name>
         <value>0x84fd7</value>
         <object_component_ref idref="oc-1e4"/>
      </symbol>
      <symbol id="sm-563">
         <name>myCPUTIMER1_init</name>
         <value>0x83961</value>
         <object_component_ref idref="oc-373"/>
      </symbol>
      <symbol id="sm-564">
         <name>myCPUTIMER0_init</name>
         <value>0x8393c</value>
         <object_component_ref idref="oc-36d"/>
      </symbol>
      <symbol id="sm-5b4">
         <name>Device_init</name>
         <value>0x830a4</value>
         <object_component_ref idref="oc-9c"/>
      </symbol>
      <symbol id="sm-5b5">
         <name>__error__</name>
         <value>0x84fd0</value>
         <object_component_ref idref="oc-17b"/>
      </symbol>
      <symbol id="sm-5c9">
         <name>generic_flash_lnk_init</name>
         <value>0x82fff</value>
         <object_component_ref idref="oc-298"/>
      </symbol>
      <symbol id="sm-5ca">
         <name>CMD_init</name>
         <value>0x84fee</value>
         <object_component_ref idref="oc-18c"/>
      </symbol>
      <symbol id="sm-5da">
         <name>code_start</name>
         <value>0x80000</value>
         <object_component_ref idref="oc-1e"/>
      </symbol>
      <symbol id="sm-601">
         <name>ADC_setOffsetTrimAll</name>
         <value>0x83808</value>
         <object_component_ref idref="oc-6b6"/>
      </symbol>
      <symbol id="sm-602">
         <name>ADC_setVREF</name>
         <value>0x83858</value>
         <object_component_ref idref="oc-4df"/>
      </symbol>
      <symbol id="sm-68d">
         <name>CAN_sendMessage</name>
         <value>0x82cbc</value>
         <object_component_ref idref="oc-e6"/>
      </symbol>
      <symbol id="sm-68e">
         <name>CAN_setBitTiming</name>
         <value>0x82ed1</value>
         <object_component_ref idref="oc-534"/>
      </symbol>
      <symbol id="sm-68f">
         <name>CAN_clearInterruptStatus</name>
         <value>0x83221</value>
         <object_component_ref idref="oc-126"/>
      </symbol>
      <symbol id="sm-690">
         <name>CAN_setupMessageObject</name>
         <value>0x82808</value>
         <object_component_ref idref="oc-546"/>
      </symbol>
      <symbol id="sm-691">
         <name>CAN_initModule</name>
         <value>0x83cb3</value>
         <object_component_ref idref="oc-52e"/>
      </symbol>
      <symbol id="sm-692">
         <name>CAN_readMessage</name>
         <value>0x82e06</value>
         <object_component_ref idref="oc-120"/>
      </symbol>
      <symbol id="sm-6ac">
         <name>CPUTimer_setEmulationMode</name>
         <value>0x84d4b</value>
         <object_component_ref idref="oc-559"/>
      </symbol>
      <symbol id="sm-6c7">
         <name>ECAP_setEmulationMode</name>
         <value>0x83b8e</value>
         <object_component_ref idref="oc-5df"/>
      </symbol>
      <symbol id="sm-6e2">
         <name>EPWM_setEmulationMode</name>
         <value>0x84a6a</value>
         <object_component_ref idref="oc-381"/>
      </symbol>
      <symbol id="sm-752">
         <name>Flash_initModule</name>
         <value>0x81000</value>
         <object_component_ref idref="oc-192"/>
      </symbol>
      <symbol id="sm-7a2">
         <name>GPIO_setQualificationMode</name>
         <value>0x83550</value>
         <object_component_ref idref="oc-319"/>
      </symbol>
      <symbol id="sm-7a3">
         <name>GPIO_setPadConfig</name>
         <value>0x83000</value>
         <object_component_ref idref="oc-313"/>
      </symbol>
      <symbol id="sm-7a4">
         <name>GPIO_setAnalogMode</name>
         <value>0x82d9c</value>
         <object_component_ref idref="oc-1c3"/>
      </symbol>
      <symbol id="sm-7a5">
         <name>GPIO_setDirectionMode</name>
         <value>0x835be</value>
         <object_component_ref idref="oc-625"/>
      </symbol>
      <symbol id="sm-7a6">
         <name>GPIO_setPinConfig</name>
         <value>0x83519</value>
         <object_component_ref idref="oc-30d"/>
      </symbol>
      <symbol id="sm-7a7">
         <name>GPIO_setControllerCore</name>
         <value>0x834e2</value>
         <object_component_ref idref="oc-62b"/>
      </symbol>
      <symbol id="sm-820">
         <name>Interrupt_defaultHandler</name>
         <value>0x84a96</value>
         <object_component_ref idref="oc-4d"/>
      </symbol>
      <symbol id="sm-821">
         <name>Interrupt_disable</name>
         <value>0x830f4</value>
         <object_component_ref idref="oc-ff"/>
      </symbol>
      <symbol id="sm-822">
         <name>Interrupt_initModule</name>
         <value>0x83430</value>
         <object_component_ref idref="oc-a2"/>
      </symbol>
      <symbol id="sm-823">
         <name>Interrupt_nmiHandler</name>
         <value>0x84f7e</value>
         <object_component_ref idref="oc-5f"/>
      </symbol>
      <symbol id="sm-824">
         <name>Interrupt_enable</name>
         <value>0x83587</value>
         <object_component_ref idref="oc-b4"/>
      </symbol>
      <symbol id="sm-825">
         <name>Interrupt_initVectorTable</name>
         <value>0x83be8</value>
         <object_component_ref idref="oc-53"/>
      </symbol>
      <symbol id="sm-826">
         <name>Interrupt_illegalOperationHandler</name>
         <value>0x84f74</value>
         <object_component_ref idref="oc-59"/>
      </symbol>
      <symbol id="sm-86a">
         <name>SCI_clearInterruptStatus</name>
         <value>0x832ad</value>
         <object_component_ref idref="oc-635"/>
      </symbol>
      <symbol id="sm-86b">
         <name>SCI_setConfig</name>
         <value>0x833b5</value>
         <object_component_ref idref="oc-64d"/>
      </symbol>
      <symbol id="sm-989">
         <name>SysCtl_isPLLValid</name>
         <value>0x8270a</value>
         <object_component_ref idref="oc-2f2"/>
      </symbol>
      <symbol id="sm-98a">
         <name>SysCtl_delay</name>
         <value>0x8112a</value>
         <object_component_ref idref="oc-227"/>
      </symbol>
      <symbol id="sm-98b">
         <name>SysCtl_selectXTALSingleEnded</name>
         <value>0x83917</value>
         <object_component_ref idref="oc-479"/>
      </symbol>
      <symbol id="sm-98c">
         <name>SysCtl_selectXTAL</name>
         <value>0x83267</value>
         <object_component_ref idref="oc-473"/>
      </symbol>
      <symbol id="sm-98d">
         <name>SysCtl_selectOscSource</name>
         <value>0x83142</value>
         <object_component_ref idref="oc-2e6"/>
      </symbol>
      <symbol id="sm-98e">
         <name>SysCtl_getLowSpeedClock</name>
         <value>0x83e2d</value>
         <object_component_ref idref="oc-1b7"/>
      </symbol>
      <symbol id="sm-98f">
         <name>SysCtl_setClock</name>
         <value>0x825e7</value>
         <object_component_ref idref="oc-198"/>
      </symbol>
      <symbol id="sm-990">
         <name>SysCtl_getClock</name>
         <value>0x82e6c</value>
         <object_component_ref idref="oc-1b0"/>
      </symbol>
      <symbol id="sm-991">
         <name>SysCtl_configureType</name>
         <value>0x838f2</value>
         <object_component_ref idref="oc-326"/>
      </symbol>
      <symbol id="sm-99b">
         <name>_c_int00</name>
         <value>0x849fb</value>
         <object_component_ref idref="oc-15d"/>
      </symbol>
      <symbol id="sm-99c">
         <name>__stack</name>
         <value>0x400</value>
         <object_component_ref idref="oc-65"/>
      </symbol>
      <symbol id="sm-9a9">
         <name>__c28xabi_divf</name>
         <value>0x82a43</value>
         <object_component_ref idref="oc-de"/>
      </symbol>
      <symbol id="sm-9b6">
         <name>_system_pre_init</name>
         <value>0x84ff7</value>
         <object_component_ref idref="oc-279"/>
      </symbol>
      <symbol id="sm-9c5">
         <name>__TI_auto_init_nobinit_nopinit</name>
         <value>0x837b4</value>
         <object_component_ref idref="oc-426"/>
      </symbol>
      <symbol id="sm-9d4">
         <name>__TI_zero_init_nomemset</name>
         <value>0x84f39</value>
         <object_component_ref idref="oc-70"/>
      </symbol>
      <symbol id="sm-9e1">
         <name>__TI_decompress_none</name>
         <value>0x84fa4</value>
         <object_component_ref idref="oc-17"/>
      </symbol>
      <symbol id="sm-9f5">
         <name>__TI_decompress_lzss</name>
         <value>0x836da</value>
         <object_component_ref idref="oc-11"/>
      </symbol>
      <symbol id="sm-a0b">
         <name>C$$EXIT</name>
         <value>0x837df</value>
         <object_component_ref idref="oc-286"/>
      </symbol>
      <symbol id="sm-a0c">
         <name>abort</name>
         <value>0x837df</value>
         <object_component_ref idref="oc-286"/>
      </symbol>
      <symbol id="sm-a0d">
         <name>exit</name>
         <value>0x837e1</value>
         <object_component_ref idref="oc-286"/>
      </symbol>
      <symbol id="sm-a0e">
         <name>__TI_dtors_ptr</name>
         <value>0xa81c</value>
         <object_component_ref idref="oc-458"/>
      </symbol>
      <symbol id="sm-a0f">
         <name>__TI_cleanup_ptr</name>
         <value>0xa81a</value>
         <object_component_ref idref="oc-458"/>
      </symbol>
      <symbol id="sm-a10">
         <name>__TI_enable_exit_profile_output</name>
         <value>0xa818</value>
         <object_component_ref idref="oc-458"/>
      </symbol>
      <symbol id="sm-a27">
         <name>_nop</name>
         <value>0x84fa3</value>
         <object_component_ref idref="oc-683"/>
      </symbol>
      <symbol id="sm-a28">
         <name>_lock</name>
         <value>0xa81e</value>
         <object_component_ref idref="oc-45b"/>
      </symbol>
      <symbol id="sm-a29">
         <name>_unlock</name>
         <value>0xa820</value>
         <object_component_ref idref="oc-751"/>
      </symbol>
      <symbol id="sm-a2a">
         <name>_register_lock</name>
         <value>0x84f9f</value>
         <object_component_ref idref="oc-683"/>
      </symbol>
      <symbol id="sm-a2b">
         <name>_register_unlock</name>
         <value>0x84f9b</value>
         <object_component_ref idref="oc-683"/>
      </symbol>
      <symbol id="sm-a3a">
         <name>_args_main</name>
         <value>0x84f52</value>
         <object_component_ref idref="oc-280"/>
      </symbol>
      <symbol id="sm-a4e">
         <name>memcpy</name>
         <value>0x83c7a</value>
         <object_component_ref idref="oc-68"/>
      </symbol>
      <symbol id="sm-a5b">
         <name>_system_post_cinit</name>
         <value>0x84ff9</value>
         <object_component_ref idref="oc-669"/>
      </symbol>
      <symbol id="sm-a5d">
         <name>__c_args__</name>
         <value>0x0</value>
      </symbol>
   </symbol_table>
   <title>Link successful</title>
</link_info>
