******************************************************************************
             TMS320C2000 Linker PC v22.6.2                     
******************************************************************************
>> Linked Wed Dec 17 15:15:39 2025

OUTPUT FILE NAME:   <gpio_ex2_toggle.out>
ENTRY POINT SYMBOL: "code_start"  address: 00080000


MEMORY CONFIGURATION

         name            origin    length      used     unused   attr    fill
----------------------  --------  ---------  --------  --------  ----  --------
  RAMM0                 00000128   000002d8  00000000  000002d8  RWIX
  RAMM1                 00000400   000003f8  00000200  000001f8  RWIX
  CLATOCPU_MSGRAM       00001480   00000080  00000000  00000080  RWIX
  CPUTOCLA_MSGRAM       00001500   00000080  00000000  00000080  RWIX
  CLATODMA_MSGRAM       00001680   00000080  00000000  00000080  RWIX
  DMATOCLA_MSGRAM       00001700   00000080  00000000  00000080  RWIX
  RAMLS0                00008000   00000800  00000000  00000800  RWIX
  RAMLS1                00008800   00000800  00000000  00000800  RWIX
  RAMLS2                00009000   00000800  00000000  00000800  RWIX
  RAMLS3                00009800   00000800  00000000  00000800  RWIX
  RAMLS4                0000a000   00000800  00000000  00000800  RWIX
  RAMLS5                0000a800   00000800  00000033  000007cd  RWIX
  RAMLS6                0000b000   00000800  00000000  00000800  RWIX
  RAMLS7                0000b800   00000800  00000000  00000800  RWIX
  RAMGS0                0000c000   00001000  00000000  00001000  RWIX
  RAMGS1                0000d000   00001000  00000000  00001000  RWIX
  RAMGS2                0000e000   00001000  00000000  00001000  RWIX
  RAMGS3                0000f000   00000ff8  00000000  00000ff8  RWIX
  FLASH_BANK0_SEC0      00080000   00001000  00000002  00000ffe  RWIX
  FLASH_BANK0_SEC1      00081000   00001000  0000014c  00000eb4  RWIX
  FLASH_BANK0_SEC2      00082000   00001000  00001000  00000000  RWIX
  FLASH_BANK0_SEC3      00083000   00001000  00001000  00000000  RWIX
  FLASH_BANK0_SEC4      00084000   00001000  00001000  00000000  RWIX
  FLASH_BANK0_SEC5      00085000   00001000  00001000  00000000  RWIX
  FLASH_BANK0_SEC6      00086000   00001000  0000042f  00000bd1  RWIX
  FLASH_BANK0_SEC7      00087000   00001000  00000000  00001000  RWIX
  FLASH_BANK0_SEC8      00088000   00001000  00000000  00001000  RWIX
  FLASH_BANK0_SEC9      00089000   00001000  00000000  00001000  RWIX
  FLASH_BANK0_SEC10     0008a000   00001000  00000000  00001000  RWIX
  FLASH_BANK0_SEC11     0008b000   00001000  00000000  00001000  RWIX
  FLASH_BANK0_SEC12     0008c000   00001000  00000000  00001000  RWIX
  FLASH_BANK0_SEC13     0008d000   00001000  00000000  00001000  RWIX
  FLASH_BANK0_SEC14     0008e000   00001000  00000000  00001000  RWIX
  FLASH_BANK0_SEC15     0008f000   00001000  00000000  00001000  RWIX
  FLASH_BANK1_SEC0      00090000   00001000  00000000  00001000  RWIX
  FLASH_BANK1_SEC1      00091000   00001000  00000000  00001000  RWIX
  FLASH_BANK1_SEC2      00092000   00001000  00000000  00001000  RWIX
  FLASH_BANK1_SEC3      00093000   00001000  00000000  00001000  RWIX
  FLASH_BANK1_SEC4      00094000   00001000  00000000  00001000  RWIX
  FLASH_BANK1_SEC5      00095000   00001000  00000000  00001000  RWIX
  FLASH_BANK1_SEC6      00096000   00001000  00000000  00001000  RWIX
  FLASH_BANK1_SEC7      00097000   00001000  00000000  00001000  RWIX
  FLASH_BANK1_SEC8      00098000   00001000  00000000  00001000  RWIX
  FLASH_BANK1_SEC9      00099000   00001000  00000000  00001000  RWIX
  FLASH_BANK1_SEC10     0009a000   00001000  00000000  00001000  RWIX
  FLASH_BANK1_SEC11     0009b000   00001000  00000000  00001000  RWIX
  FLASH_BANK1_SEC12     0009c000   00001000  00000000  00001000  RWIX
  FLASH_BANK1_SEC13     0009d000   00001000  00000000  00001000  RWIX
  FLASH_BANK1_SEC14     0009e000   00001000  00000000  00001000  RWIX
  FLASH_BANK1_SEC15     0009f000   00001000  00000000  00001000  RWIX
  FLASH_BANK2_SEC0      000a0000   00001000  00000000  00001000  RWIX
  FLASH_BANK2_SEC1      000a1000   00001000  00000000  00001000  RWIX
  FLASH_BANK2_SEC2      000a2000   00001000  00000000  00001000  RWIX
  FLASH_BANK2_SEC3      000a3000   00001000  00000000  00001000  RWIX
  FLASH_BANK2_SEC4      000a4000   00001000  00000000  00001000  RWIX
  FLASH_BANK2_SEC5      000a5000   00001000  00000000  00001000  RWIX
  FLASH_BANK2_SEC6      000a6000   00001000  00000000  00001000  RWIX
  FLASH_BANK2_SEC7      000a7000   00001000  00000000  00001000  RWIX
  FLASH_BANK2_SEC8      000a8000   00001000  00000000  00001000  RWIX
  FLASH_BANK2_SEC9      000a9000   00001000  00000000  00001000  RWIX
  FLASH_BANK2_SEC10     000aa000   00001000  00000000  00001000  RWIX
  FLASH_BANK2_SEC11     000ab000   00001000  00000000  00001000  RWIX
  FLASH_BANK2_SEC12     000ac000   00001000  00000000  00001000  RWIX
  FLASH_BANK2_SEC13     000ad000   00001000  00000000  00001000  RWIX
  FLASH_BANK2_SEC14     000ae000   00001000  00000000  00001000  RWIX
  FLASH_BANK2_SEC15     000af000   00000ff0  00000000  00000ff0  RWIX
  RESET                 003fffc0   00000002  00000000  00000002  RWIX


SECTION ALLOCATION MAP

 output                                  attributes/
section   page    origin      length       input sections
--------  ----  ----------  ----------   ----------------
.reset     0    003fffc0    00000000     DSECT

.stack     0    00000400    00000200     UNINITIALIZED
                  00000400    00000200     --HOLE--

codestart 
*          0    00080000    00000002     
                  00080000    00000002     f28003x_codestartbranch.obj (codestart)

.TI.ramfunc 
*          0    00081000    0000012e     
                  00081000    00000049     driverlib.lib : flash.obj (.TI.ramfunc:Flash_initModule)
                  00081049    0000002c                   : flash.obj (.TI.ramfunc:Flash_setBankPowerMode)
                  00081075    00000024                   : flash.obj (.TI.ramfunc:Flash_setWaitstates)
                  00081099    0000001d                   : flash.obj (.TI.ramfunc:Flash_setPumpPowerMode)
                  000810b6    00000018                   : flash.obj (.TI.ramfunc:Flash_disableCache)
                  000810ce    00000018                   : flash.obj (.TI.ramfunc:Flash_disablePrefetch)
                  000810e6    00000017                   : flash.obj (.TI.ramfunc:Flash_enableCache)
                  000810fd    00000017                   : flash.obj (.TI.ramfunc:Flash_enablePrefetch)
                  00081114    00000016                   : flash.obj (.TI.ramfunc:Flash_enableECC)
                  0008112a    00000004                   : sysctl.obj (.TI.ramfunc)

.data      0    0000a800    0000001b     UNINITIALIZED
                  0000a800    00000010     gpio_ex2_toggle.obj (.data)
                  0000a810    00000006     rts2800_fpu32_eabi.lib : exit.c.obj (.data)
                  0000a816    00000002                            : _lock.c.obj (.data:_lock)
                  0000a818    00000002                            : _lock.c.obj (.data:_unlock)
                  0000a81a    00000001                            : errno.c.obj (.data)

.cinit     0    00081130    0000001e     
                  00081130    0000000b     (.cinit..data.load) [load image, compression = lzss]
                  0008113b    00000001     --HOLE-- [fill = 0]
                  0008113c    00000006     (__TI_handler_table)
                  00081142    00000004     (.cinit..bss.load) [load image, compression = zero_init]
                  00081146    00000008     (__TI_cinit_table)

.init_array 
*          0    00081000    00000000     UNINITIALIZED

.bss       0    0000a81b    00000018     UNINITIALIZED
                  0000a81b    00000008     gpio_ex2_toggle.obj (.bss:rx700)
                  0000a823    00000008     gpio_ex2_toggle.obj (.bss:rx710)
                  0000a82b    00000008     gpio_ex2_toggle.obj (.bss:txBuf)

.const     0    00084000    00000ac0     
                  00084000    00000229     board.obj (.const:.string)
                  00084229    00000001     --HOLE-- [fill = 0]
                  0008422a    000001a8     gpio_ex2_toggle.obj (.const:.string)
                  000843d2    00000101     rts2800_fpu32_eabi.lib : ctype.c.obj (.const:.string:_ctypes_)
                  000844d3    00000001     --HOLE-- [fill = 0]
                  000844d4    0000009b     driverlib.lib : flash.obj (.const:.string)
                  0008456f    00000001     --HOLE-- [fill = 0]
                  00084570    0000009a     device.obj (.const:.string)
                  0008460a    0000009a     driverlib.lib : sysctl.obj (.const:.string)
                  000846a4    00000098                   : epwm.obj (.const:.string)
                  0008473c    00000098                   : gpio.obj (.const:.string)
                  000847d4    00000097                   : can.obj (.const:.string)
                  0008486b    00000001     --HOLE-- [fill = 0]
                  0008486c    00000097                   : sci.obj (.const:.string)
                  00084903    00000001     --HOLE-- [fill = 0]
                  00084904    00000051                   : interrupt.obj (.const:.string)
                  00084955    00000001     --HOLE-- [fill = 0]
                  00084956    00000050                   : cputimer.obj (.const:.string)
                  000849a6    0000004c                   : ecap.obj (.const:.string)
                  000849f2    0000004b                   : adc.obj (.const:.string)
                  00084a3d    00000001     --HOLE-- [fill = 0]
                  00084a3e    00000026     rts2800_fpu32_eabi.lib : _printfi.c.obj (.const:.string)
                  00084a64    0000001c     gpio_ex2_toggle.obj (.const:melody)
                  00084a80    0000001c     rts2800_fpu32_eabi.lib : _printfi.c.obj (.const)
                  00084a9c    0000001c                            : s_scalbn.c.obj (.const)
                  00084ab8    00000008                            : s_frexp.c.obj (.const)

.text.1    0    00082000    00001000     
                  00082000    000006c2     rts2800_fpu32_eabi.lib : _printfi.c.obj (.text)
                  000826c2    00000614                            : _printfi.c.obj (.text:__TI_printfi)
                  00082cd6    000001c0     gpio_ex2_toggle.obj (.text:main)
                  00082e96    00000123     driverlib.lib : sysctl.obj (.text:SysCtl_setClock)
                  00082fb9    00000046     board.obj (.text:ADC_setupSOC)
                  00082fff    00000001     device_cmd.obj (.text:generic_flash_lnk_init)

.text.2    0    00083000    00001000     
                  00083000    0000042e     board.obj (.text:SYSCTL_init)
                  0008342e    00000107     rts2800_fpu32_eabi.lib : ll_div28.asm.obj (.text)
                  00083535    000000fe     driverlib.lib : sysctl.obj (.text:SysCtl_isPLLValid)
                  00083633    000000db                   : can.obj (.text:CAN_setupMessageObject)
                  0008370e    000000d5     board.obj (.text:EPWM_init)
                  000837e3    000000a9     rts2800_fpu32_eabi.lib : s_scalbn.c.obj (.text)
                  0008388c    0000009c                            : fd_add28.asm.obj (.text)
                  00083928    0000008b     board.obj (.text:myCAN0_init)
                  000839b3    0000008b     rts2800_fpu32_eabi.lib : fd_div28.asm.obj (.text)
                  00083a3e    00000088                            : fs_div28.asm.obj (.text)
                  00083ac6    00000083                            : fd_mpy28.asm.obj (.text)
                  00083b49    00000080     board.obj (.text:PinMux_init)
                  00083bc9    0000007f     driverlib.lib : interrupt.obj (.text:Interrupt_clearIFR)
                  00083c48    0000007f     board.obj (.text:myECAP0_init)
                  00083cc7    00000073     driverlib.lib : sysctl.obj (.text:DCC_setCounterSeeds)
                  00083d3a    00000072                   : can.obj (.text:CAN_sendMessage)
                  00083dac    0000006a                   : gpio.obj (.text:GPIO_setAnalogMode)
                  00083e16    00000066                   : can.obj (.text:CAN_readMessage)
                  00083e7c    00000066     gpio_ex2_toggle.obj (.text:INT_myECAP0_ISR)
                  00083ee2    00000065     driverlib.lib : sysctl.obj (.text:SysCtl_getClock)
                  00083f47    00000064                   : can.obj (.text:CAN_setBitTiming)
                  00083fab    00000052                   : gpio.obj (.text:GPIO_setPadConfig)
                  00083ffd    00000003     board.obj (.text:ADC_init)

.text.3    0    00084ac0    00000540     
                  00084ac0    0000005d     board.obj (.text:myADC0_init)
                  00084b1d    0000005b     gpio_ex2_toggle.obj (.text:INT_myCAN0_0_ISR)
                  00084b78    0000005a     rts2800_fpu32_eabi.lib : s_frexp.c.obj (.text)
                  00084bd2    00000057     gpio_ex2_toggle.obj (.text:INT_myCPUTIMER1_ISR)
                  00084c29    00000050     device.obj (.text:Device_init)
                  00084c79    0000004e     driverlib.lib : interrupt.obj (.text:Interrupt_disable)
                  00084cc7    0000004d                   : sysctl.obj (.text:SysCtl_selectOscSource)
                  00084d14    00000046                   : can.obj (.text:CAN_clearInterruptStatus)
                  00084d5a    00000046     gpio_ex2_toggle.obj (.text:INT_myADC0_1_ISR)
                  00084da0    00000046     driverlib.lib : sysctl.obj (.text:SysCtl_selectXTAL)
                  00084de6    00000045                   : sci.obj (.text:SCI_clearInterruptStatus)
                  00084e2b    00000045                   : sysctl.obj (.text:SysCtl_pollX1Counter)
                  00084e70    00000041                   : sci.obj (.text:SCI_writeCharArray)
                  00084eb1    00000040     board.obj (.text:EPWM_setActionQualifierAction)
                  00084ef1    0000003e     board.obj (.text:EPWM_setCounterCompareShadowLoadMode)
                  00084f2f    0000003e     driverlib.lib : sci.obj (.text:SCI_setConfig)
                  00084f6d    0000003d     board.obj (.text:INTERRUPT_init)
                  00084faa    0000003d     driverlib.lib : interrupt.obj (.text:Interrupt_initModule)
                  00084fe7    00000019                   : sysctl.obj (.text:SysCtl_setPLLSysClk)

.text.4    0    00085000    00001000     
                  00085000    0000003a     board.obj (.text:EPWM_setActionQualifierShadowLoadMode)
                  0008503a    00000038     gpio_ex2_toggle.obj (.text:EPWM_setNote)
                  00085072    00000037     driverlib.lib : gpio.obj (.text:GPIO_setControllerCore)
                  000850a9    00000037                   : gpio.obj (.text:GPIO_setPinConfig)
                  000850e0    00000037                   : gpio.obj (.text:GPIO_setQualificationMode)
                  00085117    00000037                   : interrupt.obj (.text:Interrupt_enable)
                  0008514e    00000032     rts2800_fpu32_eabi.lib : sprintf.c.obj (.text)
                  00085180    00000031     driverlib.lib : gpio.obj (.text:GPIO_setDirectionMode)
                  000851b1    00000031     rts2800_fpu32_eabi.lib : atoi.c.obj (.text)
                  000851e2    00000030     gpio_ex2_toggle.obj (.text:ECAP_getEventTimeStamp)
                  00085212    00000030     rts2800_fpu32_eabi.lib : _ltoa.c.obj (.text)
                  00085242    0000002f     board.obj (.text:ADC_setInterruptSource)
                  00085271    0000002f     gpio_ex2_toggle.obj (.text:INT_myCAN0_1_ISR)
                  000852a0    0000002f     board.obj (.text:mySCI0_init)
                  000852cf    0000002e     board.obj (.text:ADC_setInterruptSOCTrigger)
                  000852fd    0000002e     rts2800_fpu32_eabi.lib : copy_decompress_lzss.c.obj (.text:decompress:lzss)
                  0008532b    0000002b     board.obj (.text:ECAP_setCaptureMode)
                  00085356    0000002b     board.obj (.text:EPWM_isBaseValid)
                  00085381    0000002b     driverlib.lib : epwm.obj (.text:EPWM_isBaseValid)
                  000853ac    0000002b     gpio_ex2_toggle.obj (.text:EPWM_isBaseValid)
                  000853d7    0000002b     rts2800_fpu32_eabi.lib : autoinit.c.obj (.text:__TI_auto_init_nobinit_nopinit)
                  00085402    0000002a                            : fd_cmp28.asm.obj (.text)
                  0008542c    0000002a                            : l_div28.asm.obj (.text)
                  00085456    00000029                            : exit.c.obj (.text)
                  0008547f    00000028     driverlib.lib : adc.obj (.text:ADC_setOffsetTrimAll)
                  000854a7    00000028     board.obj (.text:ECAP_setEventPrescaler)
                  000854cf    00000027     driverlib.lib : adc.obj (.text:ADC_setVREF)
                  000854f6    00000027     device.obj (.text:CAN_selectClockSource)
                  0008551d    00000027     gpio_ex2_toggle.obj (.text:GPIO_writePin)
                  00085544    00000025     board.obj (.text:ECAP_setEventPolarity)
                  00085569    00000025     driverlib.lib : sysctl.obj (.text:SysCtl_configureType)
                  0008558e    00000025                   : sysctl.obj (.text:SysCtl_selectXTALSingleEnded)
                  000855b3    00000025     board.obj (.text:myCPUTIMER0_init)
                  000855d8    00000025     board.obj (.text:myCPUTIMER1_init)
                  000855fd    00000024     driverlib.lib : sysctl.obj (.text:DCC_enableSingleShotMode)
                  00085621    00000024     board.obj (.text:EPWM_disableCounterCompareShadowLoadMode)
                  00085645    00000024     rts2800_fpu32_eabi.lib : s_copysign.c.obj (.text)
                  00085669    00000022     board.obj (.text:CAN_enableInterrupt)
                  0008568b    00000022     driverlib.lib : can.obj (.text:CAN_writeDataReg)
                  000856ad    00000022     board.obj (.text:EPWM_setCounterCompareValue)
                  000856cf    00000022     gpio_ex2_toggle.obj (.text:EPWM_setCounterCompareValue)
                  000856f1    00000021     board.obj (.text:ADC_disableContinuousMode)
                  00085712    00000021     rts2800_fpu32_eabi.lib : fd_toi28.asm.obj (.text)
                  00085733    00000020     board.obj (.text:ADC_enableInterrupt)
                  00085753    00000020     board.obj (.text:ECAP_disableInterrupt)
                  00085773    00000020     driverlib.lib : sci.obj (.text:SCI_isFIFOEnabled)
                  00085793    0000001f     gpio_ex2_toggle.obj (.text:CPUTimer_getTimerOverflowStatus)
                  000857b2    0000001f     board.obj (.text:ECAP_enableInterrupt)
                  000857d1    0000001f     board.obj (.text:EPWM_setFallingEdgeDelayCountShadowLoadMode)
                  000857f0    0000001f     board.obj (.text:EPWM_setRisingEdgeDelayCountShadowLoadMode)
                  0008580f    0000001f     gpio_ex2_toggle.obj (.text:GPIO_togglePin)
                  0008582e    0000001f     rts2800_fpu32_eabi.lib : fd_tol28.asm.obj (.text)
                  0008584d    0000001e     driverlib.lib : sysctl.obj (.text:DCC_setCounter0ClkSource)
                  0008586b    0000001e                   : sysctl.obj (.text:DCC_setCounter1ClkSource)
                  00085889    0000001e                   : ecap.obj (.text:ECAP_setEmulationMode)
                  000858a7    0000001e     board.obj (.text:ECAP_setSyncInPulseSource)
                  000858c5    0000001e     board.obj (.text:EPWM_setPhaseShift)
                  000858e3    0000001e     driverlib.lib : interrupt.obj (.text:Interrupt_initVectorTable)
                  00085901    0000001e     rts2800_fpu32_eabi.lib : ll_cmp28.asm.obj (.text)
                  0008591f    0000001d     gpio_ex2_toggle.obj (.text:CAN_clearGlobalInterruptStatus)
                  0008593c    0000001d     board.obj (.text:CAN_enableGlobalInterrupt)
                  00085959    0000001d     board.obj (.text:ECAP_clearInterrupt)
                  00085976    0000001d     gpio_ex2_toggle.obj (.text:ECAP_clearInterrupt)
                  00085993    0000001d     rts2800_fpu32_eabi.lib : i_tofd28.asm.obj (.text)
                  000859b0    0000001d                            : memcpy.c.obj (.text)
                  000859cd    0000001c     board.obj (.text:ADC_setSOCPriority)
                  000859e9    0000001c     driverlib.lib : can.obj (.text:CAN_initModule)
                  00085a05    0000001c     board.obj (.text:ECAP_disableCounterResetOnEvent)
                  00085a21    0000001c     board.obj (.text:ECAP_selectECAPInput)
                  00085a3d    0000001c     board.obj (.text:ECAP_setSyncOutMode)
                  00085a59    0000001c     board.obj (.text:EPWM_setClockPrescaler)
                  00085a75    0000001c     rts2800_fpu32_eabi.lib : l_tofd28.asm.obj (.text)
                  00085a91    0000001c     gpio_ex2_toggle.obj (.text:triggerUltrasonic)
                  00085aad    0000001b     board.obj (.text:Board_init)
                  00085ac8    0000001b     driverlib.lib : can.obj (.text:CAN_readDataReg)
                  00085ae3    0000001b     board.obj (.text:ECAP_enableCounterResetOnEvent)
                  00085afe    0000001b     board.obj (.text:SysCtl_setStandbyQualificationPeriod)
                  00085b19    0000001a     gpio_ex2_toggle.obj (.text:ADC_readResult)
                  00085b33    0000001a     driverlib.lib : can.obj (.text:CAN_initRAM)
                  00085b4d    0000001a     board.obj (.text:CPUTimer_startTimer)
                  00085b67    0000001a     gpio_ex2_toggle.obj (.text:CPUTimer_startTimer)
                  00085b81    0000001a     board.obj (.text:EPWM_disableActionQualifierShadowLoadMode)
                  00085b9b    0000001a     driverlib.lib : sci.obj (.text:SCI_isSpaceAvailableNonFIFO)
                  00085bb5    0000001a                   : sysctl.obj (.text:SysCtl_getLowSpeedClock)
                  00085bcf    00000018     board.obj (.text:EPWM_disableFallingEdgeDelayCountShadowLoadMode)
                  00085be7    00000018     board.obj (.text:EPWM_disableRisingEdgeDelayCountShadowLoadMode)
                  00085bff    00000018     board.obj (.text:EPWM_setPeriodLoadMode)
                  00085c17    00000018     driverlib.lib : sci.obj (.text:SCI_disableModule)
                  00085c2f    00000018     board.obj (.text:SCI_performSoftwareReset)
                  00085c47    00000018     driverlib.lib : sci.obj (.text:SCI_performSoftwareReset)
                  00085c5f    00000018     board.obj (.text:SCI_resetChannels)
                  00085c77    00000018     rts2800_fpu32_eabi.lib : ll_aox28.asm.obj (.text)
                  00085c8f    00000017     gpio_ex2_toggle.obj (.text:ADC_forceSOC)
                  00085ca6    00000017     board.obj (.text:ADC_isBaseValid)
                  00085cbd    00000017     driverlib.lib : adc.obj (.text:ADC_isBaseValid)
                  00085cd4    00000017     gpio_ex2_toggle.obj (.text:ADC_isBaseValid)
                  00085ceb    00000017     board.obj (.text:ASysCtl_setAnalogReferenceExternal)
                  00085d02    00000017     board.obj (.text:CPUTimer_isBaseValid)
                  00085d19    00000017     driverlib.lib : cputimer.obj (.text:CPUTimer_isBaseValid)
                  00085d30    00000017     gpio_ex2_toggle.obj (.text:CPUTimer_isBaseValid)
                  00085d47    00000017     board.obj (.text:CPUTimer_setPreScaler)
                  00085d5e    00000017     board.obj (.text:ECAP_isBaseValid)
                  00085d75    00000017     driverlib.lib : ecap.obj (.text:ECAP_isBaseValid)
                  00085d8c    00000017     gpio_ex2_toggle.obj (.text:ECAP_isBaseValid)
                  00085da3    00000017     board.obj (.text:SysCtl_enablePeripheral)
                  00085dba    00000017     driverlib.lib : sysctl.obj (.text:SysCtl_enablePeripheral)
                  00085dd1    00000017     rts2800_fpu32_eabi.lib : boot28.asm.obj (.text)
                  00085de8    00000016     board.obj (.text:ADC_setInterruptCycleOffset)
                  00085dfe    00000016     board.obj (.text:ADC_setInterruptPulseMode)
                  00085e14    00000016     board.obj (.text:ADC_setPrescaler)
                  00085e2a    00000016     driverlib.lib : sysctl.obj (.text:DCC_disableDoneSignal)
                  00085e40    00000016                   : epwm.obj (.text:EPWM_setEmulationMode)
                  00085e56    00000016     board.obj (.text:EPWM_setSyncInPulseSource)
                  00085e6c    00000016     driverlib.lib : interrupt.obj (.text:Interrupt_defaultHandler)
                  00085e82    00000015     board.obj (.text:ADC_disableBurstMode)
                  00085e97    00000015     board.obj (.text:CPUTimer_enableInterrupt)
                  00085eac    00000015     driverlib.lib : sysctl.obj (.text:DCC_clearDoneFlag)
                  00085ec1    00000015                   : sysctl.obj (.text:DCC_clearErrorFlag)
                  00085ed6    00000015                   : sysctl.obj (.text:DCC_disableErrorSignal)
                  00085eeb    00000015                   : sysctl.obj (.text:DCC_isBaseValid)
                  00085f00    00000015     board.obj (.text:ECAP_disableTimeStampCapture)
                  00085f15    00000015     board.obj (.text:ECAP_enableCaptureMode)
                  00085f2a    00000015     board.obj (.text:ECAP_enableLoadCounter)
                  00085f3f    00000015     board.obj (.text:ECAP_enableTimeStampCapture)
                  00085f54    00000015     board.obj (.text:ECAP_reArm)
                  00085f69    00000015     board.obj (.text:ECAP_startCounter)
                  00085f7e    00000015     board.obj (.text:ECAP_stopCounter)
                  00085f93    00000014     board.obj (.text:ADC_clearInterruptStatus)
                  00085fa7    00000014     gpio_ex2_toggle.obj (.text:ADC_clearInterruptStatus)
                  00085fbb    00000014     board.obj (.text:CPUTimer_reloadTimerCounter)
                  00085fcf    00000014     board.obj (.text:CPUTimer_stopTimer)
                  00085fe3    00000014     driverlib.lib : sysctl.obj (.text:DCC_disableModule)
                  00085ff7    00000009     board.obj (.text:GPIO_init)

.text.5    0    00086000    0000042f     
                  00086000    00000014     driverlib.lib : sysctl.obj (.text:DCC_enableModule)
                  00086014    00000014     board.obj (.text:EPWM_setTimeBaseCounterMode)
                  00086028    00000014     board.obj (.text:EPWM_setTimeBasePeriod)
                  0008603c    00000014     gpio_ex2_toggle.obj (.text:EPWM_setTimeBasePeriod)
                  00086050    00000014     driverlib.lib : gpio.obj (.text:GPIO_isPinValid)
                  00086064    00000014     gpio_ex2_toggle.obj (.text:GPIO_isPinValid)
                  00086078    00000014     driverlib.lib : sci.obj (.text:SCI_getTxFIFOStatus)
                  0008608c    00000014     board.obj (.text:SysCtl_selectErrPinPolarity)
                  000860a0    00000014     board.obj (.text:SysCtl_setPeripheralAccessControl)
                  000860b4    00000014     board.obj (.text:myGPIO_echo_init)
                  000860c8    00000014     board.obj (.text:myGPIO_trig_init)
                  000860dc    00000014     board.obj (.text:myLED04_init)
                  000860f0    00000014     board.obj (.text:myLED05_init)
                  00086104    00000013     board.obj (.text:ADC_enableConverter)
                  00086117    00000013     board.obj (.text:CAN_setInterruptMux)
                  0008612a    00000013     driverlib.lib : cputimer.obj (.text:CPUTimer_setEmulationMode)
                  0008613d    00000013     gpio_ex2_toggle.obj (.text:ECAP_clearGlobalInterrupt)
                  00086150    00000013     board.obj (.text:SCI_clearOverflowStatus)
                  00086163    00000013     board.obj (.text:SCI_disableFIFO)
                  00086176    00000013     board.obj (.text:SCI_enableModule)
                  00086189    00000013     driverlib.lib : sci.obj (.text:SCI_enableModule)
                  0008619c    00000013     board.obj (.text:SCI_isBaseValid)
                  000861af    00000013     driverlib.lib : sci.obj (.text:SCI_isBaseValid)
                  000861c2    00000012     gpio_ex2_toggle.obj (.text:CAN_getInterruptCause)
                  000861d4    00000012     gpio_ex2_toggle.obj (.text:CPUTimer_clearOverflowFlag)
                  000861e6    00000012     board.obj (.text:CPUTimer_disableInterrupt)
                  000861f8    00000012     board.obj (.text:EPWM_setTimeBaseCounter)
                  0008620a    00000012     device.obj (.text:SysCtl_setMCANClk)
                  0008621c    00000012     board.obj (.text:SysCtl_setSyncOutputConfig)
                  0008622e    00000011     board.obj (.text:CAN_startModule)
                  0008623f    00000011     board.obj (.text:CPUTimer_setPeriod)
                  00086250    00000011     board.obj (.text:ECAP_setPhaseShiftCount)
                  00086261    00000011     board.obj (.text:EPWM_disablePhaseShiftLoad)
                  00086272    00000011     board.obj (.text:SCI_disableLoopback)
                  00086283    00000010     board.obj (.text:CAN_isBaseValid)
                  00086293    00000010     device.obj (.text:CAN_isBaseValid)
                  000862a3    00000010     driverlib.lib : can.obj (.text:CAN_isBaseValid)
                  000862b3    00000010     gpio_ex2_toggle.obj (.text:CAN_isBaseValid)
                  000862c3    00000010     driverlib.lib : flash.obj (.text:Flash_isCtrlBaseValid)
                  000862d3    00000010                   : flash.obj (.text:Flash_isECCBaseValid)
                  000862e3    00000010     rts2800_fpu32_eabi.lib : memccpy.c.obj (.text)
                  000862f3    0000000f     board.obj (.text:Interrupt_register)
                  00086302    0000000f     gpio_ex2_toggle.obj (.text:Interrupt_register)
                  00086311    0000000e     rts2800_fpu32_eabi.lib : fd_sub28.asm.obj (.text)
                  0008631f    0000000d     driverlib.lib : interrupt.obj (.text:Interrupt_disableGlobal)
                  0008632c    0000000d                   : interrupt.obj (.text:Interrupt_enableGlobal)
                  00086339    0000000d     device.obj (.text:SysCtl_setLowSpeedClock)
                  00086346    0000000d     rts2800_fpu32_eabi.lib : copy_zero_init.c.obj (.text:decompress:ZI:__TI_zero_init_nomemset)
                  00086353    0000000c     board.obj (.text:SysCtl_enableExtADCSOCSource)
                  0008635f    0000000c     rts2800_fpu32_eabi.lib : args_main.c.obj (.text)
                  0008636b    0000000c                            : strchr.c.obj (.text)
                  00086377    0000000b     device.obj (.text:SysCtl_disableWatchdog)
                  00086382    0000000b     driverlib.lib : sysctl.obj (.text:SysCtl_isMCDClockFailureDetected)
                  0008638d    0000000b     rts2800_fpu32_eabi.lib : wcslen.c.obj (.text)
                  00086398    0000000a     driverlib.lib : interrupt.obj (.text:Interrupt_illegalOperationHandler)
                  000863a2    0000000a                   : interrupt.obj (.text:Interrupt_nmiHandler)
                  000863ac    0000000a     board.obj (.text:SYNC_init)
                  000863b6    00000009     rts2800_fpu32_eabi.lib : _lock.c.obj (.text)
                  000863bf    00000009                            : fd_neg28.asm.obj (.text)
                  000863c8    00000008                            : copy_decompress_none.c.obj (.text:decompress:none)
                  000863d0    00000008     f28003x_codestartbranch.obj (.text)
                  000863d8    00000008     rts2800_fpu32_eabi.lib : strlen.c.obj (.text)
                  000863e0    00000007     board.obj (.text:ASysCtl_disableTemperatureSensor)
                  000863e7    00000007     device.obj (.text:ASysCtl_lockVREG)
                  000863ee    00000007     board.obj (.text:SysCtl_disableMCD)
                  000863f5    00000007     driverlib.lib : sysctl.obj (.text:SysCtl_resetMCD)
                  000863fc    00000007     device.obj (.text:__error__)
                  00086403    00000007     rts2800_fpu32_eabi.lib : memset.c.obj (.text)
                  0008640a    00000006     board.obj (.text:ASYSCTL_init)
                  00086410    00000006     gpio_ex2_toggle.obj (.text:Interrupt_clearACKGroup)
                  00086416    00000005     board.obj (.text:CPUTIMER_init)
                  0008641b    00000005     rts2800_fpu32_eabi.lib : strcpy.c.obj (.text)
                  00086420    00000003     board.obj (.text:CAN_init)
                  00086423    00000003     device_cmd.obj (.text:CMD_init)
                  00086426    00000003     board.obj (.text:ECAP_init)
                  00086429    00000003     board.obj (.text:SCI_init)
                  0008642c    00000002     rts2800_fpu32_eabi.lib : pre_init.c.obj (.text)
                  0008642e    00000001                            : startup.c.obj (.text)

MODULE SUMMARY

       Module                        code    ro data   rw data
       ------                        ----    -------   -------
    .\
       gpio_ex2_toggle.obj           1509    452       40     
       f28003x_codestartbranch.obj   10      0         0      
    +--+-----------------------------+-------+---------+---------+
       Total:                        1519    452       40     
                                                              
    .\syscfg\
       board.obj                     4254    553       0      
       device.obj                    191     154       0      
       device_cmd.obj                4       0         0      
    +--+-----------------------------+-------+---------+---------+
       Total:                        4449    707       0      
                                                              
    C:/ti/c2000/C2000Ware_5_05_00_00/driverlib/f28003x/driverlib/ccs/Debug/driverlib.lib
       sysctl.obj                    1389    154       0      
       can.obj                       736     151       0      
       gpio.obj                      422     152       0      
       sci.obj                       360     151       0      
       interrupt.obj                 419     81        0      
       flash.obj                     330     155       0      
       epwm.obj                      65      152       0      
       adc.obj                       102     75        0      
       ecap.obj                      53      76        0      
       cputimer.obj                  42      80        0      
    +--+-----------------------------+-------+---------+---------+
       Total:                        3918    1227      0      
                                                              
    C:\ti\ccs1281\ccs\tools\compiler\ti-cgt-c2000_22.6.2.LTS\lib\rts2800_fpu32_eabi.lib
       _printfi.c.obj                3286    66        0      
       ll_div28.asm.obj              263     0         0      
       ctype.c.obj                   0       257       0      
       s_scalbn.c.obj                169     28        0      
       fd_add28.asm.obj              156     0         0      
       fd_div28.asm.obj              139     0         0      
       fs_div28.asm.obj              136     0         0      
       fd_mpy28.asm.obj              131     0         0      
       s_frexp.c.obj                 90      8         0      
       sprintf.c.obj                 50      0         0      
       atoi.c.obj                    49      0         0      
       _ltoa.c.obj                   48      0         0      
       exit.c.obj                    41      0         6      
       copy_decompress_lzss.c.obj    46      0         0      
       autoinit.c.obj                43      0         0      
       fd_cmp28.asm.obj              42      0         0      
       l_div28.asm.obj               42      0         0      
       s_copysign.c.obj              36      0         0      
       fd_toi28.asm.obj              33      0         0      
       fd_tol28.asm.obj              31      0         0      
       ll_cmp28.asm.obj              30      0         0      
       i_tofd28.asm.obj              29      0         0      
       memcpy.c.obj                  29      0         0      
       l_tofd28.asm.obj              28      0         0      
       ll_aox28.asm.obj              24      0         0      
       boot28.asm.obj                23      0         0      
       memccpy.c.obj                 16      0         0      
       fd_sub28.asm.obj              14      0         0      
       _lock.c.obj                   9       0         4      
       copy_zero_init.c.obj          13      0         0      
       args_main.c.obj               12      0         0      
       strchr.c.obj                  12      0         0      
       wcslen.c.obj                  11      0         0      
       fd_neg28.asm.obj              9       0         0      
       copy_decompress_none.c.obj    8       0         0      
       strlen.c.obj                  8       0         0      
       memset.c.obj                  7       0         0      
       strcpy.c.obj                  5       0         0      
       pre_init.c.obj                2       0         0      
       errno.c.obj                   0       0         1      
       startup.c.obj                 1       0         0      
    +--+-----------------------------+-------+---------+---------+
       Total:                        5121    359       11     
                                                              
       Stack:                        0       0         512    
       Linker Generated:             0       29        0      
    +--+-----------------------------+-------+---------+---------+
       Grand Total:                  15007   2774      563    


LINKER GENERATED COPY TABLES

__TI_cinit_table @ 00081146 records: 2, size/record: 4, table size: 8
	.data: load addr=00081130, load size=0000000b bytes, run addr=0000a800, run size=0000001b bytes, compression=lzss
	.bss: load addr=00081142, load size=00000004 bytes, run addr=0000a81b, run size=00000018 bytes, compression=zero_init


LINKER GENERATED HANDLER TABLE

__TI_handler_table @ 0008113c records: 3, size/record: 2, table size: 6
	index: 0, handler: __TI_zero_init
	index: 1, handler: __TI_decompress_lzss
	index: 2, handler: __TI_decompress_none


GLOBAL DATA SYMBOLS: SORTED BY DATA PAGE

address     data page           name
--------    ----------------    ----
00000400      10 (00000400)     __stack

0000a800     2a0 (0000a800)     g_distance_mm
0000a801     2a0 (0000a800)     g_measureDone
0000a802     2a0 (0000a800)     g_ultraTick
0000a803     2a0 (0000a800)     g_noteIndex
0000a804     2a0 (0000a800)     adc1_raw
0000a805     2a0 (0000a800)     adc2_raw
0000a806     2a0 (0000a800)     loopCnt
0000a808     2a0 (0000a800)     g_echoRise
0000a80a     2a0 (0000a800)     g_echoFall
0000a80c     2a0 (0000a800)     g_echoDelta
0000a80e     2a0 (0000a800)     g_noteRemain
0000a810     2a0 (0000a800)     __TI_enable_exit_profile_output
0000a812     2a0 (0000a800)     __TI_cleanup_ptr
0000a814     2a0 (0000a800)     __TI_dtors_ptr
0000a816     2a0 (0000a800)     _lock
0000a818     2a0 (0000a800)     _unlock
0000a81a     2a0 (0000a800)     errno
0000a81b     2a0 (0000a800)     rx700
0000a823     2a0 (0000a800)     rx710
0000a82b     2a0 (0000a800)     txBuf

000843d2    210f (000843c0)     _ctypes_

00084a64    2129 (00084a40)     melody


GLOBAL SYMBOLS: SORTED ALPHABETICALLY BY Name 

page  address   name                             
----  -------   ----                             
0     00083ffd  ADC_init                         
0     0008547f  ADC_setOffsetTrimAll             
0     000854cf  ADC_setVREF                      
0     0008640a  ASYSCTL_init                     
0     00085aad  Board_init                       
0     00085456  C$$EXIT                          
0     00084d14  CAN_clearInterruptStatus         
0     00086420  CAN_init                         
0     000859e9  CAN_initModule                   
0     00083e16  CAN_readMessage                  
0     00083d3a  CAN_sendMessage                  
0     00083f47  CAN_setBitTiming                 
0     00083633  CAN_setupMessageObject           
0     00086423  CMD_init                         
0     00086416  CPUTIMER_init                    
0     0008612a  CPUTimer_setEmulationMode        
0     00084c29  Device_init                      
0     00086426  ECAP_init                        
0     00085889  ECAP_setEmulationMode            
0     0008370e  EPWM_init                        
0     00085e40  EPWM_setEmulationMode            
0     00081000  Flash_initModule                 
0     00085ff7  GPIO_init                        
0     00083dac  GPIO_setAnalogMode               
0     00085072  GPIO_setControllerCore           
0     00085180  GPIO_setDirectionMode            
0     00083fab  GPIO_setPadConfig                
0     000850a9  GPIO_setPinConfig                
0     000850e0  GPIO_setQualificationMode        
0     00084f6d  INTERRUPT_init                   
0     00084d5a  INT_myADC0_1_ISR                 
0     00084b1d  INT_myCAN0_0_ISR                 
0     00085271  INT_myCAN0_1_ISR                 
0     00084bd2  INT_myCPUTIMER1_ISR              
0     00083e7c  INT_myECAP0_ISR                  
0     00085e6c  Interrupt_defaultHandler         
0     00084c79  Interrupt_disable                
0     00085117  Interrupt_enable                 
0     00086398  Interrupt_illegalOperationHandler
0     00084faa  Interrupt_initModule             
0     000858e3  Interrupt_initVectorTable        
0     000863a2  Interrupt_nmiHandler             
0     00083b49  PinMux_init                      
0     00084de6  SCI_clearInterruptStatus         
0     00086429  SCI_init                         
0     00084f2f  SCI_setConfig                    
0     00084e70  SCI_writeCharArray               
0     000863ac  SYNC_init                        
0     00083000  SYSCTL_init                      
0     00085569  SysCtl_configureType             
0     0008112a  SysCtl_delay                     
0     00083ee2  SysCtl_getClock                  
0     00085bb5  SysCtl_getLowSpeedClock          
0     00083535  SysCtl_isPLLValid                
0     00084cc7  SysCtl_selectOscSource           
0     00084da0  SysCtl_selectXTAL                
0     0008558e  SysCtl_selectXTALSingleEnded     
0     00082e96  SysCtl_setClock                  
0     00081146  __TI_CINIT_Base                  
0     0008114e  __TI_CINIT_Limit                 
0     0008114e  __TI_CINIT_Warm                  
0     0008113c  __TI_Handler_Table_Base          
0     00081142  __TI_Handler_Table_Limit         
0     00000600  __TI_STACK_END                   
abs   00000200  __TI_STACK_SIZE                  
0     000853d7  __TI_auto_init_nobinit_nopinit   
0     0000a812  __TI_cleanup_ptr                 
0     000852fd  __TI_decompress_lzss             
0     000863c8  __TI_decompress_none             
0     0000a814  __TI_dtors_ptr                   
0     0000a810  __TI_enable_exit_profile_output  
0     00085212  __TI_ltoa                        
abs   ffffffff  __TI_pprof_out_hndl              
0     00082b51  __TI_printfi                     
abs   ffffffff  __TI_prof_data_size              
abs   ffffffff  __TI_prof_data_start             
0     00086346  __TI_zero_init_nomemset          
0     0008388c  __c28xabi_addd                   
0     00085c77  __c28xabi_andll                  
0     00085402  __c28xabi_cmpd                   
0     00085901  __c28xabi_cmpll                  
0     00085913  __c28xabi_cmpull                 
0     000839b3  __c28xabi_divd                   
0     00083a3e  __c28xabi_divf                   
0     0008542c  __c28xabi_divl                   
0     0008342e  __c28xabi_divll                  
0     00085449  __c28xabi_divul                  
0     000834a4  __c28xabi_divull                 
0     00085712  __c28xabi_dtoi                   
0     0008582e  __c28xabi_dtol                   
0     00085993  __c28xabi_itod                   
0     00085a75  __c28xabi_ltod                   
0     0008543b  __c28xabi_modl                   
0     0008346a  __c28xabi_modll                  
0     00085450  __c28xabi_modul                  
0     000834d3  __c28xabi_modull                 
0     00083ac6  __c28xabi_mpyd                   
0     000863bf  __c28xabi_negd                   
0     00085c7f  __c28xabi_orll                   
0     00086311  __c28xabi_subd                   
0     00085c87  __c28xabi_xorll                  
n/a   UNDEFED   __c_args__                       
0     000863fc  __error__                        
0     00000400  __stack                          
0     0008635f  _args_main                       
0     00085dd1  _c_int00                         
0     000843d2  _ctypes_                         
0     0000a816  _lock                            
0     000863be  _nop                             
0     000863ba  _register_lock                   
0     000863b6  _register_unlock                 
0     0008642e  _system_post_cinit               
0     0008642c  _system_pre_init                 
0     0000a818  _unlock                          
0     00085456  abort                            
0     0000a804  adc1_raw                         
0     0000a805  adc2_raw                         
0     000851b1  atoi                             
0     00080000  code_start                       
0     00085645  copysign                         
0     00085645  copysignl                        
0     0000a81a  errno                            
0     00085458  exit                             
0     00084b78  frexp                            
0     00084b78  frexpl                           
0     0000a800  g_distance_mm                    
0     0000a80c  g_echoDelta                      
0     0000a80a  g_echoFall                       
0     0000a808  g_echoRise                       
0     0000a801  g_measureDone                    
0     0000a803  g_noteIndex                      
0     0000a80e  g_noteRemain                     
0     0000a802  g_ultraTick                      
0     00082fff  generic_flash_lnk_init           
0     000837e3  ldexp                            
0     000837e3  ldexpl                           
0     0000a806  loopCnt                          
0     00082cd6  main                             
0     00084a64  melody                           
0     000862e3  memccpy                          
0     000859b0  memcpy                           
0     00086403  memset                           
0     00084ac0  myADC0_init                      
0     00083928  myCAN0_init                      
0     000855b3  myCPUTIMER0_init                 
0     000855d8  myCPUTIMER1_init                 
0     00083c48  myECAP0_init                     
0     000860b4  myGPIO_echo_init                 
0     000860c8  myGPIO_trig_init                 
0     000860dc  myLED04_init                     
0     000860f0  myLED05_init                     
0     000852a0  mySCI0_init                      
0     0000a81b  rx700                            
0     0000a823  rx710                            
0     000837e3  scalbn                           
0     000837e3  scalbnl                          
0     0008514e  sprintf                          
0     0008636b  strchr                           
0     0008641b  strcpy                           
0     000863d8  strlen                           
0     0000a82b  txBuf                            
0     0008638d  wcslen                           


GLOBAL SYMBOLS: SORTED BY Symbol Address 

page  address   name                             
----  -------   ----                             
0     00000400  __stack                          
0     00000600  __TI_STACK_END                   
0     0000a800  g_distance_mm                    
0     0000a801  g_measureDone                    
0     0000a802  g_ultraTick                      
0     0000a803  g_noteIndex                      
0     0000a804  adc1_raw                         
0     0000a805  adc2_raw                         
0     0000a806  loopCnt                          
0     0000a808  g_echoRise                       
0     0000a80a  g_echoFall                       
0     0000a80c  g_echoDelta                      
0     0000a80e  g_noteRemain                     
0     0000a810  __TI_enable_exit_profile_output  
0     0000a812  __TI_cleanup_ptr                 
0     0000a814  __TI_dtors_ptr                   
0     0000a816  _lock                            
0     0000a818  _unlock                          
0     0000a81a  errno                            
0     0000a81b  rx700                            
0     0000a823  rx710                            
0     0000a82b  txBuf                            
0     00080000  code_start                       
0     00081000  Flash_initModule                 
0     0008112a  SysCtl_delay                     
0     0008113c  __TI_Handler_Table_Base          
0     00081142  __TI_Handler_Table_Limit         
0     00081146  __TI_CINIT_Base                  
0     0008114e  __TI_CINIT_Limit                 
0     0008114e  __TI_CINIT_Warm                  
0     00082b51  __TI_printfi                     
0     00082cd6  main                             
0     00082e96  SysCtl_setClock                  
0     00082fff  generic_flash_lnk_init           
0     00083000  SYSCTL_init                      
0     0008342e  __c28xabi_divll                  
0     0008346a  __c28xabi_modll                  
0     000834a4  __c28xabi_divull                 
0     000834d3  __c28xabi_modull                 
0     00083535  SysCtl_isPLLValid                
0     00083633  CAN_setupMessageObject           
0     0008370e  EPWM_init                        
0     000837e3  ldexp                            
0     000837e3  ldexpl                           
0     000837e3  scalbn                           
0     000837e3  scalbnl                          
0     0008388c  __c28xabi_addd                   
0     00083928  myCAN0_init                      
0     000839b3  __c28xabi_divd                   
0     00083a3e  __c28xabi_divf                   
0     00083ac6  __c28xabi_mpyd                   
0     00083b49  PinMux_init                      
0     00083c48  myECAP0_init                     
0     00083d3a  CAN_sendMessage                  
0     00083dac  GPIO_setAnalogMode               
0     00083e16  CAN_readMessage                  
0     00083e7c  INT_myECAP0_ISR                  
0     00083ee2  SysCtl_getClock                  
0     00083f47  CAN_setBitTiming                 
0     00083fab  GPIO_setPadConfig                
0     00083ffd  ADC_init                         
0     000843d2  _ctypes_                         
0     00084a64  melody                           
0     00084ac0  myADC0_init                      
0     00084b1d  INT_myCAN0_0_ISR                 
0     00084b78  frexp                            
0     00084b78  frexpl                           
0     00084bd2  INT_myCPUTIMER1_ISR              
0     00084c29  Device_init                      
0     00084c79  Interrupt_disable                
0     00084cc7  SysCtl_selectOscSource           
0     00084d14  CAN_clearInterruptStatus         
0     00084d5a  INT_myADC0_1_ISR                 
0     00084da0  SysCtl_selectXTAL                
0     00084de6  SCI_clearInterruptStatus         
0     00084e70  SCI_writeCharArray               
0     00084f2f  SCI_setConfig                    
0     00084f6d  INTERRUPT_init                   
0     00084faa  Interrupt_initModule             
0     00085072  GPIO_setControllerCore           
0     000850a9  GPIO_setPinConfig                
0     000850e0  GPIO_setQualificationMode        
0     00085117  Interrupt_enable                 
0     0008514e  sprintf                          
0     00085180  GPIO_setDirectionMode            
0     000851b1  atoi                             
0     00085212  __TI_ltoa                        
0     00085271  INT_myCAN0_1_ISR                 
0     000852a0  mySCI0_init                      
0     000852fd  __TI_decompress_lzss             
0     000853d7  __TI_auto_init_nobinit_nopinit   
0     00085402  __c28xabi_cmpd                   
0     0008542c  __c28xabi_divl                   
0     0008543b  __c28xabi_modl                   
0     00085449  __c28xabi_divul                  
0     00085450  __c28xabi_modul                  
0     00085456  C$$EXIT                          
0     00085456  abort                            
0     00085458  exit                             
0     0008547f  ADC_setOffsetTrimAll             
0     000854cf  ADC_setVREF                      
0     00085569  SysCtl_configureType             
0     0008558e  SysCtl_selectXTALSingleEnded     
0     000855b3  myCPUTIMER0_init                 
0     000855d8  myCPUTIMER1_init                 
0     00085645  copysign                         
0     00085645  copysignl                        
0     00085712  __c28xabi_dtoi                   
0     0008582e  __c28xabi_dtol                   
0     00085889  ECAP_setEmulationMode            
0     000858e3  Interrupt_initVectorTable        
0     00085901  __c28xabi_cmpll                  
0     00085913  __c28xabi_cmpull                 
0     00085993  __c28xabi_itod                   
0     000859b0  memcpy                           
0     000859e9  CAN_initModule                   
0     00085a75  __c28xabi_ltod                   
0     00085aad  Board_init                       
0     00085bb5  SysCtl_getLowSpeedClock          
0     00085c77  __c28xabi_andll                  
0     00085c7f  __c28xabi_orll                   
0     00085c87  __c28xabi_xorll                  
0     00085dd1  _c_int00                         
0     00085e40  EPWM_setEmulationMode            
0     00085e6c  Interrupt_defaultHandler         
0     00085ff7  GPIO_init                        
0     000860b4  myGPIO_echo_init                 
0     000860c8  myGPIO_trig_init                 
0     000860dc  myLED04_init                     
0     000860f0  myLED05_init                     
0     0008612a  CPUTimer_setEmulationMode        
0     000862e3  memccpy                          
0     00086311  __c28xabi_subd                   
0     00086346  __TI_zero_init_nomemset          
0     0008635f  _args_main                       
0     0008636b  strchr                           
0     0008638d  wcslen                           
0     00086398  Interrupt_illegalOperationHandler
0     000863a2  Interrupt_nmiHandler             
0     000863ac  SYNC_init                        
0     000863b6  _register_unlock                 
0     000863ba  _register_lock                   
0     000863be  _nop                             
0     000863bf  __c28xabi_negd                   
0     000863c8  __TI_decompress_none             
0     000863d8  strlen                           
0     000863fc  __error__                        
0     00086403  memset                           
0     0008640a  ASYSCTL_init                     
0     00086416  CPUTIMER_init                    
0     0008641b  strcpy                           
0     00086420  CAN_init                         
0     00086423  CMD_init                         
0     00086426  ECAP_init                        
0     00086429  SCI_init                         
0     0008642c  _system_pre_init                 
0     0008642e  _system_post_cinit               
abs   00000200  __TI_STACK_SIZE                  
abs   ffffffff  __TI_pprof_out_hndl              
abs   ffffffff  __TI_prof_data_size              
abs   ffffffff  __TI_prof_data_start             
n/a   UNDEFED   __c_args__                       

[162 symbols]
