<?xml version="1.0" encoding="ISO-8859-1" ?>
<link_info>
   <banner>TMS320C2000 Linker PC v22.6.2.LTS</banner>
   <copyright>Copyright (c) 1996-2018 Texas Instruments Incorporated</copyright>
   <link_time>0x69424a8b</link_time>
   <link_errors>0x0</link_errors>
   <output_file>gpio_ex2_toggle.out</output_file>
   <entry_point>
      <name>code_start</name>
      <address>0x80000</address>
   </entry_point>
   <input_file_list>
      <input_file id="fl-2">
         <path>.\</path>
         <kind>object</kind>
         <file>gpio_ex2_toggle.obj</file>
         <name>gpio_ex2_toggle.obj</name>
      </input_file>
      <input_file id="fl-3">
         <path>.\syscfg\</path>
         <kind>object</kind>
         <file>board.obj</file>
         <name>board.obj</name>
      </input_file>
      <input_file id="fl-4">
         <path>.\syscfg\</path>
         <kind>object</kind>
         <file>device.obj</file>
         <name>device.obj</name>
      </input_file>
      <input_file id="fl-5">
         <path>.\syscfg\</path>
         <kind>object</kind>
         <file>device_cmd.obj</file>
         <name>device_cmd.obj</name>
      </input_file>
      <input_file id="fl-6">
         <path>.\syscfg\</path>
         <kind>object</kind>
         <file>c2000ware_libraries.obj</file>
         <name>c2000ware_libraries.obj</name>
      </input_file>
      <input_file id="fl-7">
         <path>.\</path>
         <kind>object</kind>
         <file>f28003x_codestartbranch.obj</file>
         <name>f28003x_codestartbranch.obj</name>
      </input_file>
      <input_file id="fl-f">
         <kind>object</kind>
         <file>&lt;internal&gt;</file>
         <name>&lt;internal&gt;</name>
      </input_file>
      <input_file id="fl-10">
         <path>C:\ti\c2000\C2000Ware_5_05_00_00\driverlib\f28003x\driverlib\ccs\Debug\</path>
         <kind>archive</kind>
         <file>driverlib.lib</file>
         <name>adc.obj</name>
      </input_file>
      <input_file id="fl-11">
         <path>C:\ti\c2000\C2000Ware_5_05_00_00\driverlib\f28003x\driverlib\ccs\Debug\</path>
         <kind>archive</kind>
         <file>driverlib.lib</file>
         <name>can.obj</name>
      </input_file>
      <input_file id="fl-12">
         <path>C:\ti\c2000\C2000Ware_5_05_00_00\driverlib\f28003x\driverlib\ccs\Debug\</path>
         <kind>archive</kind>
         <file>driverlib.lib</file>
         <name>cputimer.obj</name>
      </input_file>
      <input_file id="fl-13">
         <path>C:\ti\c2000\C2000Ware_5_05_00_00\driverlib\f28003x\driverlib\ccs\Debug\</path>
         <kind>archive</kind>
         <file>driverlib.lib</file>
         <name>dcc.obj</name>
      </input_file>
      <input_file id="fl-14">
         <path>C:\ti\c2000\C2000Ware_5_05_00_00\driverlib\f28003x\driverlib\ccs\Debug\</path>
         <kind>archive</kind>
         <file>driverlib.lib</file>
         <name>ecap.obj</name>
      </input_file>
      <input_file id="fl-15">
         <path>C:\ti\c2000\C2000Ware_5_05_00_00\driverlib\f28003x\driverlib\ccs\Debug\</path>
         <kind>archive</kind>
         <file>driverlib.lib</file>
         <name>epwm.obj</name>
      </input_file>
      <input_file id="fl-16">
         <path>C:\ti\c2000\C2000Ware_5_05_00_00\driverlib\f28003x\driverlib\ccs\Debug\</path>
         <kind>archive</kind>
         <file>driverlib.lib</file>
         <name>flash.obj</name>
      </input_file>
      <input_file id="fl-17">
         <path>C:\ti\c2000\C2000Ware_5_05_00_00\driverlib\f28003x\driverlib\ccs\Debug\</path>
         <kind>archive</kind>
         <file>driverlib.lib</file>
         <name>gpio.obj</name>
      </input_file>
      <input_file id="fl-18">
         <path>C:\ti\c2000\C2000Ware_5_05_00_00\driverlib\f28003x\driverlib\ccs\Debug\</path>
         <kind>archive</kind>
         <file>driverlib.lib</file>
         <name>interrupt.obj</name>
      </input_file>
      <input_file id="fl-19">
         <path>C:\ti\c2000\C2000Ware_5_05_00_00\driverlib\f28003x\driverlib\ccs\Debug\</path>
         <kind>archive</kind>
         <file>driverlib.lib</file>
         <name>sci.obj</name>
      </input_file>
      <input_file id="fl-1a">
         <path>C:\ti\c2000\C2000Ware_5_05_00_00\driverlib\f28003x\driverlib\ccs\Debug\</path>
         <kind>archive</kind>
         <file>driverlib.lib</file>
         <name>sysctl.obj</name>
      </input_file>
      <input_file id="fl-26">
         <path>C:\ti\ccs1281\ccs\tools\compiler\ti-cgt-c2000_22.6.2.LTS\lib\</path>
         <kind>archive</kind>
         <file>rts2800_fpu32_eabi.lib</file>
         <name>sprintf.c.obj</name>
      </input_file>
      <input_file id="fl-27">
         <path>C:\ti\ccs1281\ccs\tools\compiler\ti-cgt-c2000_22.6.2.LTS\lib\</path>
         <kind>archive</kind>
         <file>rts2800_fpu32_eabi.lib</file>
         <name>boot28.asm.obj</name>
      </input_file>
      <input_file id="fl-28">
         <path>C:\ti\ccs1281\ccs\tools\compiler\ti-cgt-c2000_22.6.2.LTS\lib\</path>
         <kind>archive</kind>
         <file>rts2800_fpu32_eabi.lib</file>
         <name>fs_div28.asm.obj</name>
      </input_file>
      <input_file id="fl-29">
         <path>C:\ti\ccs1281\ccs\tools\compiler\ti-cgt-c2000_22.6.2.LTS\lib\</path>
         <kind>archive</kind>
         <file>rts2800_fpu32_eabi.lib</file>
         <name>memcpy.c.obj</name>
      </input_file>
      <input_file id="fl-2a">
         <path>C:\ti\ccs1281\ccs\tools\compiler\ti-cgt-c2000_22.6.2.LTS\lib\</path>
         <kind>archive</kind>
         <file>rts2800_fpu32_eabi.lib</file>
         <name>pre_init.c.obj</name>
      </input_file>
      <input_file id="fl-2b">
         <path>C:\ti\ccs1281\ccs\tools\compiler\ti-cgt-c2000_22.6.2.LTS\lib\</path>
         <kind>archive</kind>
         <file>rts2800_fpu32_eabi.lib</file>
         <name>autoinit.c.obj</name>
      </input_file>
      <input_file id="fl-2c">
         <path>C:\ti\ccs1281\ccs\tools\compiler\ti-cgt-c2000_22.6.2.LTS\lib\</path>
         <kind>archive</kind>
         <file>rts2800_fpu32_eabi.lib</file>
         <name>copy_zero_init.c.obj</name>
      </input_file>
      <input_file id="fl-2d">
         <path>C:\ti\ccs1281\ccs\tools\compiler\ti-cgt-c2000_22.6.2.LTS\lib\</path>
         <kind>archive</kind>
         <file>rts2800_fpu32_eabi.lib</file>
         <name>copy_decompress_none.c.obj</name>
      </input_file>
      <input_file id="fl-2e">
         <path>C:\ti\ccs1281\ccs\tools\compiler\ti-cgt-c2000_22.6.2.LTS\lib\</path>
         <kind>archive</kind>
         <file>rts2800_fpu32_eabi.lib</file>
         <name>copy_decompress_lzss.c.obj</name>
      </input_file>
      <input_file id="fl-2f">
         <path>C:\ti\ccs1281\ccs\tools\compiler\ti-cgt-c2000_22.6.2.LTS\lib\</path>
         <kind>archive</kind>
         <file>rts2800_fpu32_eabi.lib</file>
         <name>exit.c.obj</name>
      </input_file>
      <input_file id="fl-30">
         <path>C:\ti\ccs1281\ccs\tools\compiler\ti-cgt-c2000_22.6.2.LTS\lib\</path>
         <kind>archive</kind>
         <file>rts2800_fpu32_eabi.lib</file>
         <name>_lock.c.obj</name>
      </input_file>
      <input_file id="fl-31">
         <path>C:\ti\ccs1281\ccs\tools\compiler\ti-cgt-c2000_22.6.2.LTS\lib\</path>
         <kind>archive</kind>
         <file>rts2800_fpu32_eabi.lib</file>
         <name>args_main.c.obj</name>
      </input_file>
      <input_file id="fl-32">
         <path>C:\ti\ccs1281\ccs\tools\compiler\ti-cgt-c2000_22.6.2.LTS\lib\</path>
         <kind>archive</kind>
         <file>rts2800_fpu32_eabi.lib</file>
         <name>memset.c.obj</name>
      </input_file>
      <input_file id="fl-33">
         <path>C:\ti\ccs1281\ccs\tools\compiler\ti-cgt-c2000_22.6.2.LTS\lib\</path>
         <kind>archive</kind>
         <file>rts2800_fpu32_eabi.lib</file>
         <name>_printfi.c.obj</name>
      </input_file>
      <input_file id="fl-34">
         <path>C:\ti\ccs1281\ccs\tools\compiler\ti-cgt-c2000_22.6.2.LTS\lib\</path>
         <kind>archive</kind>
         <file>rts2800_fpu32_eabi.lib</file>
         <name>s_frexp.c.obj</name>
      </input_file>
      <input_file id="fl-35">
         <path>C:\ti\ccs1281\ccs\tools\compiler\ti-cgt-c2000_22.6.2.LTS\lib\</path>
         <kind>archive</kind>
         <file>rts2800_fpu32_eabi.lib</file>
         <name>s_scalbn.c.obj</name>
      </input_file>
      <input_file id="fl-36">
         <path>C:\ti\ccs1281\ccs\tools\compiler\ti-cgt-c2000_22.6.2.LTS\lib\</path>
         <kind>archive</kind>
         <file>rts2800_fpu32_eabi.lib</file>
         <name>wcslen.c.obj</name>
      </input_file>
      <input_file id="fl-37">
         <path>C:\ti\ccs1281\ccs\tools\compiler\ti-cgt-c2000_22.6.2.LTS\lib\</path>
         <kind>archive</kind>
         <file>rts2800_fpu32_eabi.lib</file>
         <name>fd_add28.asm.obj</name>
      </input_file>
      <input_file id="fl-38">
         <path>C:\ti\ccs1281\ccs\tools\compiler\ti-cgt-c2000_22.6.2.LTS\lib\</path>
         <kind>archive</kind>
         <file>rts2800_fpu32_eabi.lib</file>
         <name>fd_cmp28.asm.obj</name>
      </input_file>
      <input_file id="fl-39">
         <path>C:\ti\ccs1281\ccs\tools\compiler\ti-cgt-c2000_22.6.2.LTS\lib\</path>
         <kind>archive</kind>
         <file>rts2800_fpu32_eabi.lib</file>
         <name>fd_mpy28.asm.obj</name>
      </input_file>
      <input_file id="fl-3a">
         <path>C:\ti\ccs1281\ccs\tools\compiler\ti-cgt-c2000_22.6.2.LTS\lib\</path>
         <kind>archive</kind>
         <file>rts2800_fpu32_eabi.lib</file>
         <name>fd_neg28.asm.obj</name>
      </input_file>
      <input_file id="fl-3b">
         <path>C:\ti\ccs1281\ccs\tools\compiler\ti-cgt-c2000_22.6.2.LTS\lib\</path>
         <kind>archive</kind>
         <file>rts2800_fpu32_eabi.lib</file>
         <name>fd_sub28.asm.obj</name>
      </input_file>
      <input_file id="fl-3c">
         <path>C:\ti\ccs1281\ccs\tools\compiler\ti-cgt-c2000_22.6.2.LTS\lib\</path>
         <kind>archive</kind>
         <file>rts2800_fpu32_eabi.lib</file>
         <name>fd_toi28.asm.obj</name>
      </input_file>
      <input_file id="fl-3d">
         <path>C:\ti\ccs1281\ccs\tools\compiler\ti-cgt-c2000_22.6.2.LTS\lib\</path>
         <kind>archive</kind>
         <file>rts2800_fpu32_eabi.lib</file>
         <name>fd_tol28.asm.obj</name>
      </input_file>
      <input_file id="fl-3e">
         <path>C:\ti\ccs1281\ccs\tools\compiler\ti-cgt-c2000_22.6.2.LTS\lib\</path>
         <kind>archive</kind>
         <file>rts2800_fpu32_eabi.lib</file>
         <name>ll_aox28.asm.obj</name>
      </input_file>
      <input_file id="fl-3f">
         <path>C:\ti\ccs1281\ccs\tools\compiler\ti-cgt-c2000_22.6.2.LTS\lib\</path>
         <kind>archive</kind>
         <file>rts2800_fpu32_eabi.lib</file>
         <name>ll_cmp28.asm.obj</name>
      </input_file>
      <input_file id="fl-40">
         <path>C:\ti\ccs1281\ccs\tools\compiler\ti-cgt-c2000_22.6.2.LTS\lib\</path>
         <kind>archive</kind>
         <file>rts2800_fpu32_eabi.lib</file>
         <name>ll_div28.asm.obj</name>
      </input_file>
      <input_file id="fl-41">
         <path>C:\ti\ccs1281\ccs\tools\compiler\ti-cgt-c2000_22.6.2.LTS\lib\</path>
         <kind>archive</kind>
         <file>rts2800_fpu32_eabi.lib</file>
         <name>i_tofd28.asm.obj</name>
      </input_file>
      <input_file id="fl-42">
         <path>C:\ti\ccs1281\ccs\tools\compiler\ti-cgt-c2000_22.6.2.LTS\lib\</path>
         <kind>archive</kind>
         <file>rts2800_fpu32_eabi.lib</file>
         <name>l_tofd28.asm.obj</name>
      </input_file>
      <input_file id="fl-43">
         <path>C:\ti\ccs1281\ccs\tools\compiler\ti-cgt-c2000_22.6.2.LTS\lib\</path>
         <kind>archive</kind>
         <file>rts2800_fpu32_eabi.lib</file>
         <name>fd_div28.asm.obj</name>
      </input_file>
      <input_file id="fl-44">
         <path>C:\ti\ccs1281\ccs\tools\compiler\ti-cgt-c2000_22.6.2.LTS\lib\</path>
         <kind>archive</kind>
         <file>rts2800_fpu32_eabi.lib</file>
         <name>cpy_tbl.c.obj</name>
      </input_file>
      <input_file id="fl-45">
         <path>C:\ti\ccs1281\ccs\tools\compiler\ti-cgt-c2000_22.6.2.LTS\lib\</path>
         <kind>archive</kind>
         <file>rts2800_fpu32_eabi.lib</file>
         <name>startup.c.obj</name>
      </input_file>
      <input_file id="fl-46">
         <path>C:\ti\ccs1281\ccs\tools\compiler\ti-cgt-c2000_22.6.2.LTS\lib\</path>
         <kind>archive</kind>
         <file>rts2800_fpu32_eabi.lib</file>
         <name>_ltoa.c.obj</name>
      </input_file>
      <input_file id="fl-47">
         <path>C:\ti\ccs1281\ccs\tools\compiler\ti-cgt-c2000_22.6.2.LTS\lib\</path>
         <kind>archive</kind>
         <file>rts2800_fpu32_eabi.lib</file>
         <name>atoi.c.obj</name>
      </input_file>
      <input_file id="fl-48">
         <path>C:\ti\ccs1281\ccs\tools\compiler\ti-cgt-c2000_22.6.2.LTS\lib\</path>
         <kind>archive</kind>
         <file>rts2800_fpu32_eabi.lib</file>
         <name>ctype.c.obj</name>
      </input_file>
      <input_file id="fl-49">
         <path>C:\ti\ccs1281\ccs\tools\compiler\ti-cgt-c2000_22.6.2.LTS\lib\</path>
         <kind>archive</kind>
         <file>rts2800_fpu32_eabi.lib</file>
         <name>memccpy.c.obj</name>
      </input_file>
      <input_file id="fl-4a">
         <path>C:\ti\ccs1281\ccs\tools\compiler\ti-cgt-c2000_22.6.2.LTS\lib\</path>
         <kind>archive</kind>
         <file>rts2800_fpu32_eabi.lib</file>
         <name>strchr.c.obj</name>
      </input_file>
      <input_file id="fl-4b">
         <path>C:\ti\ccs1281\ccs\tools\compiler\ti-cgt-c2000_22.6.2.LTS\lib\</path>
         <kind>archive</kind>
         <file>rts2800_fpu32_eabi.lib</file>
         <name>strcpy.c.obj</name>
      </input_file>
      <input_file id="fl-4c">
         <path>C:\ti\ccs1281\ccs\tools\compiler\ti-cgt-c2000_22.6.2.LTS\lib\</path>
         <kind>archive</kind>
         <file>rts2800_fpu32_eabi.lib</file>
         <name>strlen.c.obj</name>
      </input_file>
      <input_file id="fl-4d">
         <path>C:\ti\ccs1281\ccs\tools\compiler\ti-cgt-c2000_22.6.2.LTS\lib\</path>
         <kind>archive</kind>
         <file>rts2800_fpu32_eabi.lib</file>
         <name>errno.c.obj</name>
      </input_file>
      <input_file id="fl-4e">
         <path>C:\ti\ccs1281\ccs\tools\compiler\ti-cgt-c2000_22.6.2.LTS\lib\</path>
         <kind>archive</kind>
         <file>rts2800_fpu32_eabi.lib</file>
         <name>s_copysign.c.obj</name>
      </input_file>
      <input_file id="fl-4f">
         <path>C:\ti\ccs1281\ccs\tools\compiler\ti-cgt-c2000_22.6.2.LTS\lib\</path>
         <kind>archive</kind>
         <file>rts2800_fpu32_eabi.lib</file>
         <name>l_div28.asm.obj</name>
      </input_file>
   </input_file_list>
   <object_component_list>
      <object_component id="oc-1e">
         <name>codestart</name>
         <load_address>0x80000</load_address>
         <run_address>0x80000</run_address>
         <size>0x2</size>
         <input_file_ref idref="fl-7"/>
      </object_component>
      <object_component id="oc-6d2">
         <name>.text</name>
         <load_address>0x82000</load_address>
         <run_address>0x82000</run_address>
         <size>0x6c2</size>
         <input_file_ref idref="fl-33"/>
      </object_component>
      <object_component id="oc-43e">
         <name>.text:__TI_printfi</name>
         <load_address>0x826c2</load_address>
         <run_address>0x826c2</run_address>
         <size>0x614</size>
         <input_file_ref idref="fl-33"/>
      </object_component>
      <object_component id="oc-24">
         <name>.text:main</name>
         <load_address>0x82cd6</load_address>
         <run_address>0x82cd6</run_address>
         <size>0x1c0</size>
         <input_file_ref idref="fl-2"/>
      </object_component>
      <object_component id="oc-195">
         <name>.text:SysCtl_setClock</name>
         <load_address>0x82e96</load_address>
         <run_address>0x82e96</run_address>
         <size>0x123</size>
         <input_file_ref idref="fl-1a"/>
      </object_component>
      <object_component id="oc-541">
         <name>.text:ADC_setupSOC</name>
         <load_address>0x82fb9</load_address>
         <run_address>0x82fb9</run_address>
         <size>0x46</size>
         <input_file_ref idref="fl-3"/>
      </object_component>
      <object_component id="oc-2b4">
         <name>.text:generic_flash_lnk_init</name>
         <load_address>0x82fff</load_address>
         <run_address>0x82fff</run_address>
         <size>0x1</size>
         <input_file_ref idref="fl-5"/>
      </object_component>
      <object_component id="oc-1d5">
         <name>.text:SYSCTL_init</name>
         <load_address>0x83000</load_address>
         <run_address>0x83000</run_address>
         <size>0x42e</size>
         <input_file_ref idref="fl-3"/>
      </object_component>
      <object_component id="oc-6be">
         <name>.text</name>
         <load_address>0x8342e</load_address>
         <run_address>0x8342e</run_address>
         <size>0x107</size>
         <input_file_ref idref="fl-40"/>
      </object_component>
      <object_component id="oc-30e">
         <name>.text:SysCtl_isPLLValid</name>
         <load_address>0x83535</load_address>
         <run_address>0x83535</run_address>
         <size>0xfe</size>
         <input_file_ref idref="fl-1a"/>
      </object_component>
      <object_component id="oc-57e">
         <name>.text:CAN_setupMessageObject</name>
         <load_address>0x83633</load_address>
         <run_address>0x83633</run_address>
         <size>0xdb</size>
         <input_file_ref idref="fl-11"/>
      </object_component>
      <object_component id="oc-1ff">
         <name>.text:EPWM_init</name>
         <load_address>0x8370e</load_address>
         <run_address>0x8370e</run_address>
         <size>0xd5</size>
         <input_file_ref idref="fl-3"/>
      </object_component>
      <object_component id="oc-800">
         <name>.text</name>
         <load_address>0x837e3</load_address>
         <run_address>0x837e3</run_address>
         <size>0xa9</size>
         <input_file_ref idref="fl-35"/>
      </object_component>
      <object_component id="oc-85b">
         <name>.text</name>
         <load_address>0x8388c</load_address>
         <run_address>0x8388c</run_address>
         <size>0x9c</size>
         <input_file_ref idref="fl-37"/>
      </object_component>
      <object_component id="oc-382">
         <name>.text:myCAN0_init</name>
         <load_address>0x83928</load_address>
         <run_address>0x83928</run_address>
         <size>0x8b</size>
         <input_file_ref idref="fl-3"/>
      </object_component>
      <object_component id="oc-7d6">
         <name>.text</name>
         <load_address>0x839b3</load_address>
         <run_address>0x839b3</run_address>
         <size>0x8b</size>
         <input_file_ref idref="fl-43"/>
      </object_component>
      <object_component id="oc-e9">
         <name>.text</name>
         <load_address>0x83a3e</load_address>
         <run_address>0x83a3e</run_address>
         <size>0x88</size>
         <input_file_ref idref="fl-28"/>
      </object_component>
      <object_component id="oc-7db">
         <name>.text</name>
         <load_address>0x83ac6</load_address>
         <run_address>0x83ac6</run_address>
         <size>0x83</size>
         <input_file_ref idref="fl-39"/>
      </object_component>
      <object_component id="oc-1cf">
         <name>.text:PinMux_init</name>
         <load_address>0x83b49</load_address>
         <run_address>0x83b49</run_address>
         <size>0x80</size>
         <input_file_ref idref="fl-3"/>
      </object_component>
      <object_component id="oc-265">
         <name>.text:Interrupt_clearIFR</name>
         <load_address>0x83bc9</load_address>
         <run_address>0x83bc9</run_address>
         <size>0x7f</size>
         <input_file_ref idref="fl-18"/>
      </object_component>
      <object_component id="oc-396">
         <name>.text:myECAP0_init</name>
         <load_address>0x83c48</load_address>
         <run_address>0x83c48</run_address>
         <size>0x7f</size>
         <input_file_ref idref="fl-3"/>
      </object_component>
      <object_component id="oc-4e9">
         <name>.text:DCC_setCounterSeeds</name>
         <load_address>0x83cc7</load_address>
         <run_address>0x83cc7</run_address>
         <size>0x73</size>
         <input_file_ref idref="fl-1a"/>
      </object_component>
      <object_component id="oc-f1">
         <name>.text:CAN_sendMessage</name>
         <load_address>0x83d3a</load_address>
         <run_address>0x83d3a</run_address>
         <size>0x72</size>
         <input_file_ref idref="fl-11"/>
      </object_component>
      <object_component id="oc-1c0">
         <name>.text:GPIO_setAnalogMode</name>
         <load_address>0x83dac</load_address>
         <run_address>0x83dac</run_address>
         <size>0x6a</size>
         <input_file_ref idref="fl-17"/>
      </object_component>
      <object_component id="oc-121">
         <name>.text:CAN_readMessage</name>
         <load_address>0x83e16</load_address>
         <run_address>0x83e16</run_address>
         <size>0x66</size>
         <input_file_ref idref="fl-11"/>
      </object_component>
      <object_component id="oc-41">
         <name>.text:INT_myECAP0_ISR</name>
         <load_address>0x83e7c</load_address>
         <run_address>0x83e7c</run_address>
         <size>0x66</size>
         <input_file_ref idref="fl-2"/>
      </object_component>
      <object_component id="oc-1ad">
         <name>.text:SysCtl_getClock</name>
         <load_address>0x83ee2</load_address>
         <run_address>0x83ee2</run_address>
         <size>0x65</size>
         <input_file_ref idref="fl-1a"/>
      </object_component>
      <object_component id="oc-56c">
         <name>.text:CAN_setBitTiming</name>
         <load_address>0x83f47</load_address>
         <run_address>0x83f47</run_address>
         <size>0x64</size>
         <input_file_ref idref="fl-11"/>
      </object_component>
      <object_component id="oc-32f">
         <name>.text:GPIO_setPadConfig</name>
         <load_address>0x83fab</load_address>
         <run_address>0x83fab</run_address>
         <size>0x52</size>
         <input_file_ref idref="fl-17"/>
      </object_component>
      <object_component id="oc-1e7">
         <name>.text:ADC_init</name>
         <load_address>0x83ffd</load_address>
         <run_address>0x83ffd</run_address>
         <size>0x3</size>
         <input_file_ref idref="fl-3"/>
      </object_component>
      <object_component id="oc-37b">
         <name>.text:myADC0_init</name>
         <load_address>0x84ac0</load_address>
         <run_address>0x84ac0</run_address>
         <size>0x5d</size>
         <input_file_ref idref="fl-3"/>
      </object_component>
      <object_component id="oc-3b">
         <name>.text:INT_myCAN0_0_ISR</name>
         <load_address>0x84b1d</load_address>
         <run_address>0x84b1d</run_address>
         <size>0x5b</size>
         <input_file_ref idref="fl-2"/>
      </object_component>
      <object_component id="oc-7fa">
         <name>.text</name>
         <load_address>0x84b78</load_address>
         <run_address>0x84b78</run_address>
         <size>0x5a</size>
         <input_file_ref idref="fl-34"/>
      </object_component>
      <object_component id="oc-23">
         <name>.text:INT_myCPUTIMER1_ISR</name>
         <load_address>0x84bd2</load_address>
         <run_address>0x84bd2</run_address>
         <size>0x57</size>
         <input_file_ref idref="fl-2"/>
      </object_component>
      <object_component id="oc-9a">
         <name>.text:Device_init</name>
         <load_address>0x84c29</load_address>
         <run_address>0x84c29</run_address>
         <size>0x50</size>
         <input_file_ref idref="fl-4"/>
      </object_component>
      <object_component id="oc-106">
         <name>.text:Interrupt_disable</name>
         <load_address>0x84c79</load_address>
         <run_address>0x84c79</run_address>
         <size>0x4e</size>
         <input_file_ref idref="fl-18"/>
      </object_component>
      <object_component id="oc-302">
         <name>.text:SysCtl_selectOscSource</name>
         <load_address>0x84cc7</load_address>
         <run_address>0x84cc7</run_address>
         <size>0x4d</size>
         <input_file_ref idref="fl-1a"/>
      </object_component>
      <object_component id="oc-127">
         <name>.text:CAN_clearInterruptStatus</name>
         <load_address>0x84d14</load_address>
         <run_address>0x84d14</run_address>
         <size>0x46</size>
         <input_file_ref idref="fl-11"/>
      </object_component>
      <object_component id="oc-35">
         <name>.text:INT_myADC0_1_ISR</name>
         <load_address>0x84d5a</load_address>
         <run_address>0x84d5a</run_address>
         <size>0x46</size>
         <input_file_ref idref="fl-2"/>
      </object_component>
      <object_component id="oc-4ab">
         <name>.text:SysCtl_selectXTAL</name>
         <load_address>0x84da0</load_address>
         <run_address>0x84da0</run_address>
         <size>0x46</size>
         <input_file_ref idref="fl-1a"/>
      </object_component>
      <object_component id="oc-66d">
         <name>.text:SCI_clearInterruptStatus</name>
         <load_address>0x84de6</load_address>
         <run_address>0x84de6</run_address>
         <size>0x45</size>
         <input_file_ref idref="fl-19"/>
      </object_component>
      <object_component id="oc-702">
         <name>.text:SysCtl_pollX1Counter</name>
         <load_address>0x84e2b</load_address>
         <run_address>0x84e2b</run_address>
         <size>0x45</size>
         <input_file_ref idref="fl-1a"/>
      </object_component>
      <object_component id="oc-dd">
         <name>.text:SCI_writeCharArray</name>
         <load_address>0x84e70</load_address>
         <run_address>0x84e70</run_address>
         <size>0x41</size>
         <input_file_ref idref="fl-19"/>
      </object_component>
      <object_component id="oc-3f1">
         <name>.text:EPWM_setActionQualifierAction</name>
         <load_address>0x84eb1</load_address>
         <run_address>0x84eb1</run_address>
         <size>0x40</size>
         <input_file_ref idref="fl-3"/>
      </object_component>
      <object_component id="oc-3df">
         <name>.text:EPWM_setCounterCompareShadowLoadMode</name>
         <load_address>0x84ef1</load_address>
         <run_address>0x84ef1</run_address>
         <size>0x3e</size>
         <input_file_ref idref="fl-3"/>
      </object_component>
      <object_component id="oc-685">
         <name>.text:SCI_setConfig</name>
         <load_address>0x84f2f</load_address>
         <run_address>0x84f2f</run_address>
         <size>0x3e</size>
         <input_file_ref idref="fl-19"/>
      </object_component>
      <object_component id="oc-2f">
         <name>.text:INTERRUPT_init</name>
         <load_address>0x84f6d</load_address>
         <run_address>0x84f6d</run_address>
         <size>0x3d</size>
         <input_file_ref idref="fl-3"/>
      </object_component>
      <object_component id="oc-a0">
         <name>.text:Interrupt_initModule</name>
         <load_address>0x84faa</load_address>
         <run_address>0x84faa</run_address>
         <size>0x3d</size>
         <input_file_ref idref="fl-18"/>
      </object_component>
      <object_component id="oc-308">
         <name>.text:SysCtl_setPLLSysClk</name>
         <load_address>0x84fe7</load_address>
         <run_address>0x84fe7</run_address>
         <size>0x19</size>
         <input_file_ref idref="fl-1a"/>
      </object_component>
      <object_component id="oc-3eb">
         <name>.text:EPWM_setActionQualifierShadowLoadMode</name>
         <load_address>0x85000</load_address>
         <run_address>0x85000</run_address>
         <size>0x3a</size>
         <input_file_ref idref="fl-3"/>
      </object_component>
      <object_component id="oc-88">
         <name>.text:EPWM_setNote</name>
         <load_address>0x8503a</load_address>
         <run_address>0x8503a</run_address>
         <size>0x38</size>
         <input_file_ref idref="fl-2"/>
      </object_component>
      <object_component id="oc-663">
         <name>.text:GPIO_setControllerCore</name>
         <load_address>0x85072</load_address>
         <run_address>0x85072</run_address>
         <size>0x37</size>
         <input_file_ref idref="fl-17"/>
      </object_component>
      <object_component id="oc-329">
         <name>.text:GPIO_setPinConfig</name>
         <load_address>0x850a9</load_address>
         <run_address>0x850a9</run_address>
         <size>0x37</size>
         <input_file_ref idref="fl-17"/>
      </object_component>
      <object_component id="oc-335">
         <name>.text:GPIO_setQualificationMode</name>
         <load_address>0x850e0</load_address>
         <run_address>0x850e0</run_address>
         <size>0x37</size>
         <input_file_ref idref="fl-17"/>
      </object_component>
      <object_component id="oc-b2">
         <name>.text:Interrupt_enable</name>
         <load_address>0x85117</load_address>
         <run_address>0x85117</run_address>
         <size>0x37</size>
         <input_file_ref idref="fl-18"/>
      </object_component>
      <object_component id="oc-d7">
         <name>.text</name>
         <load_address>0x8514e</load_address>
         <run_address>0x8514e</run_address>
         <size>0x32</size>
         <input_file_ref idref="fl-26"/>
      </object_component>
      <object_component id="oc-65d">
         <name>.text:GPIO_setDirectionMode</name>
         <load_address>0x85180</load_address>
         <run_address>0x85180</run_address>
         <size>0x31</size>
         <input_file_ref idref="fl-17"/>
      </object_component>
      <object_component id="oc-6b3">
         <name>.text</name>
         <load_address>0x851b1</load_address>
         <run_address>0x851b1</run_address>
         <size>0x31</size>
         <input_file_ref idref="fl-47"/>
      </object_component>
      <object_component id="oc-134">
         <name>.text:ECAP_getEventTimeStamp</name>
         <load_address>0x851e2</load_address>
         <run_address>0x851e2</run_address>
         <size>0x30</size>
         <input_file_ref idref="fl-2"/>
      </object_component>
      <object_component id="oc-7e5">
         <name>.text</name>
         <load_address>0x85212</load_address>
         <run_address>0x85212</run_address>
         <size>0x30</size>
         <input_file_ref idref="fl-46"/>
      </object_component>
      <object_component id="oc-54d">
         <name>.text:ADC_setInterruptSource</name>
         <load_address>0x85242</load_address>
         <run_address>0x85242</run_address>
         <size>0x2f</size>
         <input_file_ref idref="fl-3"/>
      </object_component>
      <object_component id="oc-47">
         <name>.text:INT_myCAN0_1_ISR</name>
         <load_address>0x85271</load_address>
         <run_address>0x85271</run_address>
         <size>0x2f</size>
         <input_file_ref idref="fl-2"/>
      </object_component>
      <object_component id="oc-429">
         <name>.text:mySCI0_init</name>
         <load_address>0x852a0</load_address>
         <run_address>0x852a0</run_address>
         <size>0x2f</size>
         <input_file_ref idref="fl-3"/>
      </object_component>
      <object_component id="oc-547">
         <name>.text:ADC_setInterruptSOCTrigger</name>
         <load_address>0x852cf</load_address>
         <run_address>0x852cf</run_address>
         <size>0x2e</size>
         <input_file_ref idref="fl-3"/>
      </object_component>
      <object_component id="oc-11">
         <name>.text:decompress:lzss</name>
         <load_address>0x852fd</load_address>
         <run_address>0x852fd</run_address>
         <size>0x2e</size>
         <input_file_ref idref="fl-2e"/>
      </object_component>
      <object_component id="oc-5e1">
         <name>.text:ECAP_setCaptureMode</name>
         <load_address>0x8532b</load_address>
         <run_address>0x8532b</run_address>
         <size>0x2b</size>
         <input_file_ref idref="fl-3"/>
      </object_component>
      <object_component id="oc-645">
         <name>.text:EPWM_isBaseValid</name>
         <load_address>0x85356</load_address>
         <run_address>0x85356</run_address>
         <size>0x2b</size>
         <input_file_ref idref="fl-3"/>
      </object_component>
      <object_component id="oc-63c">
         <name>.text:EPWM_isBaseValid</name>
         <load_address>0x85381</load_address>
         <run_address>0x85381</run_address>
         <size>0x2b</size>
         <input_file_ref idref="fl-15"/>
      </object_component>
      <object_component id="oc-2a9">
         <name>.text:EPWM_isBaseValid</name>
         <load_address>0x853ac</load_address>
         <run_address>0x853ac</run_address>
         <size>0x2b</size>
         <input_file_ref idref="fl-2"/>
      </object_component>
      <object_component id="oc-45e">
         <name>.text:__TI_auto_init_nobinit_nopinit</name>
         <load_address>0x853d7</load_address>
         <run_address>0x853d7</run_address>
         <size>0x2b</size>
         <input_file_ref idref="fl-2b"/>
      </object_component>
      <object_component id="oc-7cc">
         <name>.text</name>
         <load_address>0x85402</load_address>
         <run_address>0x85402</run_address>
         <size>0x2a</size>
         <input_file_ref idref="fl-38"/>
      </object_component>
      <object_component id="oc-853">
         <name>.text</name>
         <load_address>0x8542c</load_address>
         <run_address>0x8542c</run_address>
         <size>0x2a</size>
         <input_file_ref idref="fl-4f"/>
      </object_component>
      <object_component id="oc-2a2">
         <name>.text</name>
         <load_address>0x85456</load_address>
         <run_address>0x85456</run_address>
         <size>0x29</size>
         <input_file_ref idref="fl-2f"/>
      </object_component>
      <object_component id="oc-729">
         <name>.text:ADC_setOffsetTrimAll</name>
         <load_address>0x8547f</load_address>
         <run_address>0x8547f</run_address>
         <size>0x28</size>
         <input_file_ref idref="fl-10"/>
      </object_component>
      <object_component id="oc-5e7">
         <name>.text:ECAP_setEventPrescaler</name>
         <load_address>0x854a7</load_address>
         <run_address>0x854a7</run_address>
         <size>0x28</size>
         <input_file_ref idref="fl-3"/>
      </object_component>
      <object_component id="oc-517">
         <name>.text:ADC_setVREF</name>
         <load_address>0x854cf</load_address>
         <run_address>0x854cf</run_address>
         <size>0x27</size>
         <input_file_ref idref="fl-10"/>
      </object_component>
      <object_component id="oc-1a1">
         <name>.text:CAN_selectClockSource</name>
         <load_address>0x854f6</load_address>
         <run_address>0x854f6</run_address>
         <size>0x27</size>
         <input_file_ref idref="fl-4"/>
      </object_component>
      <object_component id="oc-be">
         <name>.text:GPIO_writePin</name>
         <load_address>0x8551d</load_address>
         <run_address>0x8551d</run_address>
         <size>0x27</size>
         <input_file_ref idref="fl-2"/>
      </object_component>
      <object_component id="oc-5ed">
         <name>.text:ECAP_setEventPolarity</name>
         <load_address>0x85544</load_address>
         <run_address>0x85544</run_address>
         <size>0x25</size>
         <input_file_ref idref="fl-3"/>
      </object_component>
      <object_component id="oc-342">
         <name>.text:SysCtl_configureType</name>
         <load_address>0x85569</load_address>
         <run_address>0x85569</run_address>
         <size>0x25</size>
         <input_file_ref idref="fl-1a"/>
      </object_component>
      <object_component id="oc-4b1">
         <name>.text:SysCtl_selectXTALSingleEnded</name>
         <load_address>0x8558e</load_address>
         <run_address>0x8558e</run_address>
         <size>0x25</size>
         <input_file_ref idref="fl-1a"/>
      </object_component>
      <object_component id="oc-389">
         <name>.text:myCPUTIMER0_init</name>
         <load_address>0x855b3</load_address>
         <run_address>0x855b3</run_address>
         <size>0x25</size>
         <input_file_ref idref="fl-3"/>
      </object_component>
      <object_component id="oc-38f">
         <name>.text:myCPUTIMER1_init</name>
         <load_address>0x855d8</load_address>
         <run_address>0x855d8</run_address>
         <size>0x25</size>
         <input_file_ref idref="fl-3"/>
      </object_component>
      <object_component id="oc-4ef">
         <name>.text:DCC_enableSingleShotMode</name>
         <load_address>0x855fd</load_address>
         <run_address>0x855fd</run_address>
         <size>0x24</size>
         <input_file_ref idref="fl-1a"/>
      </object_component>
      <object_component id="oc-3d9">
         <name>.text:EPWM_disableCounterCompareShadowLoadMode</name>
         <load_address>0x85621</load_address>
         <run_address>0x85621</run_address>
         <size>0x24</size>
         <input_file_ref idref="fl-3"/>
      </object_component>
      <object_component id="oc-86a">
         <name>.text</name>
         <load_address>0x85645</load_address>
         <run_address>0x85645</run_address>
         <size>0x24</size>
         <input_file_ref idref="fl-4e"/>
      </object_component>
      <object_component id="oc-572">
         <name>.text:CAN_enableInterrupt</name>
         <load_address>0x85669</load_address>
         <run_address>0x85669</run_address>
         <size>0x22</size>
         <input_file_ref idref="fl-3"/>
      </object_component>
      <object_component id="oc-255">
         <name>.text:CAN_writeDataReg</name>
         <load_address>0x8568b</load_address>
         <run_address>0x8568b</run_address>
         <size>0x22</size>
         <input_file_ref idref="fl-11"/>
      </object_component>
      <object_component id="oc-3d3">
         <name>.text:EPWM_setCounterCompareValue</name>
         <load_address>0x856ad</load_address>
         <run_address>0x856ad</run_address>
         <size>0x22</size>
         <input_file_ref idref="fl-3"/>
      </object_component>
      <object_component id="oc-16e">
         <name>.text:EPWM_setCounterCompareValue</name>
         <load_address>0x856cf</load_address>
         <run_address>0x856cf</run_address>
         <size>0x22</size>
         <input_file_ref idref="fl-2"/>
      </object_component>
      <object_component id="oc-559">
         <name>.text:ADC_disableContinuousMode</name>
         <load_address>0x856f1</load_address>
         <run_address>0x856f1</run_address>
         <size>0x21</size>
         <input_file_ref idref="fl-3"/>
      </object_component>
      <object_component id="oc-7f5">
         <name>.text</name>
         <load_address>0x85712</load_address>
         <run_address>0x85712</run_address>
         <size>0x21</size>
         <input_file_ref idref="fl-3c"/>
      </object_component>
      <object_component id="oc-55f">
         <name>.text:ADC_enableInterrupt</name>
         <load_address>0x85733</load_address>
         <run_address>0x85733</run_address>
         <size>0x20</size>
         <input_file_ref idref="fl-3"/>
      </object_component>
      <object_component id="oc-5c3">
         <name>.text:ECAP_disableInterrupt</name>
         <load_address>0x85753</load_address>
         <run_address>0x85753</run_address>
         <size>0x20</size>
         <input_file_ref idref="fl-3"/>
      </object_component>
      <object_component id="oc-230">
         <name>.text:SCI_isFIFOEnabled</name>
         <load_address>0x85773</load_address>
         <run_address>0x85773</run_address>
         <size>0x20</size>
         <input_file_ref idref="fl-19"/>
      </object_component>
      <object_component id="oc-c4">
         <name>.text:CPUTimer_getTimerOverflowStatus</name>
         <load_address>0x85793</load_address>
         <run_address>0x85793</run_address>
         <size>0x1f</size>
         <input_file_ref idref="fl-2"/>
      </object_component>
      <object_component id="oc-635">
         <name>.text:ECAP_enableInterrupt</name>
         <load_address>0x857b2</load_address>
         <run_address>0x857b2</run_address>
         <size>0x1f</size>
         <input_file_ref idref="fl-3"/>
      </object_component>
      <object_component id="oc-403">
         <name>.text:EPWM_setFallingEdgeDelayCountShadowLoadMode</name>
         <load_address>0x857d1</load_address>
         <run_address>0x857d1</run_address>
         <size>0x1f</size>
         <input_file_ref idref="fl-3"/>
      </object_component>
      <object_component id="oc-3f7">
         <name>.text:EPWM_setRisingEdgeDelayCountShadowLoadMode</name>
         <load_address>0x857f0</load_address>
         <run_address>0x857f0</run_address>
         <size>0x1f</size>
         <input_file_ref idref="fl-3"/>
      </object_component>
      <object_component id="oc-ca">
         <name>.text:GPIO_togglePin</name>
         <load_address>0x8580f</load_address>
         <run_address>0x8580f</run_address>
         <size>0x1f</size>
         <input_file_ref idref="fl-2"/>
      </object_component>
      <object_component id="oc-7e0">
         <name>.text</name>
         <load_address>0x8582e</load_address>
         <run_address>0x8582e</run_address>
         <size>0x1f</size>
         <input_file_ref idref="fl-3d"/>
      </object_component>
      <object_component id="oc-4dd">
         <name>.text:DCC_setCounter0ClkSource</name>
         <load_address>0x8584d</load_address>
         <run_address>0x8584d</run_address>
         <size>0x1e</size>
         <input_file_ref idref="fl-1a"/>
      </object_component>
      <object_component id="oc-4e3">
         <name>.text:DCC_setCounter1ClkSource</name>
         <load_address>0x8586b</load_address>
         <run_address>0x8586b</run_address>
         <size>0x1e</size>
         <input_file_ref idref="fl-1a"/>
      </object_component>
      <object_component id="oc-617">
         <name>.text:ECAP_setEmulationMode</name>
         <load_address>0x85889</load_address>
         <run_address>0x85889</run_address>
         <size>0x1e</size>
         <input_file_ref idref="fl-14"/>
      </object_component>
      <object_component id="oc-61d">
         <name>.text:ECAP_setSyncInPulseSource</name>
         <load_address>0x858a7</load_address>
         <run_address>0x858a7</run_address>
         <size>0x1e</size>
         <input_file_ref idref="fl-3"/>
      </object_component>
      <object_component id="oc-3c7">
         <name>.text:EPWM_setPhaseShift</name>
         <load_address>0x858c5</load_address>
         <run_address>0x858c5</run_address>
         <size>0x1e</size>
         <input_file_ref idref="fl-3"/>
      </object_component>
      <object_component id="oc-53">
         <name>.text:Interrupt_initVectorTable</name>
         <load_address>0x858e3</load_address>
         <run_address>0x858e3</run_address>
         <size>0x1e</size>
         <input_file_ref idref="fl-18"/>
      </object_component>
      <object_component id="oc-6b9">
         <name>.text</name>
         <load_address>0x85901</load_address>
         <run_address>0x85901</run_address>
         <size>0x1e</size>
         <input_file_ref idref="fl-3f"/>
      </object_component>
      <object_component id="oc-12d">
         <name>.text:CAN_clearGlobalInterruptStatus</name>
         <load_address>0x8591f</load_address>
         <run_address>0x8591f</run_address>
         <size>0x1d</size>
         <input_file_ref idref="fl-2"/>
      </object_component>
      <object_component id="oc-578">
         <name>.text:CAN_enableGlobalInterrupt</name>
         <load_address>0x8593c</load_address>
         <run_address>0x8593c</run_address>
         <size>0x1d</size>
         <input_file_ref idref="fl-3"/>
      </object_component>
      <object_component id="oc-5c9">
         <name>.text:ECAP_clearInterrupt</name>
         <load_address>0x85959</load_address>
         <run_address>0x85959</run_address>
         <size>0x1d</size>
         <input_file_ref idref="fl-3"/>
      </object_component>
      <object_component id="oc-13a">
         <name>.text:ECAP_clearInterrupt</name>
         <load_address>0x85976</load_address>
         <run_address>0x85976</run_address>
         <size>0x1d</size>
         <input_file_ref idref="fl-2"/>
      </object_component>
      <object_component id="oc-806">
         <name>.text</name>
         <load_address>0x85993</load_address>
         <run_address>0x85993</run_address>
         <size>0x1d</size>
         <input_file_ref idref="fl-41"/>
      </object_component>
      <object_component id="oc-68">
         <name>.text</name>
         <load_address>0x859b0</load_address>
         <run_address>0x859b0</run_address>
         <size>0x1d</size>
         <input_file_ref idref="fl-29"/>
      </object_component>
      <object_component id="oc-53b">
         <name>.text:ADC_setSOCPriority</name>
         <load_address>0x859cd</load_address>
         <run_address>0x859cd</run_address>
         <size>0x1c</size>
         <input_file_ref idref="fl-3"/>
      </object_component>
      <object_component id="oc-566">
         <name>.text:CAN_initModule</name>
         <load_address>0x859e9</load_address>
         <run_address>0x859e9</run_address>
         <size>0x1c</size>
         <input_file_ref idref="fl-11"/>
      </object_component>
      <object_component id="oc-5f3">
         <name>.text:ECAP_disableCounterResetOnEvent</name>
         <load_address>0x85a05</load_address>
         <run_address>0x85a05</run_address>
         <size>0x1c</size>
         <input_file_ref idref="fl-3"/>
      </object_component>
      <object_component id="oc-5ff">
         <name>.text:ECAP_selectECAPInput</name>
         <load_address>0x85a21</load_address>
         <run_address>0x85a21</run_address>
         <size>0x1c</size>
         <input_file_ref idref="fl-3"/>
      </object_component>
      <object_component id="oc-611">
         <name>.text:ECAP_setSyncOutMode</name>
         <load_address>0x85a3d</load_address>
         <run_address>0x85a3d</run_address>
         <size>0x1c</size>
         <input_file_ref idref="fl-3"/>
      </object_component>
      <object_component id="oc-3a3">
         <name>.text:EPWM_setClockPrescaler</name>
         <load_address>0x85a59</load_address>
         <run_address>0x85a59</run_address>
         <size>0x1c</size>
         <input_file_ref idref="fl-3"/>
      </object_component>
      <object_component id="oc-7eb">
         <name>.text</name>
         <load_address>0x85a75</load_address>
         <run_address>0x85a75</run_address>
         <size>0x1c</size>
         <input_file_ref idref="fl-42"/>
      </object_component>
      <object_component id="oc-d0">
         <name>.text:triggerUltrasonic</name>
         <load_address>0x85a91</load_address>
         <run_address>0x85a91</run_address>
         <size>0x1c</size>
         <input_file_ref idref="fl-2"/>
      </object_component>
      <object_component id="oc-a6">
         <name>.text:Board_init</name>
         <load_address>0x85aad</load_address>
         <run_address>0x85aad</run_address>
         <size>0x1b</size>
         <input_file_ref idref="fl-3"/>
      </object_component>
      <object_component id="oc-278">
         <name>.text:CAN_readDataReg</name>
         <load_address>0x85ac8</load_address>
         <run_address>0x85ac8</run_address>
         <size>0x1b</size>
         <input_file_ref idref="fl-11"/>
      </object_component>
      <object_component id="oc-5f9">
         <name>.text:ECAP_enableCounterResetOnEvent</name>
         <load_address>0x85ae3</load_address>
         <run_address>0x85ae3</run_address>
         <size>0x1b</size>
         <input_file_ref idref="fl-3"/>
      </object_component>
      <object_component id="oc-33c">
         <name>.text:SysCtl_setStandbyQualificationPeriod</name>
         <load_address>0x85afe</load_address>
         <run_address>0x85afe</run_address>
         <size>0x1b</size>
         <input_file_ref idref="fl-3"/>
      </object_component>
      <object_component id="oc-10e">
         <name>.text:ADC_readResult</name>
         <load_address>0x85b19</load_address>
         <run_address>0x85b19</run_address>
         <size>0x1a</size>
         <input_file_ref idref="fl-2"/>
      </object_component>
      <object_component id="oc-743">
         <name>.text:CAN_initRAM</name>
         <load_address>0x85b33</load_address>
         <run_address>0x85b33</run_address>
         <size>0x1a</size>
         <input_file_ref idref="fl-11"/>
      </object_component>
      <object_component id="oc-5b5">
         <name>.text:CPUTimer_startTimer</name>
         <load_address>0x85b4d</load_address>
         <run_address>0x85b4d</run_address>
         <size>0x1a</size>
         <input_file_ref idref="fl-3"/>
      </object_component>
      <object_component id="oc-b8">
         <name>.text:CPUTimer_startTimer</name>
         <load_address>0x85b67</load_address>
         <run_address>0x85b67</run_address>
         <size>0x1a</size>
         <input_file_ref idref="fl-2"/>
      </object_component>
      <object_component id="oc-3e5">
         <name>.text:EPWM_disableActionQualifierShadowLoadMode</name>
         <load_address>0x85b81</load_address>
         <run_address>0x85b81</run_address>
         <size>0x1a</size>
         <input_file_ref idref="fl-3"/>
      </object_component>
      <object_component id="oc-23c">
         <name>.text:SCI_isSpaceAvailableNonFIFO</name>
         <load_address>0x85b9b</load_address>
         <run_address>0x85b9b</run_address>
         <size>0x1a</size>
         <input_file_ref idref="fl-19"/>
      </object_component>
      <object_component id="oc-1b4">
         <name>.text:SysCtl_getLowSpeedClock</name>
         <load_address>0x85bb5</load_address>
         <run_address>0x85bb5</run_address>
         <size>0x1a</size>
         <input_file_ref idref="fl-1a"/>
      </object_component>
      <object_component id="oc-409">
         <name>.text:EPWM_disableFallingEdgeDelayCountShadowLoadMode</name>
         <load_address>0x85bcf</load_address>
         <run_address>0x85bcf</run_address>
         <size>0x18</size>
         <input_file_ref idref="fl-3"/>
      </object_component>
      <object_component id="oc-3fd">
         <name>.text:EPWM_disableRisingEdgeDelayCountShadowLoadMode</name>
         <load_address>0x85be7</load_address>
         <run_address>0x85be7</run_address>
         <size>0x18</size>
         <input_file_ref idref="fl-3"/>
      </object_component>
      <object_component id="oc-3a9">
         <name>.text:EPWM_setPeriodLoadMode</name>
         <load_address>0x85bff</load_address>
         <run_address>0x85bff</run_address>
         <size>0x18</size>
         <input_file_ref idref="fl-3"/>
      </object_component>
      <object_component id="oc-7a5">
         <name>.text:SCI_disableModule</name>
         <load_address>0x85c17</load_address>
         <run_address>0x85c17</run_address>
         <size>0x18</size>
         <input_file_ref idref="fl-19"/>
      </object_component>
      <object_component id="oc-691">
         <name>.text:SCI_performSoftwareReset</name>
         <load_address>0x85c2f</load_address>
         <run_address>0x85c2f</run_address>
         <size>0x18</size>
         <input_file_ref idref="fl-3"/>
      </object_component>
      <object_component id="oc-795">
         <name>.text:SCI_performSoftwareReset</name>
         <load_address>0x85c47</load_address>
         <run_address>0x85c47</run_address>
         <size>0x18</size>
         <input_file_ref idref="fl-19"/>
      </object_component>
      <object_component id="oc-67f">
         <name>.text:SCI_resetChannels</name>
         <load_address>0x85c5f</load_address>
         <run_address>0x85c5f</run_address>
         <size>0x18</size>
         <input_file_ref idref="fl-3"/>
      </object_component>
      <object_component id="oc-6c3">
         <name>.text</name>
         <load_address>0x85c77</load_address>
         <run_address>0x85c77</run_address>
         <size>0x18</size>
         <input_file_ref idref="fl-3e"/>
      </object_component>
      <object_component id="oc-e3">
         <name>.text:ADC_forceSOC</name>
         <load_address>0x85c8f</load_address>
         <run_address>0x85c8f</run_address>
         <size>0x17</size>
         <input_file_ref idref="fl-2"/>
      </object_component>
      <object_component id="oc-731">
         <name>.text:ADC_isBaseValid</name>
         <load_address>0x85ca6</load_address>
         <run_address>0x85ca6</run_address>
         <size>0x17</size>
         <input_file_ref idref="fl-3"/>
      </object_component>
      <object_component id="oc-722">
         <name>.text:ADC_isBaseValid</name>
         <load_address>0x85cbd</load_address>
         <run_address>0x85cbd</run_address>
         <size>0x17</size>
         <input_file_ref idref="fl-10"/>
      </object_component>
      <object_component id="oc-244">
         <name>.text:ADC_isBaseValid</name>
         <load_address>0x85cd4</load_address>
         <run_address>0x85cd4</run_address>
         <size>0x17</size>
         <input_file_ref idref="fl-2"/>
      </object_component>
      <object_component id="oc-374">
         <name>.text:ASysCtl_setAnalogReferenceExternal</name>
         <load_address>0x85ceb</load_address>
         <run_address>0x85ceb</run_address>
         <size>0x17</size>
         <input_file_ref idref="fl-3"/>
      </object_component>
      <object_component id="oc-75f">
         <name>.text:CPUTimer_isBaseValid</name>
         <load_address>0x85d02</load_address>
         <run_address>0x85d02</run_address>
         <size>0x17</size>
         <input_file_ref idref="fl-3"/>
      </object_component>
      <object_component id="oc-756">
         <name>.text:CPUTimer_isBaseValid</name>
         <load_address>0x85d19</load_address>
         <run_address>0x85d19</run_address>
         <size>0x17</size>
         <input_file_ref idref="fl-12"/>
      </object_component>
      <object_component id="oc-175">
         <name>.text:CPUTimer_isBaseValid</name>
         <load_address>0x85d30</load_address>
         <run_address>0x85d30</run_address>
         <size>0x17</size>
         <input_file_ref idref="fl-2"/>
      </object_component>
      <object_component id="oc-597">
         <name>.text:CPUTimer_setPreScaler</name>
         <load_address>0x85d47</load_address>
         <run_address>0x85d47</run_address>
         <size>0x17</size>
         <input_file_ref idref="fl-3"/>
      </object_component>
      <object_component id="oc-76c">
         <name>.text:ECAP_isBaseValid</name>
         <load_address>0x85d5e</load_address>
         <run_address>0x85d5e</run_address>
         <size>0x17</size>
         <input_file_ref idref="fl-3"/>
      </object_component>
      <object_component id="oc-780">
         <name>.text:ECAP_isBaseValid</name>
         <load_address>0x85d75</load_address>
         <run_address>0x85d75</run_address>
         <size>0x17</size>
         <input_file_ref idref="fl-14"/>
      </object_component>
      <object_component id="oc-281">
         <name>.text:ECAP_isBaseValid</name>
         <load_address>0x85d8c</load_address>
         <run_address>0x85d8c</run_address>
         <size>0x17</size>
         <input_file_ref idref="fl-2"/>
      </object_component>
      <object_component id="oc-35a">
         <name>.text:SysCtl_enablePeripheral</name>
         <load_address>0x85da3</load_address>
         <run_address>0x85da3</run_address>
         <size>0x17</size>
         <input_file_ref idref="fl-3"/>
      </object_component>
      <object_component id="oc-4b9">
         <name>.text:SysCtl_enablePeripheral</name>
         <load_address>0x85dba</load_address>
         <run_address>0x85dba</run_address>
         <size>0x17</size>
         <input_file_ref idref="fl-1a"/>
      </object_component>
      <object_component id="oc-15e">
         <name>.text</name>
         <load_address>0x85dd1</load_address>
         <run_address>0x85dd1</run_address>
         <size>0x17</size>
         <input_file_ref idref="fl-27"/>
      </object_component>
      <object_component id="oc-529">
         <name>.text:ADC_setInterruptCycleOffset</name>
         <load_address>0x85de8</load_address>
         <run_address>0x85de8</run_address>
         <size>0x16</size>
         <input_file_ref idref="fl-3"/>
      </object_component>
      <object_component id="oc-523">
         <name>.text:ADC_setInterruptPulseMode</name>
         <load_address>0x85dfe</load_address>
         <run_address>0x85dfe</run_address>
         <size>0x16</size>
         <input_file_ref idref="fl-3"/>
      </object_component>
      <object_component id="oc-51d">
         <name>.text:ADC_setPrescaler</name>
         <load_address>0x85e14</load_address>
         <run_address>0x85e14</run_address>
         <size>0x16</size>
         <input_file_ref idref="fl-3"/>
      </object_component>
      <object_component id="oc-4d7">
         <name>.text:DCC_disableDoneSignal</name>
         <load_address>0x85e2a</load_address>
         <run_address>0x85e2a</run_address>
         <size>0x16</size>
         <input_file_ref idref="fl-1a"/>
      </object_component>
      <object_component id="oc-39d">
         <name>.text:EPWM_setEmulationMode</name>
         <load_address>0x85e40</load_address>
         <run_address>0x85e40</run_address>
         <size>0x16</size>
         <input_file_ref idref="fl-15"/>
      </object_component>
      <object_component id="oc-3cd">
         <name>.text:EPWM_setSyncInPulseSource</name>
         <load_address>0x85e56</load_address>
         <run_address>0x85e56</run_address>
         <size>0x16</size>
         <input_file_ref idref="fl-3"/>
      </object_component>
      <object_component id="oc-4d">
         <name>.text:Interrupt_defaultHandler</name>
         <load_address>0x85e6c</load_address>
         <run_address>0x85e6c</run_address>
         <size>0x16</size>
         <input_file_ref idref="fl-18"/>
      </object_component>
      <object_component id="oc-535">
         <name>.text:ADC_disableBurstMode</name>
         <load_address>0x85e82</load_address>
         <run_address>0x85e82</run_address>
         <size>0x15</size>
         <input_file_ref idref="fl-3"/>
      </object_component>
      <object_component id="oc-5bc">
         <name>.text:CPUTimer_enableInterrupt</name>
         <load_address>0x85e97</load_address>
         <run_address>0x85e97</run_address>
         <size>0x15</size>
         <input_file_ref idref="fl-3"/>
      </object_component>
      <object_component id="oc-4c5">
         <name>.text:DCC_clearDoneFlag</name>
         <load_address>0x85eac</load_address>
         <run_address>0x85eac</run_address>
         <size>0x15</size>
         <input_file_ref idref="fl-1a"/>
      </object_component>
      <object_component id="oc-4bf">
         <name>.text:DCC_clearErrorFlag</name>
         <load_address>0x85ec1</load_address>
         <run_address>0x85ec1</run_address>
         <size>0x15</size>
         <input_file_ref idref="fl-1a"/>
      </object_component>
      <object_component id="oc-4d1">
         <name>.text:DCC_disableErrorSignal</name>
         <load_address>0x85ed6</load_address>
         <run_address>0x85ed6</run_address>
         <size>0x15</size>
         <input_file_ref idref="fl-1a"/>
      </object_component>
      <object_component id="oc-711">
         <name>.text:DCC_isBaseValid</name>
         <load_address>0x85eeb</load_address>
         <run_address>0x85eeb</run_address>
         <size>0x15</size>
         <input_file_ref idref="fl-1a"/>
      </object_component>
      <object_component id="oc-5cf">
         <name>.text:ECAP_disableTimeStampCapture</name>
         <load_address>0x85f00</load_address>
         <run_address>0x85f00</run_address>
         <size>0x15</size>
         <input_file_ref idref="fl-3"/>
      </object_component>
      <object_component id="oc-5db">
         <name>.text:ECAP_enableCaptureMode</name>
         <load_address>0x85f15</load_address>
         <run_address>0x85f15</run_address>
         <size>0x15</size>
         <input_file_ref idref="fl-3"/>
      </object_component>
      <object_component id="oc-60b">
         <name>.text:ECAP_enableLoadCounter</name>
         <load_address>0x85f2a</load_address>
         <run_address>0x85f2a</run_address>
         <size>0x15</size>
         <input_file_ref idref="fl-3"/>
      </object_component>
      <object_component id="oc-629">
         <name>.text:ECAP_enableTimeStampCapture</name>
         <load_address>0x85f3f</load_address>
         <run_address>0x85f3f</run_address>
         <size>0x15</size>
         <input_file_ref idref="fl-3"/>
      </object_component>
      <object_component id="oc-62f">
         <name>.text:ECAP_reArm</name>
         <load_address>0x85f54</load_address>
         <run_address>0x85f54</run_address>
         <size>0x15</size>
         <input_file_ref idref="fl-3"/>
      </object_component>
      <object_component id="oc-623">
         <name>.text:ECAP_startCounter</name>
         <load_address>0x85f69</load_address>
         <run_address>0x85f69</run_address>
         <size>0x15</size>
         <input_file_ref idref="fl-3"/>
      </object_component>
      <object_component id="oc-5d5">
         <name>.text:ECAP_stopCounter</name>
         <load_address>0x85f7e</load_address>
         <run_address>0x85f7e</run_address>
         <size>0x15</size>
         <input_file_ref idref="fl-3"/>
      </object_component>
      <object_component id="oc-553">
         <name>.text:ADC_clearInterruptStatus</name>
         <load_address>0x85f93</load_address>
         <run_address>0x85f93</run_address>
         <size>0x14</size>
         <input_file_ref idref="fl-3"/>
      </object_component>
      <object_component id="oc-114">
         <name>.text:ADC_clearInterruptStatus</name>
         <load_address>0x85fa7</load_address>
         <run_address>0x85fa7</run_address>
         <size>0x14</size>
         <input_file_ref idref="fl-2"/>
      </object_component>
      <object_component id="oc-5af">
         <name>.text:CPUTimer_reloadTimerCounter</name>
         <load_address>0x85fbb</load_address>
         <run_address>0x85fbb</run_address>
         <size>0x14</size>
         <input_file_ref idref="fl-3"/>
      </object_component>
      <object_component id="oc-5a9">
         <name>.text:CPUTimer_stopTimer</name>
         <load_address>0x85fcf</load_address>
         <run_address>0x85fcf</run_address>
         <size>0x14</size>
         <input_file_ref idref="fl-3"/>
      </object_component>
      <object_component id="oc-4cb">
         <name>.text:DCC_disableModule</name>
         <load_address>0x85fe3</load_address>
         <run_address>0x85fe3</run_address>
         <size>0x14</size>
         <input_file_ref idref="fl-1a"/>
      </object_component>
      <object_component id="oc-205">
         <name>.text:GPIO_init</name>
         <load_address>0x85ff7</load_address>
         <run_address>0x85ff7</run_address>
         <size>0x9</size>
         <input_file_ref idref="fl-3"/>
      </object_component>
      <object_component id="oc-4f5">
         <name>.text:DCC_enableModule</name>
         <load_address>0x86000</load_address>
         <run_address>0x86000</run_address>
         <size>0x14</size>
         <input_file_ref idref="fl-1a"/>
      </object_component>
      <object_component id="oc-3bb">
         <name>.text:EPWM_setTimeBaseCounterMode</name>
         <load_address>0x86014</load_address>
         <run_address>0x86014</run_address>
         <size>0x14</size>
         <input_file_ref idref="fl-3"/>
      </object_component>
      <object_component id="oc-3af">
         <name>.text:EPWM_setTimeBasePeriod</name>
         <load_address>0x86028</load_address>
         <run_address>0x86028</run_address>
         <size>0x14</size>
         <input_file_ref idref="fl-3"/>
      </object_component>
      <object_component id="oc-168">
         <name>.text:EPWM_setTimeBasePeriod</name>
         <load_address>0x8603c</load_address>
         <run_address>0x8603c</run_address>
         <size>0x14</size>
         <input_file_ref idref="fl-2"/>
      </object_component>
      <object_component id="oc-504">
         <name>.text:GPIO_isPinValid</name>
         <load_address>0x86050</load_address>
         <run_address>0x86050</run_address>
         <size>0x14</size>
         <input_file_ref idref="fl-17"/>
      </object_component>
      <object_component id="oc-21b">
         <name>.text:GPIO_isPinValid</name>
         <load_address>0x86064</load_address>
         <run_address>0x86064</run_address>
         <size>0x14</size>
         <input_file_ref idref="fl-2"/>
      </object_component>
      <object_component id="oc-236">
         <name>.text:SCI_getTxFIFOStatus</name>
         <load_address>0x86078</load_address>
         <run_address>0x86078</run_address>
         <size>0x14</size>
         <input_file_ref idref="fl-19"/>
      </object_component>
      <object_component id="oc-348">
         <name>.text:SysCtl_selectErrPinPolarity</name>
         <load_address>0x8608c</load_address>
         <run_address>0x8608c</run_address>
         <size>0x14</size>
         <input_file_ref idref="fl-3"/>
      </object_component>
      <object_component id="oc-354">
         <name>.text:SysCtl_setPeripheralAccessControl</name>
         <load_address>0x860a0</load_address>
         <run_address>0x860a0</run_address>
         <size>0x14</size>
         <input_file_ref idref="fl-3"/>
      </object_component>
      <object_component id="oc-422">
         <name>.text:myGPIO_echo_init</name>
         <load_address>0x860b4</load_address>
         <run_address>0x860b4</run_address>
         <size>0x14</size>
         <input_file_ref idref="fl-3"/>
      </object_component>
      <object_component id="oc-41c">
         <name>.text:myGPIO_trig_init</name>
         <load_address>0x860c8</load_address>
         <run_address>0x860c8</run_address>
         <size>0x14</size>
         <input_file_ref idref="fl-3"/>
      </object_component>
      <object_component id="oc-416">
         <name>.text:myLED04_init</name>
         <load_address>0x860dc</load_address>
         <run_address>0x860dc</run_address>
         <size>0x14</size>
         <input_file_ref idref="fl-3"/>
      </object_component>
      <object_component id="oc-410">
         <name>.text:myLED05_init</name>
         <load_address>0x860f0</load_address>
         <run_address>0x860f0</run_address>
         <size>0x14</size>
         <input_file_ref idref="fl-3"/>
      </object_component>
      <object_component id="oc-52f">
         <name>.text:ADC_enableConverter</name>
         <load_address>0x86104</load_address>
         <run_address>0x86104</run_address>
         <size>0x13</size>
         <input_file_ref idref="fl-3"/>
      </object_component>
      <object_component id="oc-584">
         <name>.text:CAN_setInterruptMux</name>
         <load_address>0x86117</load_address>
         <run_address>0x86117</run_address>
         <size>0x13</size>
         <input_file_ref idref="fl-3"/>
      </object_component>
      <object_component id="oc-591">
         <name>.text:CPUTimer_setEmulationMode</name>
         <load_address>0x8612a</load_address>
         <run_address>0x8612a</run_address>
         <size>0x13</size>
         <input_file_ref idref="fl-12"/>
      </object_component>
      <object_component id="oc-140">
         <name>.text:ECAP_clearGlobalInterrupt</name>
         <load_address>0x8613d</load_address>
         <run_address>0x8613d</run_address>
         <size>0x13</size>
         <input_file_ref idref="fl-2"/>
      </object_component>
      <object_component id="oc-673">
         <name>.text:SCI_clearOverflowStatus</name>
         <load_address>0x86150</load_address>
         <run_address>0x86150</run_address>
         <size>0x13</size>
         <input_file_ref idref="fl-3"/>
      </object_component>
      <object_component id="oc-679">
         <name>.text:SCI_disableFIFO</name>
         <load_address>0x86163</load_address>
         <run_address>0x86163</run_address>
         <size>0x13</size>
         <input_file_ref idref="fl-3"/>
      </object_component>
      <object_component id="oc-697">
         <name>.text:SCI_enableModule</name>
         <load_address>0x86176</load_address>
         <run_address>0x86176</run_address>
         <size>0x13</size>
         <input_file_ref idref="fl-3"/>
      </object_component>
      <object_component id="oc-7ab">
         <name>.text:SCI_enableModule</name>
         <load_address>0x86189</load_address>
         <run_address>0x86189</run_address>
         <size>0x13</size>
         <input_file_ref idref="fl-19"/>
      </object_component>
      <object_component id="oc-79c">
         <name>.text:SCI_isBaseValid</name>
         <load_address>0x8619c</load_address>
         <run_address>0x8619c</run_address>
         <size>0x13</size>
         <input_file_ref idref="fl-3"/>
      </object_component>
      <object_component id="oc-229">
         <name>.text:SCI_isBaseValid</name>
         <load_address>0x861af</load_address>
         <run_address>0x861af</run_address>
         <size>0x13</size>
         <input_file_ref idref="fl-19"/>
      </object_component>
      <object_component id="oc-11b">
         <name>.text:CAN_getInterruptCause</name>
         <load_address>0x861c2</load_address>
         <run_address>0x861c2</run_address>
         <size>0x12</size>
         <input_file_ref idref="fl-2"/>
      </object_component>
      <object_component id="oc-8e">
         <name>.text:CPUTimer_clearOverflowFlag</name>
         <load_address>0x861d4</load_address>
         <run_address>0x861d4</run_address>
         <size>0x12</size>
         <input_file_ref idref="fl-2"/>
      </object_component>
      <object_component id="oc-5a3">
         <name>.text:CPUTimer_disableInterrupt</name>
         <load_address>0x861e6</load_address>
         <run_address>0x861e6</run_address>
         <size>0x12</size>
         <input_file_ref idref="fl-3"/>
      </object_component>
      <object_component id="oc-3b5">
         <name>.text:EPWM_setTimeBaseCounter</name>
         <load_address>0x861f8</load_address>
         <run_address>0x861f8</run_address>
         <size>0x12</size>
         <input_file_ref idref="fl-3"/>
      </object_component>
      <object_component id="oc-1a7">
         <name>.text:SysCtl_setMCANClk</name>
         <load_address>0x8620a</load_address>
         <run_address>0x8620a</run_address>
         <size>0x12</size>
         <input_file_ref idref="fl-4"/>
      </object_component>
      <object_component id="oc-361">
         <name>.text:SysCtl_setSyncOutputConfig</name>
         <load_address>0x8621c</load_address>
         <run_address>0x8621c</run_address>
         <size>0x12</size>
         <input_file_ref idref="fl-3"/>
      </object_component>
      <object_component id="oc-58a">
         <name>.text:CAN_startModule</name>
         <load_address>0x8622e</load_address>
         <run_address>0x8622e</run_address>
         <size>0x11</size>
         <input_file_ref idref="fl-3"/>
      </object_component>
      <object_component id="oc-59d">
         <name>.text:CPUTimer_setPeriod</name>
         <load_address>0x8623f</load_address>
         <run_address>0x8623f</run_address>
         <size>0x11</size>
         <input_file_ref idref="fl-3"/>
      </object_component>
      <object_component id="oc-605">
         <name>.text:ECAP_setPhaseShiftCount</name>
         <load_address>0x86250</load_address>
         <run_address>0x86250</run_address>
         <size>0x11</size>
         <input_file_ref idref="fl-3"/>
      </object_component>
      <object_component id="oc-3c1">
         <name>.text:EPWM_disablePhaseShiftLoad</name>
         <load_address>0x86261</load_address>
         <run_address>0x86261</run_address>
         <size>0x11</size>
         <input_file_ref idref="fl-3"/>
      </object_component>
      <object_component id="oc-68b">
         <name>.text:SCI_disableLoopback</name>
         <load_address>0x86272</load_address>
         <run_address>0x86272</run_address>
         <size>0x11</size>
         <input_file_ref idref="fl-3"/>
      </object_component>
      <object_component id="oc-74b">
         <name>.text:CAN_isBaseValid</name>
         <load_address>0x86283</load_address>
         <run_address>0x86283</run_address>
         <size>0x10</size>
         <input_file_ref idref="fl-3"/>
      </object_component>
      <object_component id="oc-317">
         <name>.text:CAN_isBaseValid</name>
         <load_address>0x86293</load_address>
         <run_address>0x86293</run_address>
         <size>0x10</size>
         <input_file_ref idref="fl-4"/>
      </object_component>
      <object_component id="oc-24e">
         <name>.text:CAN_isBaseValid</name>
         <load_address>0x862a3</load_address>
         <run_address>0x862a3</run_address>
         <size>0x10</size>
         <input_file_ref idref="fl-11"/>
      </object_component>
      <object_component id="oc-271">
         <name>.text:CAN_isBaseValid</name>
         <load_address>0x862b3</load_address>
         <run_address>0x862b3</run_address>
         <size>0x10</size>
         <input_file_ref idref="fl-2"/>
      </object_component>
      <object_component id="oc-2bc">
         <name>.text:Flash_isCtrlBaseValid</name>
         <load_address>0x862c3</load_address>
         <run_address>0x862c3</run_address>
         <size>0x10</size>
         <input_file_ref idref="fl-16"/>
      </object_component>
      <object_component id="oc-2c3">
         <name>.text:Flash_isECCBaseValid</name>
         <load_address>0x862d3</load_address>
         <run_address>0x862d3</run_address>
         <size>0x10</size>
         <input_file_ref idref="fl-16"/>
      </object_component>
      <object_component id="oc-6ab">
         <name>.text</name>
         <load_address>0x862e3</load_address>
         <run_address>0x862e3</run_address>
         <size>0x10</size>
         <input_file_ref idref="fl-49"/>
      </object_component>
      <object_component id="oc-100">
         <name>.text:Interrupt_register</name>
         <load_address>0x862f3</load_address>
         <run_address>0x862f3</run_address>
         <size>0xf</size>
         <input_file_ref idref="fl-3"/>
      </object_component>
      <object_component id="oc-ac">
         <name>.text:Interrupt_register</name>
         <load_address>0x86302</load_address>
         <run_address>0x86302</run_address>
         <size>0xf</size>
         <input_file_ref idref="fl-2"/>
      </object_component>
      <object_component id="oc-7f0">
         <name>.text</name>
         <load_address>0x86311</load_address>
         <run_address>0x86311</run_address>
         <size>0xe</size>
         <input_file_ref idref="fl-3b"/>
      </object_component>
      <object_component id="oc-1c8">
         <name>.text:Interrupt_disableGlobal</name>
         <load_address>0x8631f</load_address>
         <run_address>0x8631f</run_address>
         <size>0xd</size>
         <input_file_ref idref="fl-18"/>
      </object_component>
      <object_component id="oc-213">
         <name>.text:Interrupt_enableGlobal</name>
         <load_address>0x8632c</load_address>
         <run_address>0x8632c</run_address>
         <size>0xd</size>
         <input_file_ref idref="fl-18"/>
      </object_component>
      <object_component id="oc-19b">
         <name>.text:SysCtl_setLowSpeedClock</name>
         <load_address>0x86339</load_address>
         <run_address>0x86339</run_address>
         <size>0xd</size>
         <input_file_ref idref="fl-4"/>
      </object_component>
      <object_component id="oc-70">
         <name>.text:decompress:ZI:__TI_zero_init_nomemset</name>
         <load_address>0x86346</load_address>
         <run_address>0x86346</run_address>
         <size>0xd</size>
         <input_file_ref idref="fl-2c"/>
      </object_component>
      <object_component id="oc-367">
         <name>.text:SysCtl_enableExtADCSOCSource</name>
         <load_address>0x86353</load_address>
         <run_address>0x86353</run_address>
         <size>0xc</size>
         <input_file_ref idref="fl-3"/>
      </object_component>
      <object_component id="oc-29c">
         <name>.text</name>
         <load_address>0x8635f</load_address>
         <run_address>0x8635f</run_address>
         <size>0xc</size>
         <input_file_ref idref="fl-31"/>
      </object_component>
      <object_component id="oc-80b">
         <name>.text</name>
         <load_address>0x8636b</load_address>
         <run_address>0x8636b</run_address>
         <size>0xc</size>
         <input_file_ref idref="fl-4a"/>
      </object_component>
      <object_component id="oc-183">
         <name>.text:SysCtl_disableWatchdog</name>
         <load_address>0x86377</load_address>
         <run_address>0x86377</run_address>
         <size>0xb</size>
         <input_file_ref idref="fl-4"/>
      </object_component>
      <object_component id="oc-2fc">
         <name>.text:SysCtl_isMCDClockFailureDetected</name>
         <load_address>0x86382</load_address>
         <run_address>0x86382</run_address>
         <size>0xb</size>
         <input_file_ref idref="fl-1a"/>
      </object_component>
      <object_component id="oc-6c8">
         <name>.text</name>
         <load_address>0x8638d</load_address>
         <run_address>0x8638d</run_address>
         <size>0xb</size>
         <input_file_ref idref="fl-36"/>
      </object_component>
      <object_component id="oc-59">
         <name>.text:Interrupt_illegalOperationHandler</name>
         <load_address>0x86398</load_address>
         <run_address>0x86398</run_address>
         <size>0xa</size>
         <input_file_ref idref="fl-18"/>
      </object_component>
      <object_component id="oc-5f">
         <name>.text:Interrupt_nmiHandler</name>
         <load_address>0x863a2</load_address>
         <run_address>0x863a2</run_address>
         <size>0xa</size>
         <input_file_ref idref="fl-18"/>
      </object_component>
      <object_component id="oc-1db">
         <name>.text:SYNC_init</name>
         <load_address>0x863ac</load_address>
         <run_address>0x863ac</run_address>
         <size>0xa</size>
         <input_file_ref idref="fl-3"/>
      </object_component>
      <object_component id="oc-6f6">
         <name>.text</name>
         <load_address>0x863b6</load_address>
         <run_address>0x863b6</run_address>
         <size>0x9</size>
         <input_file_ref idref="fl-30"/>
      </object_component>
      <object_component id="oc-7d1">
         <name>.text</name>
         <load_address>0x863bf</load_address>
         <run_address>0x863bf</run_address>
         <size>0x9</size>
         <input_file_ref idref="fl-3a"/>
      </object_component>
      <object_component id="oc-17">
         <name>.text:decompress:none</name>
         <load_address>0x863c8</load_address>
         <run_address>0x863c8</run_address>
         <size>0x8</size>
         <input_file_ref idref="fl-2d"/>
      </object_component>
      <object_component id="oc-7c">
         <name>.text</name>
         <load_address>0x863d0</load_address>
         <run_address>0x863d0</run_address>
         <size>0x8</size>
         <input_file_ref idref="fl-7"/>
      </object_component>
      <object_component id="oc-69f">
         <name>.text</name>
         <load_address>0x863d8</load_address>
         <run_address>0x863d8</run_address>
         <size>0x8</size>
         <input_file_ref idref="fl-4c"/>
      </object_component>
      <object_component id="oc-36e">
         <name>.text:ASysCtl_disableTemperatureSensor</name>
         <load_address>0x863e0</load_address>
[...]
      <symbol id="sm-53c">
         <name>GPIO_init</name>
         <value>0x85ff7</value>
         <object_component_ref idref="oc-205"/>
      </symbol>
      <symbol id="sm-53d">
         <name>SYSCTL_init</name>
         <value>0x83000</value>
         <object_component_ref idref="oc-1d5"/>
      </symbol>
      <symbol id="sm-53e">
         <name>ADC_init</name>
         <value>0x83ffd</value>
         <object_component_ref idref="oc-1e7"/>
      </symbol>
      <symbol id="sm-53f">
         <name>CAN_init</name>
         <value>0x86420</value>
         <object_component_ref idref="oc-1ed"/>
      </symbol>
      <symbol id="sm-540">
         <name>myADC0_init</name>
         <value>0x84ac0</value>
         <object_component_ref idref="oc-37b"/>
      </symbol>
      <symbol id="sm-541">
         <name>SYNC_init</name>
         <value>0x863ac</value>
         <object_component_ref idref="oc-1db"/>
      </symbol>
      <symbol id="sm-542">
         <name>myCAN0_init</name>
         <value>0x83928</value>
         <object_component_ref idref="oc-382"/>
      </symbol>
      <symbol id="sm-543">
         <name>myGPIO_trig_init</name>
         <value>0x860c8</value>
         <object_component_ref idref="oc-41c"/>
      </symbol>
      <symbol id="sm-544">
         <name>EPWM_init</name>
         <value>0x8370e</value>
         <object_component_ref idref="oc-1ff"/>
      </symbol>
      <symbol id="sm-545">
         <name>myLED05_init</name>
         <value>0x860f0</value>
         <object_component_ref idref="oc-410"/>
      </symbol>
      <symbol id="sm-546">
         <name>myLED04_init</name>
         <value>0x860dc</value>
         <object_component_ref idref="oc-416"/>
      </symbol>
      <symbol id="sm-547">
         <name>mySCI0_init</name>
         <value>0x852a0</value>
         <object_component_ref idref="oc-429"/>
      </symbol>
      <symbol id="sm-548">
         <name>myECAP0_init</name>
         <value>0x83c48</value>
         <object_component_ref idref="oc-396"/>
      </symbol>
      <symbol id="sm-549">
         <name>CPUTIMER_init</name>
         <value>0x86416</value>
         <object_component_ref idref="oc-1f3"/>
      </symbol>
      <symbol id="sm-54a">
         <name>ASYSCTL_init</name>
         <value>0x8640a</value>
         <object_component_ref idref="oc-1e1"/>
      </symbol>
      <symbol id="sm-54b">
         <name>myCPUTIMER1_init</name>
         <value>0x855d8</value>
         <object_component_ref idref="oc-38f"/>
      </symbol>
      <symbol id="sm-54c">
         <name>myCPUTIMER0_init</name>
         <value>0x855b3</value>
         <object_component_ref idref="oc-389"/>
      </symbol>
      <symbol id="sm-59c">
         <name>Device_init</name>
         <value>0x84c29</value>
         <object_component_ref idref="oc-9a"/>
      </symbol>
      <symbol id="sm-59d">
         <name>__error__</name>
         <value>0x863fc</value>
         <object_component_ref idref="oc-17b"/>
      </symbol>
      <symbol id="sm-5b1">
         <name>generic_flash_lnk_init</name>
         <value>0x82fff</value>
         <object_component_ref idref="oc-2b4"/>
      </symbol>
      <symbol id="sm-5b2">
         <name>CMD_init</name>
         <value>0x86423</value>
         <object_component_ref idref="oc-189"/>
      </symbol>
      <symbol id="sm-5c2">
         <name>code_start</name>
         <value>0x80000</value>
         <object_component_ref idref="oc-1e"/>
      </symbol>
      <symbol id="sm-5e9">
         <name>ADC_setOffsetTrimAll</name>
         <value>0x8547f</value>
         <object_component_ref idref="oc-729"/>
      </symbol>
      <symbol id="sm-5ea">
         <name>ADC_setVREF</name>
         <value>0x854cf</value>
         <object_component_ref idref="oc-517"/>
      </symbol>
      <symbol id="sm-675">
         <name>CAN_sendMessage</name>
         <value>0x83d3a</value>
         <object_component_ref idref="oc-f1"/>
      </symbol>
      <symbol id="sm-676">
         <name>CAN_setBitTiming</name>
         <value>0x83f47</value>
         <object_component_ref idref="oc-56c"/>
      </symbol>
      <symbol id="sm-677">
         <name>CAN_clearInterruptStatus</name>
         <value>0x84d14</value>
         <object_component_ref idref="oc-127"/>
      </symbol>
      <symbol id="sm-678">
         <name>CAN_setupMessageObject</name>
         <value>0x83633</value>
         <object_component_ref idref="oc-57e"/>
      </symbol>
      <symbol id="sm-679">
         <name>CAN_initModule</name>
         <value>0x859e9</value>
         <object_component_ref idref="oc-566"/>
      </symbol>
      <symbol id="sm-67a">
         <name>CAN_readMessage</name>
         <value>0x83e16</value>
         <object_component_ref idref="oc-121"/>
      </symbol>
      <symbol id="sm-694">
         <name>CPUTimer_setEmulationMode</name>
         <value>0x8612a</value>
         <object_component_ref idref="oc-591"/>
      </symbol>
      <symbol id="sm-6af">
         <name>ECAP_setEmulationMode</name>
         <value>0x85889</value>
         <object_component_ref idref="oc-617"/>
      </symbol>
      <symbol id="sm-6ca">
         <name>EPWM_setEmulationMode</name>
         <value>0x85e40</value>
         <object_component_ref idref="oc-39d"/>
      </symbol>
      <symbol id="sm-73a">
         <name>Flash_initModule</name>
         <value>0x81000</value>
         <object_component_ref idref="oc-18f"/>
      </symbol>
      <symbol id="sm-78a">
         <name>GPIO_setQualificationMode</name>
         <value>0x850e0</value>
         <object_component_ref idref="oc-335"/>
      </symbol>
      <symbol id="sm-78b">
         <name>GPIO_setPadConfig</name>
         <value>0x83fab</value>
         <object_component_ref idref="oc-32f"/>
      </symbol>
      <symbol id="sm-78c">
         <name>GPIO_setAnalogMode</name>
         <value>0x83dac</value>
         <object_component_ref idref="oc-1c0"/>
      </symbol>
      <symbol id="sm-78d">
         <name>GPIO_setDirectionMode</name>
         <value>0x85180</value>
         <object_component_ref idref="oc-65d"/>
      </symbol>
      <symbol id="sm-78e">
         <name>GPIO_setPinConfig</name>
         <value>0x850a9</value>
         <object_component_ref idref="oc-329"/>
      </symbol>
      <symbol id="sm-78f">
         <name>GPIO_setControllerCore</name>
         <value>0x85072</value>
         <object_component_ref idref="oc-663"/>
      </symbol>
      <symbol id="sm-808">
         <name>Interrupt_defaultHandler</name>
         <value>0x85e6c</value>
         <object_component_ref idref="oc-4d"/>
      </symbol>
      <symbol id="sm-809">
         <name>Interrupt_disable</name>
         <value>0x84c79</value>
         <object_component_ref idref="oc-106"/>
      </symbol>
      <symbol id="sm-80a">
         <name>Interrupt_initModule</name>
         <value>0x84faa</value>
         <object_component_ref idref="oc-a0"/>
      </symbol>
      <symbol id="sm-80b">
         <name>Interrupt_nmiHandler</name>
         <value>0x863a2</value>
         <object_component_ref idref="oc-5f"/>
      </symbol>
      <symbol id="sm-80c">
         <name>Interrupt_enable</name>
         <value>0x85117</value>
         <object_component_ref idref="oc-b2"/>
      </symbol>
      <symbol id="sm-80d">
         <name>Interrupt_initVectorTable</name>
         <value>0x858e3</value>
         <object_component_ref idref="oc-53"/>
      </symbol>
      <symbol id="sm-80e">
         <name>Interrupt_illegalOperationHandler</name>
         <value>0x86398</value>
         <object_component_ref idref="oc-59"/>
      </symbol>
      <symbol id="sm-87f">
         <name>SCI_clearInterruptStatus</name>
         <value>0x84de6</value>
         <object_component_ref idref="oc-66d"/>
      </symbol>
      <symbol id="sm-880">
         <name>SCI_writeCharArray</name>
         <value>0x84e70</value>
         <object_component_ref idref="oc-dd"/>
      </symbol>
      <symbol id="sm-881">
         <name>SCI_setConfig</name>
         <value>0x84f2f</value>
         <object_component_ref idref="oc-685"/>
      </symbol>
      <symbol id="sm-99f">
         <name>SysCtl_isPLLValid</name>
         <value>0x83535</value>
         <object_component_ref idref="oc-30e"/>
      </symbol>
      <symbol id="sm-9a0">
         <name>SysCtl_delay</name>
         <value>0x8112a</value>
         <object_component_ref idref="oc-224"/>
      </symbol>
      <symbol id="sm-9a1">
         <name>SysCtl_selectXTALSingleEnded</name>
         <value>0x8558e</value>
         <object_component_ref idref="oc-4b1"/>
      </symbol>
      <symbol id="sm-9a2">
         <name>SysCtl_selectXTAL</name>
         <value>0x84da0</value>
         <object_component_ref idref="oc-4ab"/>
      </symbol>
      <symbol id="sm-9a3">
         <name>SysCtl_selectOscSource</name>
         <value>0x84cc7</value>
         <object_component_ref idref="oc-302"/>
      </symbol>
      <symbol id="sm-9a4">
         <name>SysCtl_getLowSpeedClock</name>
         <value>0x85bb5</value>
         <object_component_ref idref="oc-1b4"/>
      </symbol>
      <symbol id="sm-9a5">
         <name>SysCtl_setClock</name>
         <value>0x82e96</value>
         <object_component_ref idref="oc-195"/>
      </symbol>
      <symbol id="sm-9a6">
         <name>SysCtl_getClock</name>
         <value>0x83ee2</value>
         <object_component_ref idref="oc-1ad"/>
      </symbol>
      <symbol id="sm-9a7">
         <name>SysCtl_configureType</name>
         <value>0x85569</value>
         <object_component_ref idref="oc-342"/>
      </symbol>
      <symbol id="sm-9b6">
         <name>sprintf</name>
         <value>0x8514e</value>
         <object_component_ref idref="oc-d7"/>
      </symbol>
      <symbol id="sm-9c0">
         <name>_c_int00</name>
         <value>0x85dd1</value>
         <object_component_ref idref="oc-15e"/>
      </symbol>
      <symbol id="sm-9c1">
         <name>__stack</name>
         <value>0x400</value>
         <object_component_ref idref="oc-65"/>
      </symbol>
      <symbol id="sm-9ce">
         <name>__c28xabi_divf</name>
         <value>0x83a3e</value>
         <object_component_ref idref="oc-e9"/>
      </symbol>
      <symbol id="sm-9e0">
         <name>memcpy</name>
         <value>0x859b0</value>
         <object_component_ref idref="oc-68"/>
      </symbol>
      <symbol id="sm-9ed">
         <name>_system_pre_init</name>
         <value>0x8642c</value>
         <object_component_ref idref="oc-295"/>
      </symbol>
      <symbol id="sm-9fc">
         <name>__TI_auto_init_nobinit_nopinit</name>
         <value>0x853d7</value>
         <object_component_ref idref="oc-45e"/>
      </symbol>
      <symbol id="sm-a0b">
         <name>__TI_zero_init_nomemset</name>
         <value>0x86346</value>
         <object_component_ref idref="oc-70"/>
      </symbol>
      <symbol id="sm-a18">
         <name>__TI_decompress_none</name>
         <value>0x863c8</value>
         <object_component_ref idref="oc-17"/>
      </symbol>
      <symbol id="sm-a2c">
         <name>__TI_decompress_lzss</name>
         <value>0x852fd</value>
         <object_component_ref idref="oc-11"/>
      </symbol>
      <symbol id="sm-a42">
         <name>C$$EXIT</name>
         <value>0x85456</value>
         <object_component_ref idref="oc-2a2"/>
      </symbol>
      <symbol id="sm-a43">
         <name>abort</name>
         <value>0x85456</value>
         <object_component_ref idref="oc-2a2"/>
      </symbol>
      <symbol id="sm-a44">
         <name>exit</name>
         <value>0x85458</value>
         <object_component_ref idref="oc-2a2"/>
      </symbol>
      <symbol id="sm-a45">
         <name>__TI_dtors_ptr</name>
         <value>0xa814</value>
         <object_component_ref idref="oc-490"/>
      </symbol>
      <symbol id="sm-a46">
         <name>__TI_cleanup_ptr</name>
         <value>0xa812</value>
         <object_component_ref idref="oc-490"/>
      </symbol>
      <symbol id="sm-a47">
         <name>__TI_enable_exit_profile_output</name>
         <value>0xa810</value>
         <object_component_ref idref="oc-490"/>
      </symbol>
      <symbol id="sm-a5e">
         <name>_nop</name>
         <value>0x863be</value>
         <object_component_ref idref="oc-6f6"/>
      </symbol>
      <symbol id="sm-a5f">
         <name>_lock</name>
         <value>0xa816</value>
         <object_component_ref idref="oc-493"/>
      </symbol>
      <symbol id="sm-a60">
         <name>_unlock</name>
         <value>0xa818</value>
         <object_component_ref idref="oc-819"/>
      </symbol>
      <symbol id="sm-a61">
         <name>_register_lock</name>
         <value>0x863ba</value>
         <object_component_ref idref="oc-6f6"/>
      </symbol>
      <symbol id="sm-a62">
         <name>_register_unlock</name>
         <value>0x863b6</value>
         <object_component_ref idref="oc-6f6"/>
      </symbol>
      <symbol id="sm-a71">
         <name>_args_main</name>
         <value>0x8635f</value>
         <object_component_ref idref="oc-29c"/>
      </symbol>
      <symbol id="sm-a80">
         <name>memset</name>
         <value>0x86403</value>
         <object_component_ref idref="oc-157"/>
      </symbol>
      <symbol id="sm-be8">
         <name>__TI_printfi</name>
         <value>0x82b51</value>
         <object_component_ref idref="oc-43e"/>
      </symbol>
      <symbol id="sm-bff">
         <name>frexpl</name>
         <value>0x84b78</value>
         <object_component_ref idref="oc-7fa"/>
      </symbol>
      <symbol id="sm-c00">
         <name>frexp</name>
         <value>0x84b78</value>
         <object_component_ref idref="oc-7fa"/>
      </symbol>
      <symbol id="sm-c22">
         <name>scalbn</name>
         <value>0x837e3</value>
         <object_component_ref idref="oc-800"/>
      </symbol>
      <symbol id="sm-c23">
         <name>scalbnl</name>
         <value>0x837e3</value>
         <object_component_ref idref="oc-800"/>
      </symbol>
      <symbol id="sm-c24">
         <name>ldexpl</name>
         <value>0x837e3</value>
         <object_component_ref idref="oc-800"/>
      </symbol>
      <symbol id="sm-c25">
         <name>ldexp</name>
         <value>0x837e3</value>
         <object_component_ref idref="oc-800"/>
      </symbol>
      <symbol id="sm-c34">
         <name>wcslen</name>
         <value>0x8638d</value>
         <object_component_ref idref="oc-6c8"/>
      </symbol>
      <symbol id="sm-c4b">
         <name>__c28xabi_addd</name>
         <value>0x8388c</value>
         <object_component_ref idref="oc-85b"/>
      </symbol>
      <symbol id="sm-c57">
         <name>__c28xabi_cmpd</name>
         <value>0x85402</value>
         <object_component_ref idref="oc-7cc"/>
      </symbol>
      <symbol id="sm-c65">
         <name>__c28xabi_mpyd</name>
         <value>0x83ac6</value>
         <object_component_ref idref="oc-7db"/>
      </symbol>
      <symbol id="sm-c6e">
         <name>__c28xabi_negd</name>
         <value>0x863bf</value>
         <object_component_ref idref="oc-7d1"/>
      </symbol>
      <symbol id="sm-c76">
         <name>__c28xabi_subd</name>
         <value>0x86311</value>
         <object_component_ref idref="oc-7f0"/>
      </symbol>
      <symbol id="sm-c81">
         <name>__c28xabi_dtoi</name>
         <value>0x85712</value>
         <object_component_ref idref="oc-7f5"/>
      </symbol>
      <symbol id="sm-c8c">
         <name>__c28xabi_dtol</name>
         <value>0x8582e</value>
         <object_component_ref idref="oc-7e0"/>
      </symbol>
      <symbol id="sm-c94">
         <name>__c28xabi_orll</name>
         <value>0x85c7f</value>
         <object_component_ref idref="oc-6c3"/>
      </symbol>
      <symbol id="sm-c95">
         <name>__c28xabi_xorll</name>
         <value>0x85c87</value>
         <object_component_ref idref="oc-6c3"/>
      </symbol>
      <symbol id="sm-c96">
         <name>__c28xabi_andll</name>
         <value>0x85c77</value>
         <object_component_ref idref="oc-6c3"/>
      </symbol>
      <symbol id="sm-ca0">
         <name>__c28xabi_cmpll</name>
         <value>0x85901</value>
         <object_component_ref idref="oc-6b9"/>
      </symbol>
      <symbol id="sm-ca1">
         <name>__c28xabi_cmpull</name>
         <value>0x85913</value>
         <object_component_ref idref="oc-6b9"/>
      </symbol>
      <symbol id="sm-cc8">
         <name>__c28xabi_modull</name>
         <value>0x834d3</value>
         <object_component_ref idref="oc-6be"/>
      </symbol>
      <symbol id="sm-cc9">
         <name>__c28xabi_divull</name>
         <value>0x834a4</value>
         <object_component_ref idref="oc-6be"/>
      </symbol>
      <symbol id="sm-cca">
         <name>__c28xabi_divll</name>
         <value>0x8342e</value>
         <object_component_ref idref="oc-6be"/>
      </symbol>
      <symbol id="sm-ccb">
         <name>__c28xabi_modll</name>
         <value>0x8346a</value>
         <object_component_ref idref="oc-6be"/>
      </symbol>
      <symbol id="sm-cd7">
         <name>__c28xabi_itod</name>
         <value>0x85993</value>
         <object_component_ref idref="oc-806"/>
      </symbol>
      <symbol id="sm-ce3">
         <name>__c28xabi_ltod</name>
         <value>0x85a75</value>
         <object_component_ref idref="oc-7eb"/>
      </symbol>
      <symbol id="sm-cf6">
         <name>__c28xabi_divd</name>
         <value>0x839b3</value>
         <object_component_ref idref="oc-7d6"/>
      </symbol>
      <symbol id="sm-d04">
         <name>_system_post_cinit</name>
         <value>0x8642e</value>
         <object_component_ref idref="oc-6dc"/>
      </symbol>
      <symbol id="sm-d13">
         <name>__TI_ltoa</name>
         <value>0x85212</value>
         <object_component_ref idref="oc-7e5"/>
      </symbol>
      <symbol id="sm-d28">
         <name>atoi</name>
         <value>0x851b1</value>
         <object_component_ref idref="oc-6b3"/>
      </symbol>
      <symbol id="sm-d33">
         <name>_ctypes_</name>
         <value>0x843d2</value>
         <object_component_ref idref="oc-7be"/>
      </symbol>
      <symbol id="sm-d43">
         <name>memccpy</name>
         <value>0x862e3</value>
         <object_component_ref idref="oc-6ab"/>
      </symbol>
      <symbol id="sm-d53">
         <name>strchr</name>
         <value>0x8636b</value>
         <object_component_ref idref="oc-80b"/>
      </symbol>
      <symbol id="sm-d61">
         <name>strcpy</name>
         <value>0x8641b</value>
         <object_component_ref idref="oc-6a5"/>
      </symbol>
      <symbol id="sm-d6f">
         <name>strlen</name>
         <value>0x863d8</value>
         <object_component_ref idref="oc-69f"/>
      </symbol>
      <symbol id="sm-d7a">
         <name>errno</name>
         <value>0xa81a</value>
         <object_component_ref idref="oc-6ce"/>
      </symbol>
      <symbol id="sm-d88">
         <name>copysign</name>
         <value>0x85645</value>
         <object_component_ref idref="oc-86a"/>
      </symbol>
      <symbol id="sm-d89">
         <name>copysignl</name>
         <value>0x85645</value>
         <object_component_ref idref="oc-86a"/>
      </symbol>
      <symbol id="sm-d91">
         <name>__c28xabi_divul</name>
         <value>0x85449</value>
         <object_component_ref idref="oc-853"/>
      </symbol>
      <symbol id="sm-d92">
         <name>__c28xabi_modul</name>
         <value>0x85450</value>
         <object_component_ref idref="oc-853"/>
      </symbol>
      <symbol id="sm-d93">
         <name>__c28xabi_modl</name>
         <value>0x8543b</value>
         <object_component_ref idref="oc-853"/>
      </symbol>
      <symbol id="sm-d94">
         <name>__c28xabi_divl</name>
         <value>0x8542c</value>
         <object_component_ref idref="oc-853"/>
      </symbol>
      <symbol id="sm-d96">
         <name>__c_args__</name>
         <value>0x0</value>
      </symbol>
   </symbol_table>
   <title>Link successful</title>
</link_info>
