******************************************************************************
             TMS320C2000 Linker PC v22.6.2                     
******************************************************************************
>> Linked Wed Oct 29 16:24:48 2025

OUTPUT FILE NAME:   <gpio_ex2_toggle.out>
ENTRY POINT SYMBOL: "code_start"  address: 00000000


MEMORY CONFIGURATION

         name            origin    length      used     unused   attr    fill
----------------------  --------  ---------  --------  --------  ----  --------
  RAMM0_BEGIN           00000000   00000002  00000002  00000000  RWIX
  RAMM0                 00000128   000002d8  00000014  000002c4  RWIX
  RAMM1                 00000400   000003f8  00000200  000001f8  RWIX
  CLATOCPU_MSGRAM       00001480   00000080  00000000  00000080  RWIX
  CPUTOCLA_MSGRAM       00001500   00000080  00000000  00000080  RWIX
  CLATODMA_MSGRAM       00001680   00000080  00000000  00000080  RWIX
  DMATOCLA_MSGRAM       00001700   00000080  00000000  00000080  RWIX
  RAMLS0                00008000   00000800  00000000  00000800  RWIX
  RAMLS1                00008800   00000800  00000000  00000800  RWIX
  RAMLS2                00009000   00000800  00000000  00000800  RWIX
  RAMLS3                00009800   00000800  00000000  00000800  RWIX
  RAMLS4                0000a000   00000800  0000052f  000002d1  RWIX
  RAMLS5                0000a800   00000800  00000000  00000800  RWIX
  RAMLS6                0000b000   00000800  00000000  00000800  RWIX
  RAMLS7                0000b800   00000800  00000000  00000800  RWIX
  RAMGS0                0000c000   00001000  00001000  00000000  RWIX
  RAMGS1                0000d000   00001000  00000000  00001000  RWIX
  RAMGS2                0000e000   00001000  00000000  00001000  RWIX
  RAMGS3                0000f000   00000ff8  00000000  00000ff8  RWIX
  FLASH_BANK0_SEC0      00080000   00001000  00000000  00001000  RWIX
  FLASH_BANK0_SEC1      00081000   00001000  00000000  00001000  RWIX
  FLASH_BANK0_SEC2      00082000   00001000  00000000  00001000  RWIX
  FLASH_BANK0_SEC3      00083000   00001000  00000000  00001000  RWIX
  FLASH_BANK0_SEC4      00084000   00001000  00000000  00001000  RWIX
  FLASH_BANK0_SEC5      00085000   00001000  00000000  00001000  RWIX
  FLASH_BANK0_SEC6      00086000   00001000  00000000  00001000  RWIX
  FLASH_BANK0_SEC7      00087000   00001000  00000000  00001000  RWIX
  FLASH_BANK0_SEC8      00088000   00001000  00000000  00001000  RWIX
  FLASH_BANK0_SEC9      00089000   00001000  00000000  00001000  RWIX
  FLASH_BANK0_SEC10     0008a000   00001000  00000000  00001000  RWIX
  FLASH_BANK0_SEC11     0008b000   00001000  00000000  00001000  RWIX
  FLASH_BANK0_SEC12     0008c000   00001000  00000000  00001000  RWIX
  FLASH_BANK0_SEC13     0008d000   00001000  00000000  00001000  RWIX
  FLASH_BANK0_SEC14     0008e000   00001000  00000000  00001000  RWIX
  FLASH_BANK0_SEC15     0008f000   00001000  00000000  00001000  RWIX
  FLASH_BANK1_SEC0      00090000   00001000  00000000  00001000  RWIX
  FLASH_BANK1_SEC1      00091000   00001000  00000000  00001000  RWIX
  FLASH_BANK1_SEC2      00092000   00001000  00000000  00001000  RWIX
  FLASH_BANK1_SEC3      00093000   00001000  00000000  00001000  RWIX
  FLASH_BANK1_SEC4      00094000   00001000  00000000  00001000  RWIX
  FLASH_BANK1_SEC5      00095000   00001000  00000000  00001000  RWIX
  FLASH_BANK1_SEC6      00096000   00001000  00000000  00001000  RWIX
  FLASH_BANK1_SEC7      00097000   00001000  00000000  00001000  RWIX
  FLASH_BANK1_SEC8      00098000   00001000  00000000  00001000  RWIX
  FLASH_BANK1_SEC9      00099000   00001000  00000000  00001000  RWIX
  FLASH_BANK1_SEC10     0009a000   00001000  00000000  00001000  RWIX
  FLASH_BANK1_SEC11     0009b000   00001000  00000000  00001000  RWIX
  FLASH_BANK1_SEC12     0009c000   00001000  00000000  00001000  RWIX
  FLASH_BANK1_SEC13     0009d000   00001000  00000000  00001000  RWIX
  FLASH_BANK1_SEC14     0009e000   00001000  00000000  00001000  RWIX
  FLASH_BANK1_SEC15     0009f000   00001000  00000000  00001000  RWIX
  FLASH_BANK2_SEC0      000a0000   00001000  00000000  00001000  RWIX
  FLASH_BANK2_SEC1      000a1000   00001000  00000000  00001000  RWIX
  FLASH_BANK2_SEC2      000a2000   00001000  00000000  00001000  RWIX
  FLASH_BANK2_SEC3      000a3000   00001000  00000000  00001000  RWIX
  FLASH_BANK2_SEC4      000a4000   00001000  00000000  00001000  RWIX
  FLASH_BANK2_SEC5      000a5000   00001000  00000000  00001000  RWIX
  FLASH_BANK2_SEC6      000a6000   00001000  00000000  00001000  RWIX
  FLASH_BANK2_SEC7      000a7000   00001000  00000000  00001000  RWIX
  FLASH_BANK2_SEC8      000a8000   00001000  00000000  00001000  RWIX
  FLASH_BANK2_SEC9      000a9000   00001000  00000000  00001000  RWIX
  FLASH_BANK2_SEC10     000aa000   00001000  00000000  00001000  RWIX
  FLASH_BANK2_SEC11     000ab000   00001000  00000000  00001000  RWIX
  FLASH_BANK2_SEC12     000ac000   00001000  00000000  00001000  RWIX
  FLASH_BANK2_SEC13     000ad000   00001000  00000000  00001000  RWIX
  FLASH_BANK2_SEC14     000ae000   00001000  00000000  00001000  RWIX
  FLASH_BANK2_SEC15     000af000   00000ff0  00000000  00000ff0  RWIX
  RESET                 003fffc0   00000002  00000000  00000002  RWIX


SECTION ALLOCATION MAP

 output                                  attributes/
section   page    origin      length       input sections
--------  ----  ----------  ----------   ----------------
.reset     0    003fffc0    00000000     DSECT

codestart 
*          0    00000000    00000002     
                  00000000    00000002     f28003x_codestartbranch.obj (codestart)

.TI.ramfunc 
*          0    00000128    00000004     
                  00000128    00000004     driverlib.lib : sysctl.obj (.TI.ramfunc)

.cinit     0    0000012c    00000010     
                  0000012c    00000008     (.cinit..data.load) [load image, compression = lzss]
                  00000134    00000004     (__TI_handler_table)
                  00000138    00000004     (__TI_cinit_table)

.stack     0    00000400    00000200     UNINITIALIZED
                  00000400    00000200     --HOLE--

.init_array 
*          0    00000128    00000000     UNINITIALIZED

.const     0    0000a000    00000388     
                  0000a000    0000009a     device.obj (.const:.string)
                  0000a09a    0000009a     driverlib.lib : sysctl.obj (.const:.string)
                  0000a134    00000098                   : gpio.obj (.const:.string)
                  0000a1cc    0000008e     board.obj (.const:.string)
                  0000a25a    0000008c     gpio_ex2_toggle.obj (.const:.string)
                  0000a2e6    00000051     driverlib.lib : interrupt.obj (.const:.string)
                  0000a337    00000001     --HOLE-- [fill = 0]
                  0000a338    00000050                   : cputimer.obj (.const:.string)

.data      0    0000a388    0000000a     UNINITIALIZED
                  0000a388    00000006     rts2800_fpu32_eabi.lib : exit.c.obj (.data)
                  0000a38e    00000002                            : _lock.c.obj (.data:_lock)
                  0000a390    00000002                            : _lock.c.obj (.data:_unlock)

.text.1    0    0000a392    0000019d     
                  0000a392    00000014     board.obj (.text:SysCtl_selectErrPinPolarity)
                  0000a3a6    00000014     board.obj (.text:SysCtl_setPeripheralAccessControl)
                  0000a3ba    00000014     board.obj (.text:myGPIO1_init)
                  0000a3ce    00000013     driverlib.lib : cputimer.obj (.text:CPUTimer_setEmulationMode)
                  0000a3e1    00000013     board.obj (.text:myGPIOOUT0_init)
                  0000a3f4    00000012     gpio_ex2_toggle.obj (.text:CPUTimer_clearOverflowFlag)
                  0000a406    00000012     board.obj (.text:CPUTimer_disableInterrupt)
                  0000a418    00000012     device.obj (.text:SysCtl_setMCANClk)
                  0000a42a    00000011     board.obj (.text:CPUTimer_setPeriod)
                  0000a43b    00000010     device.obj (.text:CAN_isBaseValid)
                  0000a44b    0000000f     board.obj (.text:Interrupt_register)
                  0000a45a    0000000d     board.obj (.text:Board_init)
                  0000a467    0000000d     board.obj (.text:INTERRUPT_init)
                  0000a474    0000000d     driverlib.lib : interrupt.obj (.text:Interrupt_disableGlobal)
                  0000a481    0000000d                   : interrupt.obj (.text:Interrupt_enableGlobal)
                  0000a48e    0000000d     gpio_ex2_toggle.obj (.text:Interrupt_enableGlobal)
                  0000a49b    0000000d     device.obj (.text:SysCtl_setLowSpeedClock)
                  0000a4a8    0000000c     rts2800_fpu32_eabi.lib : args_main.c.obj (.text)
                  0000a4b4    0000000b     board.obj (.text:PinMux_init)
                  0000a4bf    0000000b     device.obj (.text:SysCtl_disableWatchdog)
                  0000a4ca    0000000b     driverlib.lib : sysctl.obj (.text:SysCtl_isMCDClockFailureDetected)
                  0000a4d5    0000000a                   : interrupt.obj (.text:Interrupt_nmiHandler)
                  0000a4df    00000009     rts2800_fpu32_eabi.lib : _lock.c.obj (.text)
                  0000a4e8    00000008                            : copy_decompress_none.c.obj (.text:decompress:none)
                  0000a4f0    00000008     f28003x_codestartbranch.obj (.text)
                  0000a4f8    00000007     device.obj (.text:ASysCtl_lockVREG)
                  0000a4ff    00000007     board.obj (.text:SysCtl_disableMCD)
                  0000a506    00000007     driverlib.lib : sysctl.obj (.text:SysCtl_resetMCD)
                  0000a50d    00000007     device.obj (.text:__error__)
                  0000a514    00000006     gpio_ex2_toggle.obj (.text:Interrupt_clearACKGroup)
                  0000a51a    00000005     board.obj (.text:CPUTIMER_init)
                  0000a51f    00000005     board.obj (.text:GPIO_init)
                  0000a524    00000004     device.obj (.text:SysCtl_deviceCal)
                  0000a528    00000003     device_cmd.obj (.text:CMD_init)
                  0000a52b    00000002     rts2800_fpu32_eabi.lib : pre_init.c.obj (.text)
                  0000a52d    00000001     device_cmd.obj (.text:generic_ram_lnk_init)
                  0000a52e    00000001     rts2800_fpu32_eabi.lib : startup.c.obj (.text)

.text.2    0    0000c000    00001000     
                  0000c000    0000042e     board.obj (.text:SYSCTL_init)
                  0000c42e    00000123     driverlib.lib : sysctl.obj (.text:SysCtl_setClock)
                  0000c551    000000fe                   : sysctl.obj (.text:SysCtl_isPLLValid)
                  0000c64f    00000088     rts2800_fpu32_eabi.lib : fs_div28.asm.obj (.text)
                  0000c6d7    0000007f     driverlib.lib : interrupt.obj (.text:Interrupt_clearIFR)
                  0000c756    00000073                   : sysctl.obj (.text:DCC_setCounterSeeds)
                  0000c7c9    0000006a                   : gpio.obj (.text:GPIO_setAnalogMode)
                  0000c833    00000065                   : sysctl.obj (.text:SysCtl_getClock)
                  0000c898    00000052                   : gpio.obj (.text:GPIO_setPadConfig)
                  0000c8ea    0000004e                   : interrupt.obj (.text:Interrupt_disable)
                  0000c938    0000004d                   : sysctl.obj (.text:SysCtl_selectOscSource)
                  0000c985    00000047     device.obj (.text:Device_init)
                  0000c9cc    00000046     driverlib.lib : sysctl.obj (.text:SysCtl_selectXTAL)
                  0000ca12    00000045                   : sysctl.obj (.text:SysCtl_pollX1Counter)
                  0000ca57    0000003d                   : interrupt.obj (.text:Interrupt_initModule)
                  0000ca94    00000037                   : gpio.obj (.text:GPIO_setControllerCore)
                  0000cacb    00000037                   : gpio.obj (.text:GPIO_setPinConfig)
                  0000cb02    00000037                   : gpio.obj (.text:GPIO_setQualificationMode)
                  0000cb39    00000031                   : gpio.obj (.text:GPIO_setDirectionMode)
                  0000cb6a    00000031     gpio_ex2_toggle.obj (.text:INT_myCPUTIMER1_ISR)
                  0000cb9b    0000002e     rts2800_fpu32_eabi.lib : copy_decompress_lzss.c.obj (.text:decompress:lzss)
                  0000cbc9    0000002b                            : autoinit.c.obj (.text:__TI_auto_init_nobinit_nopinit)
                  0000cbf4    00000029                            : exit.c.obj (.text)
                  0000cc1d    00000027     device.obj (.text:CAN_selectClockSource)
                  0000cc44    00000025     driverlib.lib : sysctl.obj (.text:SysCtl_configureType)
                  0000cc69    00000025                   : sysctl.obj (.text:SysCtl_selectXTALSingleEnded)
                  0000cc8e    00000025     board.obj (.text:myCPUTIMER0_init)
                  0000ccb3    00000024     driverlib.lib : sysctl.obj (.text:DCC_enableSingleShotMode)
                  0000ccd7    00000024     board.obj (.text:myCPUTIMER1_init)
                  0000ccfb    0000001f     gpio_ex2_toggle.obj (.text:CPUTimer_getTimerOverflowStatus)
                  0000cd1a    0000001f     gpio_ex2_toggle.obj (.text:GPIO_togglePin)
                  0000cd39    0000001e     driverlib.lib : sysctl.obj (.text:DCC_setCounter0ClkSource)
                  0000cd57    0000001e                   : sysctl.obj (.text:DCC_setCounter1ClkSource)
                  0000cd75    0000001e                   : interrupt.obj (.text:Interrupt_initVectorTable)
                  0000cd93    0000001d     rts2800_fpu32_eabi.lib : memcpy.c.obj (.text)
                  0000cdb0    0000001b     board.obj (.text:SysCtl_setStandbyQualificationPeriod)
                  0000cdcb    0000001a     board.obj (.text:CPUTimer_startTimer)
                  0000cde5    0000001a     driverlib.lib : sysctl.obj (.text:SysCtl_getLowSpeedClock)
                  0000cdff    00000019                   : sysctl.obj (.text:SysCtl_setPLLSysClk)
                  0000ce18    00000018     board.obj (.text:SysCtl_disablePeripheral)
                  0000ce30    00000018     gpio_ex2_toggle.obj (.text:main)
                  0000ce48    00000017     board.obj (.text:CPUTimer_isBaseValid)
                  0000ce5f    00000017     driverlib.lib : cputimer.obj (.text:CPUTimer_isBaseValid)
                  0000ce76    00000017     gpio_ex2_toggle.obj (.text:CPUTimer_isBaseValid)
                  0000ce8d    00000017     board.obj (.text:CPUTimer_setPreScaler)
                  0000cea4    00000017     board.obj (.text:SysCtl_enablePeripheral)
                  0000cebb    00000017     driverlib.lib : sysctl.obj (.text:SysCtl_enablePeripheral)
                  0000ced2    00000017     rts2800_fpu32_eabi.lib : boot28.asm.obj (.text)
                  0000cee9    00000016     driverlib.lib : sysctl.obj (.text:DCC_disableDoneSignal)
                  0000ceff    00000016                   : interrupt.obj (.text:Interrupt_defaultHandler)
                  0000cf15    00000015     board.obj (.text:CPUTimer_enableInterrupt)
                  0000cf2a    00000015     driverlib.lib : sysctl.obj (.text:DCC_clearDoneFlag)
                  0000cf3f    00000015                   : sysctl.obj (.text:DCC_clearErrorFlag)
                  0000cf54    00000015                   : sysctl.obj (.text:DCC_disableErrorSignal)
                  0000cf69    00000015                   : sysctl.obj (.text:DCC_isBaseValid)
                  0000cf7e    00000014     board.obj (.text:CPUTimer_reloadTimerCounter)
                  0000cf92    00000014     board.obj (.text:CPUTimer_stopTimer)
                  0000cfa6    00000014     driverlib.lib : sysctl.obj (.text:DCC_disableModule)
                  0000cfba    00000014                   : sysctl.obj (.text:DCC_enableModule)
                  0000cfce    00000014                   : gpio.obj (.text:GPIO_isPinValid)
                  0000cfe2    00000014     gpio_ex2_toggle.obj (.text:GPIO_isPinValid)
                  0000cff6    0000000a     driverlib.lib : interrupt.obj (.text:Interrupt_illegalOperationHandler)

MODULE SUMMARY

       Module                        code   ro data   rw data
       ------                        ----   -------   -------
    .\
       gpio_ex2_toggle.obj           215    140       0      
       f28003x_codestartbranch.obj   10     0         0      
    +--+-----------------------------+------+---------+---------+
       Total:                        225    140       0      
                                                             
    .\syscfg\
       board.obj                     1533   142       0      
       device.obj                    186    154       0      
       device_cmd.obj                4      0         0      
    +--+-----------------------------+------+---------+---------+
       Total:                        1723   296       0      
                                                             
    C:/ti/c2000/C2000Ware_5_05_00_00/driverlib/f28003x/driverlib/ccs/Debug/driverlib.lib
       sysctl.obj                    1389   154       0      
       gpio.obj                      422    152       0      
       interrupt.obj                 364    81        0      
       cputimer.obj                  42     80        0      
    +--+-----------------------------+------+---------+---------+
       Total:                        2217   467       0      
                                                             
    C:\ti\ccs1281\ccs\tools\compiler\ti-cgt-c2000_22.6.2.LTS\lib\rts2800_fpu32_eabi.lib
       fs_div28.asm.obj              136    0         0      
       exit.c.obj                    41     0         6      
       copy_decompress_lzss.c.obj    46     0         0      
       autoinit.c.obj                43     0         0      
       memcpy.c.obj                  29     0         0      
       boot28.asm.obj                23     0         0      
       _lock.c.obj                   9      0         4      
       args_main.c.obj               12     0         0      
       copy_decompress_none.c.obj    8      0         0      
       pre_init.c.obj                2      0         0      
       startup.c.obj                 1      0         0      
    +--+-----------------------------+------+---------+---------+
       Total:                        350    0         10     
                                                             
       Stack:                        0      0         512    
       Linker Generated:             0      16        0      
    +--+-----------------------------+------+---------+---------+
       Grand Total:                  4515   919       522    


LINKER GENERATED COPY TABLES

__TI_cinit_table @ 00000138 records: 1, size/record: 4, table size: 4
	.data: load addr=0000012c, load size=00000008 bytes, run addr=0000a388, run size=0000000a bytes, compression=lzss


LINKER GENERATED HANDLER TABLE

__TI_handler_table @ 00000134 records: 2, size/record: 2, table size: 4
	index: 0, handler: __TI_decompress_lzss
	index: 1, handler: __TI_decompress_none


GLOBAL DATA SYMBOLS: SORTED BY DATA PAGE

address     data page           name
--------    ----------------    ----
00000400      10 (00000400)     __stack

0000a388     28e (0000a380)     __TI_enable_exit_profile_output
0000a38a     28e (0000a380)     __TI_cleanup_ptr
0000a38c     28e (0000a380)     __TI_dtors_ptr
0000a38e     28e (0000a380)     _lock
0000a390     28e (0000a380)     _unlock


GLOBAL SYMBOLS: SORTED ALPHABETICALLY BY Name 

page  address   name                             
----  -------   ----                             
0     0000a45a  Board_init                       
0     0000cbf4  C$$EXIT                          
0     0000a528  CMD_init                         
0     0000a51a  CPUTIMER_init                    
0     0000a3ce  CPUTimer_setEmulationMode        
0     0000c985  Device_init                      
0     0000a51f  GPIO_init                        
0     0000c7c9  GPIO_setAnalogMode               
0     0000ca94  GPIO_setControllerCore           
0     0000cb39  GPIO_setDirectionMode            
0     0000c898  GPIO_setPadConfig                
0     0000cacb  GPIO_setPinConfig                
0     0000cb02  GPIO_setQualificationMode        
0     0000a467  INTERRUPT_init                   
0     0000cb6a  INT_myCPUTIMER1_ISR              
0     0000ceff  Interrupt_defaultHandler         
0     0000c8ea  Interrupt_disable                
0     0000cff6  Interrupt_illegalOperationHandler
0     0000ca57  Interrupt_initModule             
0     0000cd75  Interrupt_initVectorTable        
0     0000a4d5  Interrupt_nmiHandler             
0     0000a4b4  PinMux_init                      
0     0000c000  SYSCTL_init                      
0     0000cc44  SysCtl_configureType             
0     00000128  SysCtl_delay                     
0     0000c833  SysCtl_getClock                  
0     0000cde5  SysCtl_getLowSpeedClock          
0     0000c551  SysCtl_isPLLValid                
0     0000c938  SysCtl_selectOscSource           
0     0000c9cc  SysCtl_selectXTAL                
0     0000cc69  SysCtl_selectXTALSingleEnded     
0     0000c42e  SysCtl_setClock                  
0     00000138  __TI_CINIT_Base                  
0     0000013c  __TI_CINIT_Limit                 
0     0000013c  __TI_CINIT_Warm                  
0     00000134  __TI_Handler_Table_Base          
0     00000138  __TI_Handler_Table_Limit         
0     00000600  __TI_STACK_END                   
abs   00000200  __TI_STACK_SIZE                  
0     0000cbc9  __TI_auto_init_nobinit_nopinit   
0     0000a38a  __TI_cleanup_ptr                 
0     0000cb9b  __TI_decompress_lzss             
0     0000a4e8  __TI_decompress_none             
0     0000a38c  __TI_dtors_ptr                   
0     0000a388  __TI_enable_exit_profile_output  
abs   ffffffff  __TI_pprof_out_hndl              
abs   ffffffff  __TI_prof_data_size              
abs   ffffffff  __TI_prof_data_start             
0     0000c64f  __c28xabi_divf                   
n/a   UNDEFED   __c_args__                       
0     0000a50d  __error__                        
0     00000400  __stack                          
0     0000a4a8  _args_main                       
0     0000ced2  _c_int00                         
0     0000a38e  _lock                            
0     0000a4e7  _nop                             
0     0000a4e3  _register_lock                   
0     0000a4df  _register_unlock                 
0     0000a52e  _system_post_cinit               
0     0000a52b  _system_pre_init                 
0     0000a390  _unlock                          
0     0000cbf4  abort                            
0     00000000  code_start                       
0     0000cbf6  exit                             
0     0000a52d  generic_ram_lnk_init             
0     0000ce30  main                             
0     0000cd93  memcpy                           
0     0000cc8e  myCPUTIMER0_init                 
0     0000ccd7  myCPUTIMER1_init                 
0     0000a3ba  myGPIO1_init                     
0     0000a3e1  myGPIOOUT0_init                  


GLOBAL SYMBOLS: SORTED BY Symbol Address 

page  address   name                             
----  -------   ----                             
0     00000000  code_start                       
0     00000128  SysCtl_delay                     
0     00000134  __TI_Handler_Table_Base          
0     00000138  __TI_CINIT_Base                  
0     00000138  __TI_Handler_Table_Limit         
0     0000013c  __TI_CINIT_Limit                 
0     0000013c  __TI_CINIT_Warm                  
0     00000400  __stack                          
0     00000600  __TI_STACK_END                   
0     0000a388  __TI_enable_exit_profile_output  
0     0000a38a  __TI_cleanup_ptr                 
0     0000a38c  __TI_dtors_ptr                   
0     0000a38e  _lock                            
0     0000a390  _unlock                          
0     0000a3ba  myGPIO1_init                     
0     0000a3ce  CPUTimer_setEmulationMode        
0     0000a3e1  myGPIOOUT0_init                  
0     0000a45a  Board_init                       
0     0000a467  INTERRUPT_init                   
0     0000a4a8  _args_main                       
0     0000a4b4  PinMux_init                      
0     0000a4d5  Interrupt_nmiHandler             
0     0000a4df  _register_unlock                 
0     0000a4e3  _register_lock                   
0     0000a4e7  _nop                             
0     0000a4e8  __TI_decompress_none             
0     0000a50d  __error__                        
0     0000a51a  CPUTIMER_init                    
0     0000a51f  GPIO_init                        
0     0000a528  CMD_init                         
0     0000a52b  _system_pre_init                 
0     0000a52d  generic_ram_lnk_init             
0     0000a52e  _system_post_cinit               
0     0000c000  SYSCTL_init                      
0     0000c42e  SysCtl_setClock                  
0     0000c551  SysCtl_isPLLValid                
0     0000c64f  __c28xabi_divf                   
0     0000c7c9  GPIO_setAnalogMode               
0     0000c833  SysCtl_getClock                  
0     0000c898  GPIO_setPadConfig                
0     0000c8ea  Interrupt_disable                
0     0000c938  SysCtl_selectOscSource           
0     0000c985  Device_init                      
0     0000c9cc  SysCtl_selectXTAL                
0     0000ca57  Interrupt_initModule             
0     0000ca94  GPIO_setControllerCore           
0     0000cacb  GPIO_setPinConfig                
0     0000cb02  GPIO_setQualificationMode        
0     0000cb39  GPIO_setDirectionMode            
0     0000cb6a  INT_myCPUTIMER1_ISR              
0     0000cb9b  __TI_decompress_lzss             
0     0000cbc9  __TI_auto_init_nobinit_nopinit   
0     0000cbf4  C$$EXIT                          
0     0000cbf4  abort                            
0     0000cbf6  exit                             
0     0000cc44  SysCtl_configureType             
0     0000cc69  SysCtl_selectXTALSingleEnded     
0     0000cc8e  myCPUTIMER0_init                 
0     0000ccd7  myCPUTIMER1_init                 
0     0000cd75  Interrupt_initVectorTable        
0     0000cd93  memcpy                           
0     0000cde5  SysCtl_getLowSpeedClock          
0     0000ce30  main                             
0     0000ced2  _c_int00                         
0     0000ceff  Interrupt_defaultHandler         
0     0000cff6  Interrupt_illegalOperationHandler
abs   00000200  __TI_STACK_SIZE                  
abs   ffffffff  __TI_pprof_out_hndl              
abs   ffffffff  __TI_prof_data_size              
abs   ffffffff  __TI_prof_data_start             
n/a   UNDEFED   __c_args__                       

[71 symbols]
